<html>
<body>
<pre>
<h1>µVision Build Log</h1>
<h2>Tool Versions:</h2>
IDE-Version: ¦ÌVision V5.24.2.86
Copyright (C) 2017 ARM Ltd and ARM Germany GmbH. All rights reserved.
License Information: ReadAir ReadAir, ReadAir, LIC=585FJ-UJVT8-HLHCL-0R7BV-4RU7D-2EXKP
 
Tool Versions:
Toolchain:       MDK-ARM Plus  Version: 5.25.1.0
Toolchain Path:  D:\Software\KEIL\ARM\ARMCC\Bin
C Compiler:      Armcc.exe V5.06 update 6 (build 750)
Assembler:       Armasm.exe V5.06 update 6 (build 750)
Linker/Locator:  ArmLink.exe V5.06 update 6 (build 750)
Library Manager: ArmAr.exe V5.06 update 6 (build 750)
Hex Converter:   FromElf.exe V5.06 update 6 (build 750)
CPU DLL:         SARMCM3.DLL V5.25.1.0
Dialog DLL:      DCM.DLL V1.17.0.0
Target DLL:      CMSIS_AGDI.dll V1.29.3.0
Dialog DLL:      TCM.DLL V1.34.0.0
 
<h2>Project:</h2>
D:\DATUM\3-Projects\2024\2024.1-CWÊÕ·¢Á·Ï°Æ÷\3-³ÌÐò\CWPT_V0.23_Ë³ÐòÁ·Ï°\CH32F10x.uvprojx
Project File Date:  04/28/2024

<h2>Output:</h2>
*** Using Compiler 'V5.06 update 6 (build 750)', folder: 'D:\Software\KEIL\ARM\ARMCC\Bin'
Build target 'CH32F10x'
compiling ch32f10x_it.c...
compiling system_ch32f10x.c...
compiling ch32f10x_i2c.c...
compiling Main.c...
compiling ch32f10x_crc.c...
compiling ch32f10x_adc.c...
compiling ch32f10x_exti.c...
compiling ch32f10x_bkp.c...
compiling ch32f10x_dac.c...
compiling ch32f10x_misc.c...
compiling ch32f10x_dbgmcu.c...
compiling ch32f10x_gpio.c...
compiling ch32f10x_iwdg.c...
compiling ch32f10x_pwr.c...
compiling ch32f10x_dma.c...
compiling debug.c...
compiling core_cm3.c...
compiling ch32f10x_flash.c...
compiling ch32f10x_can.c...
compiling ch32f10x_rcc.c...
compiling ch32f10x_rtc.c...
compiling ch32f10x_spi.c...
compiling ch32f10x_usart.c...
compiling ch32f10x_usb.c...
compiling ch32f10x_tim.c...
compiling ch32f10x_wwdg.c...
compiling ch32f10x_usb_host.c...
compiling Key.c...
compiling beep.c...
compiling BSP_adc.c...
compiling flash.c...
compiling battery.c...
compiling dac.c...
compiling cw.c...
compiling oled_ui.c...
oled_ui\oled_ui.c(46): warning:  #167-D: argument of type "char *" is incompatible with parameter of type "const u8 *"
  	OLED_ShowString(0,48,GLOBAL_BottomString,16);
oled_ui\oled_ui.c: 1 warning, 0 errors
compiling Oled.c...
compiling Timer.c...
linking...
Program Size: Code=18112 RO-data=7188 RW-data=1424 ZI-data=3920  
FromELF: creating hex file...
After Build - User command #1: fromelf --bin --output ./obj/CWPT.bin ./obj/CW_PocketTrainer.axf
".\obj\CW_PocketTrainer.axf" - 0 Error(s), 1 Warning(s).

<h2>Software Packages used:</h2>

Package Vendor: Keil
                http://www.wch.cn/Keil.WCH32F1xx_DFP.1.0.1.pack
                Keil.WCH32F1xx_DFP.1.0.1
                WCH CH32F1 Series Device Support, Drivers and Examples

<h2>Collection of Component include folders:</h2>
  .\RTE\_CH32F10x
  D:\Software\KEIL\ARM\PACK\Keil\WCH32F1xx_DFP\1.0.1\Device\Include

<h2>Collection of Component Files used:</h2>
Build Time Elapsed:  00:00:02
</pre>
</body>
</html>
