Component: ARM Compiler 5.06 update 7 (build 960) Tool: armlink [4d3601]

==============================================================================

Section Cross References

    main.o(i.HardWare_Init) refers to debug.o(i.Delay_Init) for Delay_Init
    main.o(i.HardWare_Init) refers to ch32f10x_misc.o(i.NVIC_PriorityGroupConfig) for NVIC_PriorityGroupConfig
    main.o(i.HardWare_Init) refers to oled.o(i.OLED_Init) for OLED_Init
    main.o(i.HardWare_Init) refers to bsp_adc.o(i.BSP_ADC_Init) for BSP_ADC_Init
    main.o(i.HardWare_Init) refers to key.o(i.Button_Init) for Button_Init
    main.o(i.HardWare_Init) refers to key.o(i.DKEY_Init) for DKEY_Init
    main.o(i.HardWare_Init) refers to battery.o(i.Battery_TP4056_GPIO_Init) for Battery_TP4056_GPIO_Init
    main.o(i.HardWare_Init) refers to beep.o(i.AmpSD_GPIO_Init) for AmpSD_GPIO_Init
    main.o(i.HardWare_Init) refers to cw.o(i.MorseTree_Init) for MorseTree_Init
    main.o(i.HardWare_Init) refers to timer.o(i.TIM1_TASK_Init) for TIM1_TASK_Init
    main.o(i.HardWare_Init) refers to debug.o(i.delay_ms) for delay_ms
    main.o(i.HardWare_Init) refers to dac.o(i.DAC_MUSIC_Init) for DAC_MUSIC_Init
    main.o(i.HardWare_Init) refers to dac.o(i.EarPhone_WAVE) for EarPhone_WAVE
    main.o(i.HardWare_Init) refers to ffixu.o(x$fpl$ffixu) for __aeabi_f2uiz
    main.o(i.HardWare_Init) refers to rand.o(.text) for srand
    main.o(i.HardWare_Init) refers to main.o(.constdata) for .constdata
    main.o(i.HardWare_Init) refers to timer.o(.data) for VolumeList_index
    main.o(i.HardWare_Init) refers to dac.o(.data) for WAV_DATA3
    main.o(i.HardWare_Init) refers to main.o(.data) for .data
    main.o(i.HardWare_Init) refers to bsp_adc.o(.data) for Battery_Voltage
    main.o(i.main) refers to main.o(i.HardWare_Init) for HardWare_Init
    main.o(i.main) refers to oled.o(i.OLED_Refresh_Gram) for OLED_Refresh_Gram
    main.o(i.main) refers to flash.o(i.BSP_Flash_Read_Info) for BSP_Flash_Read_Info
    main.o(i.main) refers to dac.o(i.EarPhone_WAVE) for EarPhone_WAVE
    main.o(i.main) refers to dac.o(i.DAC_SetFreq) for DAC_SetFreq
    main.o(i.main) refers to ch32f10x_tim.o(i.TIM_Cmd) for TIM_Cmd
    main.o(i.main) refers to key.o(i.Button_Scan) for Button_Scan
    main.o(i.main) refers to ffixu.o(x$fpl$ffixu) for __aeabi_f2uiz
    main.o(i.main) refers to rand.o(.text) for srand
    main.o(i.main) refers to oled_ui.o(i.UI_SendSpeedDisplay) for UI_SendSpeedDisplay
    main.o(i.main) refers to debug.o(i.delay_ms) for delay_ms
    main.o(i.main) refers to oled.o(i.OLED_Clear) for OLED_Clear
    main.o(i.main) refers to strcpy.o(.text) for strcpy
    main.o(i.main) refers to cw.o(i.ClearStr) for ClearStr
    main.o(i.main) refers to oled_ui.o(i.UI_VolumeDisplay) for UI_VolumeDisplay
    main.o(i.main) refers to oled_ui.o(i.UI_MorceCode) for UI_MorceCode
    main.o(i.main) refers to oled.o(i.OLED_ShowChar_2216) for OLED_ShowChar_2216
    main.o(i.main) refers to cw.o(i.letter2num) for letter2num
    main.o(i.main) refers to oled_ui.o(i.UI_DrawDitDah) for UI_DrawDitDah
    main.o(i.main) refers to oled.o(i.OLED_ShowCH_16) for OLED_ShowCH_16
    main.o(i.main) refers to oled.o(i.OLED_ShowString) for OLED_ShowString
    main.o(i.main) refers to oled.o(i.OLED_Show3FNum) for OLED_Show3FNum
    main.o(i.main) refers to oled_ui.o(i.UI_DrawBattery) for UI_DrawBattery
    main.o(i.main) refers to oled_ui.o(i.UI_ShowMode) for UI_ShowMode
    main.o(i.main) refers to oled_ui.o(i.UI_EarPhoneCheck) for UI_EarPhoneCheck
    main.o(i.main) refers to oled_ui.o(i.UI_AutoSaveSetting) for UI_AutoSaveSetting
    main.o(i.main) refers to timer.o(.data) for GLOBAL_SendSpeed
    main.o(i.main) refers to key.o(.data) for time_dit
    main.o(i.main) refers to key.o(.data) for time_dah
    main.o(i.main) refers to key.o(.data) for time_space_bit
    main.o(i.main) refers to key.o(.data) for time_space_letter
    main.o(i.main) refers to key.o(.data) for time_space_word
    main.o(i.main) refers to main.o(.constdata) for .constdata
    main.o(i.main) refers to timer.o(.data) for VolumeList_index
    main.o(i.main) refers to dac.o(.data) for WAV_DATA3
    main.o(i.main) refers to timer.o(.data) for GLOBAL_ratio_correct
    main.o(i.main) refers to main.o(.data) for .data
    main.o(i.main) refers to bsp_adc.o(.data) for Battery_Voltage
    main.o(i.main) refers to timer.o(.data) for GLOBAL_BottomString
    main.o(i.main) refers to cw.o(.data) for CW_Code
    main.o(i.main) refers to cw.o(.data) for CW_Letter
    main.o(i.main) refers to cw.o(.data) for MorseDictionary
    system_ch32f10x.o(i.SetSysClock) refers to system_ch32f10x.o(i.SetSysClockTo72_HSE) for SetSysClockTo72_HSE
    system_ch32f10x.o(i.SystemCoreClockUpdate) refers to system_ch32f10x.o(.data) for .data
    system_ch32f10x.o(i.SystemInit) refers to system_ch32f10x.o(i.SetSysClock) for SetSysClock
[...]
    i.DAC_Init                               0x08000bec   Section        0  ch32f10x_dac.o(i.DAC_Init)
    i.DAC_MUSIC_Init                         0x08000c14   Section        0  dac.o(i.DAC_MUSIC_Init)
    i.DAC_SetFreq                            0x08000c2c   Section        0  dac.o(i.DAC_SetFreq)
    i.DKEY_Init                              0x08000c68   Section        0  key.o(i.DKEY_Init)
    i.DMA1_Channel1_IRQHandler               0x08000c94   Section        0  bsp_adc.o(i.DMA1_Channel1_IRQHandler)
    i.DMA_ClearITPendingBit                  0x08000d3c   Section        0  ch32f10x_dma.o(i.DMA_ClearITPendingBit)
    i.DMA_Cmd                                0x08000d54   Section        0  ch32f10x_dma.o(i.DMA_Cmd)
    i.DMA_DeInit                             0x08000d70   Section        0  ch32f10x_dma.o(i.DMA_DeInit)
    i.DMA_GetITStatus                        0x08000e68   Section        0  ch32f10x_dma.o(i.DMA_GetITStatus)
    i.DMA_ITConfig                           0x08000e8c   Section        0  ch32f10x_dma.o(i.DMA_ITConfig)
    i.DMA_Init                               0x08000ea0   Section        0  ch32f10x_dma.o(i.DMA_Init)
    i.DMA_StructInit                         0x08000eda   Section        0  ch32f10x_dma.o(i.DMA_StructInit)
    i.DebugMon_Handler                       0x08000ef4   Section        0  ch32f10x_it.o(i.DebugMon_Handler)
    i.Delay_Init                             0x08000ef8   Section        0  debug.o(i.Delay_Init)
    i.EarPhone_WAVE                          0x08000f34   Section        0  dac.o(i.EarPhone_WAVE)
    i.FLASH_BufLoad                          0x08000f78   Section        0  ch32f10x_flash.o(i.FLASH_BufLoad)
    i.FLASH_BufReset                         0x08000fb4   Section        0  ch32f10x_flash.o(i.FLASH_BufReset)
    i.FLASH_ErasePage_Fast                   0x08000fdc   Section        0  ch32f10x_flash.o(i.FLASH_ErasePage_Fast)
    i.FLASH_Lock_Fast                        0x08001010   Section        0  ch32f10x_flash.o(i.FLASH_Lock_Fast)
    i.FLASH_ProgramPage_Fast                 0x08001020   Section        0  ch32f10x_flash.o(i.FLASH_ProgramPage_Fast)
    i.FLASH_Unlock_Fast                      0x08001054   Section        0  ch32f10x_flash.o(i.FLASH_Unlock_Fast)
    i.GPIO_Init                              0x08001070   Section        0  ch32f10x_gpio.o(i.GPIO_Init)
    i.GPIO_ResetBits                         0x08001116   Section        0  ch32f10x_gpio.o(i.GPIO_ResetBits)
    i.GPIO_SetBits                           0x0800111a   Section        0  ch32f10x_gpio.o(i.GPIO_SetBits)
    i.GetCharFromMorseCode                   0x0800111e   Section        0  cw.o(i.GetCharFromMorseCode)
    i.Get_CalibrationValue                   0x0800112e   Section        0  ch32f10x_adc.o(i.Get_CalibrationValue)
    i.HardFault_Handler                      0x08001236   Section        0  ch32f10x_it.o(i.HardFault_Handler)
    i.HardWare_Init                          0x08001238   Section        0  main.o(i.HardWare_Init)
    i.MakeValid_SendSpeed                    0x080012bc   Section        0  flash.o(i.MakeValid_SendSpeed)
    i.MakeValid_Volume                       0x080012c4   Section        0  flash.o(i.MakeValid_Volume)
    i.MemManage_Handler                      0x080012cc   Section        0  ch32f10x_it.o(i.MemManage_Handler)
    i.MorseTree_Init                         0x080012d0   Section        0  cw.o(i.MorseTree_Init)
    i.NMI_Handler                            0x08001310   Section        0  ch32f10x_it.o(i.NMI_Handler)
    i.NVIC_Init                              0x08001314   Section        0  ch32f10x_misc.o(i.NVIC_Init)
    i.NVIC_PriorityGroupConfig               0x08001378   Section        0  ch32f10x_misc.o(i.NVIC_PriorityGroupConfig)
    i.OLED_Clear                             0x0800138c   Section        0  oled.o(i.OLED_Clear)
    i.OLED_Display_On                        0x080013b4   Section        0  oled.o(i.OLED_Display_On)
    i.OLED_DrawDah                           0x080013d2   Section        0  oled_ui.o(i.OLED_DrawDah)
    i.OLED_DrawDit                           0x080013ec   Section        0  oled_ui.o(i.OLED_DrawDit)
    i.OLED_DrawPoint                         0x08001408   Section        0  oled.o(i.OLED_DrawPoint)
    i.OLED_DrawRect                          0x08001444   Section        0  oled.o(i.OLED_DrawRect)
    i.OLED_Fill                              0x08001494   Section        0  oled.o(i.OLED_Fill)
    i.OLED_Init                              0x080014dc   Section        0  oled.o(i.OLED_Init)
    i.OLED_Refresh_Gram                      0x08001608   Section        0  oled.o(i.OLED_Refresh_Gram)
    i.OLED_Show3FNum                         0x08001650   Section        0  oled.o(i.OLED_Show3FNum)
    i.OLED_ShowCH_16                         0x08001828   Section        0  oled.o(i.OLED_ShowCH_16)
    i.OLED_ShowChar                          0x08001890   Section        0  oled.o(i.OLED_ShowChar)
    i.OLED_ShowChar_2216                     0x08001920   Section        0  oled.o(i.OLED_ShowChar_2216)
    i.OLED_ShowNum                           0x08001998   Section        0  oled.o(i.OLED_ShowNum)
    i.OLED_ShowString                        0x08001a16   Section        0  oled.o(i.OLED_ShowString)
    i.OLED_Show_MyPic1616                    0x08001a64   Section        0  oled.o(i.OLED_Show_MyPic1616)
    i.OLED_Show_MyPic2012                    0x08001ad4   Section        0  oled.o(i.OLED_Show_MyPic2012)
    i.OLED_WR_Byte                           0x08001b48   Section        0  oled.o(i.OLED_WR_Byte)
    i.PendSV_Handler                         0x08001bdc   Section        0  ch32f10x_it.o(i.PendSV_Handler)
    i.RCC_ADCCLKConfig                       0x08001be0   Section        0  ch32f10x_rcc.o(i.RCC_ADCCLKConfig)
    i.RCC_AHBPeriphClockCmd                  0x08001bf4   Section        0  ch32f10x_rcc.o(i.RCC_AHBPeriphClockCmd)
    i.RCC_APB1PeriphClockCmd                 0x08001c10   Section        0  ch32f10x_rcc.o(i.RCC_APB1PeriphClockCmd)
    i.RCC_APB2PeriphClockCmd                 0x08001c2c   Section        0  ch32f10x_rcc.o(i.RCC_APB2PeriphClockCmd)
    i.RCC_APB2PeriphResetCmd                 0x08001c48   Section        0  ch32f10x_rcc.o(i.RCC_APB2PeriphResetCmd)
    i.SVC_Handler                            0x08001c64   Section        0  ch32f10x_it.o(i.SVC_Handler)
    i.SetSysClock                            0x08001c66   Section        0  system_ch32f10x.o(i.SetSysClock)
    SetSysClock                              0x08001c67   Thumb Code     4  system_ch32f10x.o(i.SetSysClock)
    i.SetSysClockTo72_HSE                    0x08001c6c   Section        0  system_ch32f10x.o(i.SetSysClockTo72_HSE)
    SetSysClockTo72_HSE                      0x08001c6d   Thumb Code   166  system_ch32f10x.o(i.SetSysClockTo72_HSE)
    i.StrAppend                              0x08001d1c   Section        0  oled_ui.o(i.StrAppend)
    i.SysTick_CLKSourceConfig                0x08001d2e   Section        0  ch32f10x_misc.o(i.SysTick_CLKSourceConfig)
    i.SysTick_Handler                        0x08001d4a   Section        0  ch32f10x_it.o(i.SysTick_Handler)
    i.SystemInit                             0x08001d4c   Section        0  system_ch32f10x.o(i.SystemInit)
    i.TASK_BlindType                         0x08001d9c   Section        0  timer.o(i.TASK_BlindType)
    i.TASK_FreeType                          0x08001fe8   Section        0  timer.o(i.TASK_FreeType)
    i.TASK_ListenType                        0x08002168   Section        0  timer.o(i.TASK_ListenType)
    i.TASK_RandType                          0x080023bc   Section        0  timer.o(i.TASK_RandType)
    i.TIM1_TASK_Init                         0x08002620   Section        0  timer.o(i.TIM1_TASK_Init)
    i.TIM1_UP_IRQHandler                     0x0800268c   Section        0  timer.o(i.TIM1_UP_IRQHandler)
    i.TIM3_DAC_Init                          0x0800274c   Section        0  dac.o(i.TIM3_DAC_Init)
    i.TIM_ClearITPendingBit                  0x0800278c   Section        0  ch32f10x_tim.o(i.TIM_ClearITPendingBit)
    i.TIM_Cmd                                0x08002792   Section        0  ch32f10x_tim.o(i.TIM_Cmd)
    i.TIM_GetITStatus                        0x080027aa   Section        0  ch32f10x_tim.o(i.TIM_GetITStatus)
    i.TIM_ITConfig                           0x080027c2   Section        0  ch32f10x_tim.o(i.TIM_ITConfig)
    i.TIM_SelectOutputTrigger                0x080027d6   Section        0  ch32f10x_tim.o(i.TIM_SelectOutputTrigger)
    i.TIM_TimeBaseInit                       0x080027e8   Section        0  ch32f10x_tim.o(i.TIM_TimeBaseInit)
    i.UI_AutoSaveSetting                     0x08002838   Section        0  oled_ui.o(i.UI_AutoSaveSetting)
    i.UI_DrawBattery                         0x080028bc   Section        0  oled_ui.o(i.UI_DrawBattery)
    i.UI_DrawDitDah                          0x080029c8   Section        0  oled_ui.o(i.UI_DrawDitDah)
    i.UI_EarPhoneCheck                       0x08002a24   Section        0  oled_ui.o(i.UI_EarPhoneCheck)
    i.UI_MorceCode                           0x08002a4c   Section        0  oled_ui.o(i.UI_MorceCode)
    i.UI_SendSpeedDisplay                    0x08002aa0   Section        0  oled_ui.o(i.UI_SendSpeedDisplay)
    i.UI_ShowMode                            0x08002b08   Section        0  oled_ui.o(i.UI_ShowMode)
    i.UI_VolumeDisplay                       0x08002bd4   Section        0  oled_ui.o(i.UI_VolumeDisplay)
    i.Update_System_Setting                  0x08002c3c   Section        0  flash.o(i.Update_System_Setting)
    i.UsageFault_Handler                     0x08002c58   Section        0  ch32f10x_it.o(i.UsageFault_Handler)
    i.createMorseTree                        0x08002c5c   Section        0  cw.o(i.createMorseTree)
    i.delay_ms                               0x08002c88   Section        0  debug.o(i.delay_ms)
    i.generate_random_number                 0x08002cbc   Section        0  cw.o(i.generate_random_number)
    i.insertMorseCode                        0x08002cd4   Section        0  cw.o(i.insertMorseCode)
    i.letter2MorseCode                       0x08002d14   Section        0  cw.o(i.letter2MorseCode)
    i.letter2num                             0x08002d30   Section        0  cw.o(i.letter2num)
    i.main                                   0x08002d5c   Section        0  main.o(i.main)
    i.my_fabs                                0x080031fc   Section        0  bsp_adc.o(i.my_fabs)
    i.mypow                                  0x08003208   Section        0  oled.o(i.mypow)
    i.num2letter                             0x08003218   Section        0  cw.o(i.num2letter)
    i.searchMorseCode                        0x08003238   Section        0  cw.o(i.searchMorseCode)
    x$fpl$d2f                                0x0800325c   Section       98  d2f.o(x$fpl$d2f)
    x$fpl$dmul                               0x080032c0   Section      340  dmul.o(x$fpl$dmul)
    x$fpl$dnaninf                            0x08003414   Section      156  dnaninf.o(x$fpl$dnaninf)
    x$fpl$dretinf                            0x080034b0   Section       12  dretinf.o(x$fpl$dretinf)
    x$fpl$f2d                                0x080034bc   Section       86  f2d.o(x$fpl$f2d)
    x$fpl$fadd                               0x08003514   Section      196  faddsub_clz.o(x$fpl$fadd)
    _fadd1                                   0x08003523   Thumb Code     0  faddsub_clz.o(x$fpl$fadd)
    x$fpl$fdiv                               0x080035d8   Section      388  fdiv.o(x$fpl$fdiv)
    _fdiv1                                   0x080035d9   Thumb Code     0  fdiv.o(x$fpl$fdiv)
    x$fpl$ffix                               0x0800375c   Section       54  ffix.o(x$fpl$ffix)
    x$fpl$ffixu                              0x08003794   Section       62  ffixu.o(x$fpl$ffixu)
    x$fpl$fflt                               0x080037d4   Section       48  fflt_clz.o(x$fpl$fflt)
    x$fpl$fmul                               0x08003804   Section      258  fmul.o(x$fpl$fmul)
    x$fpl$fnaninf                            0x08003906   Section      140  fnaninf.o(x$fpl$fnaninf)
    x$fpl$fretinf                            0x08003992   Section       10  fretinf.o(x$fpl$fretinf)
    x$fpl$fsub                               0x0800399c   Section      234  faddsub_clz.o(x$fpl$fsub)
    _fsub1                                   0x080039ab   Thumb Code     0  faddsub_clz.o(x$fpl$fsub)
    x$fpl$usenofp                            0x08003a86   Section        0  usenofp.o(x$fpl$usenofp)
    .constdata                               0x08003a88   Section       36  main.o(.constdata)
    .constdata                               0x08003aac   Section     3896  oled.o(.constdata)
    .constdata                               0x080049e4   Section       54  cw.o(.constdata)
    .conststring                             0x08004a1c   Section      366  cw.o(.conststring)
    .conststring                             0x08004b8c   Section       69  cw.o(.conststring)
    .data                                    0x20000000   Section        3  main.o(.data)
    .data                                    0x20000004   Section       20  system_ch32f10x.o(.data)
    .data                                    0x20000018   Section        4  debug.o(.data)
    p_us                                     0x20000018   Data           1  debug.o(.data)
    p_ms                                     0x2000001a   Data           2  debug.o(.data)
    .data                                    0x2000001c   Section       28  bsp_adc.o(.data)
    buffer_index                             0x2000001c   Data           1  bsp_adc.o(.data)
    buffer_sum                               0x2000002c   Data           4  bsp_adc.o(.data)
    earphone_buffer_sum                      0x20000030   Data           4  bsp_adc.o(.data)
    last_Battery_Voltage                     0x20000034   Data           4  bsp_adc.o(.data)
    .data                                    0x20000038   Section        4  key.o(.data)
    .data                                    0x2000003c   Section        4  key.o(.data)
    .data                                    0x20000040   Section        4  key.o(.data)
    .data                                    0x20000044   Section        4  key.o(.data)
    .data                                    0x20000048   Section        4  key.o(.data)
    .data                                    0x2000004c   Section        3  key.o(.data)
    BUTTON_up                                0x2000004c   Data           1  key.o(.data)
    key_idx                                  0x2000004d   Data           1  key.o(.data)
    key_idx_con                              0x2000004e   Data           1  key.o(.data)
    .data                                    0x2000004f   Section      716  oled.o(.data)
    .data                                    0x2000031c   Section      124  timer.o(.data)
    A_press_buffer_sum                       0x20000325   Data           1  timer.o(.data)
    B_press_buffer_sum                       0x20000326   Data           1  timer.o(.data)
    A_press                                  0x20000327   Data           1  timer.o(.data)
    B_press                                  0x20000328   Data           1  timer.o(.data)
    press_index                              0x20000329   Data           1  timer.o(.data)
    priority_key                             0x2000032a   Data           1  timer.o(.data)
    priority_key                             0x2000032b   Data           1  timer.o(.data)
    letter_index                             0x2000032c   Data           1  timer.o(.data)
    Flag_PlaySound                           0x2000032d   Data           1  timer.o(.data)
    priority_key                             0x2000032e   Data           1  timer.o(.data)
    Flag_PlaySound                           0x2000032f   Data           1  timer.o(.data)
    Flag_PlaySound                           0x20000330   Data           1  timer.o(.data)
    MorseCodeToPlay_length                   0x20000331   Data           1  timer.o(.data)
    MorseCodeToPlay_index                    0x20000332   Data           1  timer.o(.data)
    FLAG_ReadyToChoose                       0x20000333   Data           1  timer.o(.data)
    CorrectLetterPosition                    0x20000334   Data           1  timer.o(.data)
    WrongLetterIndex                         0x20000335   Data           1  timer.o(.data)
    WrongLetter                              0x20000336   Data           1  timer.o(.data)
    countdown_beep_ms                        0x2000033c   Data           4  timer.o(.data)
    countdown_slient_ms                      0x20000340   Data           4  timer.o(.data)
    countdown_letter_ms                      0x20000344   Data           4  timer.o(.data)
    countdown_word_ms                        0x20000348   Data           4  timer.o(.data)
    countdown_beep_ms                        0x2000034c   Data           4  timer.o(.data)
    countdown_slient_ms                      0x20000350   Data           4  timer.o(.data)
    countdown_letter_ms                      0x20000354   Data           4  timer.o(.data)
    cnt_type_letters                         0x20000358   Data           4  timer.o(.data)
    cnt_right_letters                        0x2000035c   Data           4  timer.o(.data)
    countdown_prompt_sound_ms                0x20000360   Data           4  timer.o(.data)
    countdown_beep_ms                        0x20000364   Data           4  timer.o(.data)
    countdown_slient_ms                      0x20000368   Data           4  timer.o(.data)
    countdown_letter_ms                      0x2000036c   Data           4  timer.o(.data)
    cnt_type_letters                         0x20000370   Data           4  timer.o(.data)
    cnt_right_letters                        0x20000374   Data           4  timer.o(.data)
    countdown_prompt_sound_ms                0x20000378   Data           4  timer.o(.data)
    countdown_beep_ms                        0x2000037c   Data           4  timer.o(.data)
    countdown_slient_ms                      0x20000380   Data           4  timer.o(.data)
    cnt_type_letters                         0x20000384   Data           4  timer.o(.data)
    cnt_right_letters                        0x20000388   Data           4  timer.o(.data)
    countdown_prompt_sound_ms                0x2000038c   Data           4  timer.o(.data)
    CorrectLetterMorseString                 0x20000390   Data           8  timer.o(.data)
    .data                                    0x20000398   Section        1  timer.o(.data)
    .data                                    0x20000399   Section        1  timer.o(.data)
    .data                                    0x2000039a   Section       17  timer.o(.data)
    .data                                    0x200003ac   Section      128  flash.o(.data)
    .data                                    0x2000042c   Section       40  dac.o(.data)
    .data                                    0x20000454   Section      220  cw.o(.data)
    .data                                    0x20000530   Section       24  cw.o(.data)
    .data                                    0x20000548   Section        7  cw.o(.data)
    .data                                    0x2000054f   Section        7  cw.o(.data)
    .data                                    0x20000556   Section        1  cw.o(.data)
    .data                                    0x20000558   Section        2  oled_ui.o(.data)
    cnt                                      0x20000558   Data           2  oled_ui.o(.data)
    .bss                                     0x2000055c   Section       80  bsp_adc.o(.bss)
    buffer                                   0x2000055c   Data          40  bsp_adc.o(.bss)
    earphone_buffer                          0x20000584   Data          40  bsp_adc.o(.bss)
    .bss                                     0x200005ac   Section     1024  oled.o(.bss)
    .bss                                     0x200009ac   Section       20  timer.o(.bss)
    A_press_buffer                           0x200009ac   Data          10  timer.o(.bss)
    B_press_buffer                           0x200009b6   Data          10  timer.o(.bss)
    .bss                                     0x200009c0   Section      128  flash.o(.bss)
    .bss                                     0x20000a40   Section       40  dac.o(.bss)
    .bss                                     0x20000a68   Section      780  cw.o(.bss)
    .bss                                     0x20000d74   Section      228  rand.o(.bss)
    .bss                                     0x20000e58   Section       96  libspace.o(.bss)
    HEAP                                     0x20000eb8   Section      512  startup_ch32f10x.o(HEAP)
    Heap_Mem                                 0x20000eb8   Data         512  startup_ch32f10x.o(HEAP)
    STACK                                    0x200010b8   Section     1024  startup_ch32f10x.o(STACK)
    Stack_Mem                                0x200010b8   Data        1024  startup_ch32f10x.o(STACK)
    __initial_sp                             0x200014b8   Data           0  startup_ch32f10x.o(STACK)

    Global Symbols

    Symbol Name                              Value     Ov Type        Size  Object(Section)

    BuildAttributes$$THM_ISAv4$P$D$K$B$S$PE$A:L22UL41UL21$X:L11$S22US41US21$IEEE1$IW$USESV6$~STKCKD$USESV7$~SHL$OTIME$ROPI$EBA8$UX$STANDARDLIB$REQ8$PRES8$EABIv2 0x00000000   Number         0  anon$$obj.o ABSOLUTE
    __ARM_use_no_argv                        0x00000000   Number         0  main.o ABSOLUTE
    __ARM_exceptions_init                     - Undefined Weak Reference
    __alloca_initialize                       - Undefined Weak Reference
    __arm_fini_                               - Undefined Weak Reference
    __arm_preinit_                            - Undefined Weak Reference
    __cpp_initialize__aeabi_                  - Undefined Weak Reference
    __cxa_finalize                            - Undefined Weak Reference
    __rt_locale                               - Undefined Weak Reference
    __sigvec_lookup                           - Undefined Weak Reference
    __user_heap_extent                        - Undefined Weak Reference
    _atexit_init                              - Undefined Weak Reference
    _call_atexit_fns                          - Undefined Weak Reference
    _clock_init                               - Undefined Weak Reference
    _fp_trap_init                             - Undefined Weak Reference
    _fp_trap_shutdown                         - Undefined Weak Reference
    _get_lc_collate                           - Undefined Weak Reference
    _get_lc_ctype                             - Undefined Weak Reference
    _get_lc_monetary                          - Undefined Weak Reference
    _get_lc_numeric                           - Undefined Weak Reference
    _get_lc_time                              - Undefined Weak Reference
    _getenv_init                              - Undefined Weak Reference
    _handle_redirection                       - Undefined Weak Reference
    _initio                                   - Undefined Weak Reference
    _mutex_acquire                            - Undefined Weak Reference
    _mutex_free                               - Undefined Weak Reference
    _mutex_release                            - Undefined Weak Reference
    _signal_finish                            - Undefined Weak Reference
    _signal_init                              - Undefined Weak Reference
    _terminateio                              - Undefined Weak Reference
    __Vectors_Size                           0x000000f0   Number         0  startup_ch32f10x.o ABSOLUTE
    __Vectors                                0x08000000   Data           4  startup_ch32f10x.o(RESET)
    __Vectors_End                            0x080000f0   Data           0  startup_ch32f10x.o(RESET)
    __main                                   0x080000f1   Thumb Code     8  __main.o(!!!main)
    __scatterload                            0x080000f9   Thumb Code     0  __scatter.o(!!!scatter)
    __scatterload_rt2                        0x080000f9   Thumb Code    44  __scatter.o(!!!scatter)
    __scatterload_rt2_thumb_only             0x080000f9   Thumb Code     0  __scatter.o(!!!scatter)
    __scatterload_null                       0x08000107   Thumb Code     0  __scatter.o(!!!scatter)
    __decompress                             0x0800012d   Thumb Code    90  __dczerorl2.o(!!dczerorl2)
    __decompress1                            0x0800012d   Thumb Code     0  __dczerorl2.o(!!dczerorl2)
    __scatterload_zeroinit                   0x08000189   Thumb Code    28  __scatter_zi.o(!!handler_zi)
    __rt_lib_init                            0x080001a5   Thumb Code     0  libinit.o(.ARM.Collect$$libinit$$00000000)
    __rt_lib_init_fp_1                       0x080001a7   Thumb Code     0  libinit2.o(.ARM.Collect$$libinit$$00000002)
    __rt_lib_init_heap_1                     0x080001a7   Thumb Code     0  libinit2.o(.ARM.Collect$$libinit$$0000000A)
    __rt_lib_init_preinit_1                  0x080001a7   Thumb Code     0  libinit2.o(.ARM.Collect$$libinit$$00000004)
    __rt_lib_init_rand_2                     0x080001a7   Thumb Code     0  libinit2.o(.ARM.Collect$$libinit$$0000000D)
    __rt_lib_init_user_alloc_1               0x080001a7   Thumb Code     0  libinit2.o(.ARM.Collect$$libinit$$0000000C)
    __rt_lib_init_alloca_1                   0x080001ab   Thumb Code     0  libinit2.o(.ARM.Collect$$libinit$$0000002E)
    __rt_lib_init_argv_1                     0x080001ab   Thumb Code     0  libinit2.o(.ARM.Collect$$libinit$$0000002C)
    __rt_lib_init_atexit_1                   0x080001ab   Thumb Code     0  libinit2.o(.ARM.Collect$$libinit$$0000001B)
    __rt_lib_init_clock_1                    0x080001ab   Thumb Code     0  libinit2.o(.ARM.Collect$$libinit$$00000021)
    __rt_lib_init_cpp_1                      0x080001ab   Thumb Code     0  libinit2.o(.ARM.Collect$$libinit$$00000032)
    __rt_lib_init_exceptions_1               0x080001ab   Thumb Code     0  libinit2.o(.ARM.Collect$$libinit$$00000030)
    __rt_lib_init_fp_trap_1                  0x080001ab   Thumb Code     0  libinit2.o(.ARM.Collect$$libinit$$0000001F)
    __rt_lib_init_getenv_1                   0x080001ab   Thumb Code     0  libinit2.o(.ARM.Collect$$libinit$$00000023)
    __rt_lib_init_lc_collate_1               0x080001ab   Thumb Code     0  libinit2.o(.ARM.Collect$$libinit$$00000011)
    __rt_lib_init_lc_ctype_1                 0x080001ab   Thumb Code     0  libinit2.o(.ARM.Collect$$libinit$$00000013)
    __rt_lib_init_lc_monetary_1              0x080001ab   Thumb Code     0  libinit2.o(.ARM.Collect$$libinit$$00000015)
    __rt_lib_init_lc_numeric_1               0x080001ab   Thumb Code     0  libinit2.o(.ARM.Collect$$libinit$$00000017)
    __rt_lib_init_lc_time_1                  0x080001ab   Thumb Code     0  libinit2.o(.ARM.Collect$$libinit$$00000019)
    __rt_lib_init_rand_1                     0x080001ab   Thumb Code     0  libinit2.o(.ARM.Collect$$libinit$$0000000E)
    __rt_lib_init_return                     0x080001ab   Thumb Code     0  libinit2.o(.ARM.Collect$$libinit$$00000033)
    __rt_lib_init_signal_1                   0x080001ab   Thumb Code     0  libinit2.o(.ARM.Collect$$libinit$$0000001D)
    __rt_lib_init_stdio_1                    0x080001ab   Thumb Code     0  libinit2.o(.ARM.Collect$$libinit$$00000025)
    __rt_lib_shutdown                        0x080001ad   Thumb Code     0  libshutdown.o(.ARM.Collect$$libshutdown$$00000000)
    __rt_lib_shutdown_cpp_1                  0x080001af   Thumb Code     0  libshutdown2.o(.ARM.Collect$$libshutdown$$00000004)
    __rt_lib_shutdown_fini_1                 0x080001af   Thumb Code     0  libshutdown2.o(.ARM.Collect$$libshutdown$$00000002)
    __rt_lib_shutdown_fp_trap_1              0x080001af   Thumb Code     0  libshutdown2.o(.ARM.Collect$$libshutdown$$00000009)
    __rt_lib_shutdown_heap_1                 0x080001af   Thumb Code     0  libshutdown2.o(.ARM.Collect$$libshutdown$$00000011)
    __rt_lib_shutdown_return                 0x080001af   Thumb Code     0  libshutdown2.o(.ARM.Collect$$libshutdown$$00000012)
    __rt_lib_shutdown_signal_1               0x080001af   Thumb Code     0  libshutdown2.o(.ARM.Collect$$libshutdown$$0000000C)
    __rt_lib_shutdown_stdio_1                0x080001af   Thumb Code     0  libshutdown2.o(.ARM.Collect$$libshutdown$$00000006)
    __rt_lib_shutdown_user_alloc_1           0x080001af   Thumb Code     0  libshutdown2.o(.ARM.Collect$$libshutdown$$0000000E)
    __rt_entry                               0x080001b1   Thumb Code     0  __rtentry.o(.ARM.Collect$$rtentry$$00000000)
    __rt_entry_presh_1                       0x080001b1   Thumb Code     0  __rtentry2.o(.ARM.Collect$$rtentry$$00000002)
    __rt_entry_sh                            0x080001b1   Thumb Code     0  __rtentry4.o(.ARM.Collect$$rtentry$$00000004)
    __rt_entry_li                            0x080001b7   Thumb Code     0  __rtentry2.o(.ARM.Collect$$rtentry$$0000000A)
    __rt_entry_postsh_1                      0x080001b7   Thumb Code     0  __rtentry2.o(.ARM.Collect$$rtentry$$00000009)
    __rt_entry_main                          0x080001bb   Thumb Code     0  __rtentry2.o(.ARM.Collect$$rtentry$$0000000D)
    __rt_entry_postli_1                      0x080001bb   Thumb Code     0  __rtentry2.o(.ARM.Collect$$rtentry$$0000000C)
    __rt_exit                                0x080001c3   Thumb Code     0  rtexit.o(.ARM.Collect$$rtexit$$00000000)
    __rt_exit_ls                             0x080001c5   Thumb Code     0  rtexit2.o(.ARM.Collect$$rtexit$$00000003)
    __rt_exit_prels_1                        0x080001c5   Thumb Code     0  rtexit2.o(.ARM.Collect$$rtexit$$00000002)
    __rt_exit_exit                           0x080001c9   Thumb Code     0  rtexit2.o(.ARM.Collect$$rtexit$$00000004)
    rand                                     0x080001d1   Thumb Code    48  rand.o(.emb_text)
    Reset_Handler                            0x08000205   Thumb Code     8  startup_ch32f10x.o(.text)
    ADC1_2_IRQHandler                        0x0800021f   Thumb Code     0  startup_ch32f10x.o(.text)
    CAN1_RX1_IRQHandler                      0x0800021f   Thumb Code     0  startup_ch32f10x.o(.text)
    CAN1_SCE_IRQHandler                      0x0800021f   Thumb Code     0  startup_ch32f10x.o(.text)
    DMA1_Channel2_IRQHandler                 0x0800021f   Thumb Code     0  startup_ch32f10x.o(.text)
    DMA1_Channel3_IRQHandler                 0x0800021f   Thumb Code     0  startup_ch32f10x.o(.text)
    DMA1_Channel4_IRQHandler                 0x0800021f   Thumb Code     0  startup_ch32f10x.o(.text)
    DMA1_Channel5_IRQHandler                 0x0800021f   Thumb Code     0  startup_ch32f10x.o(.text)
    DMA1_Channel6_IRQHandler                 0x0800021f   Thumb Code     0  startup_ch32f10x.o(.text)
    DMA1_Channel7_IRQHandler                 0x0800021f   Thumb Code     0  startup_ch32f10x.o(.text)
    EXTI0_IRQHandler                         0x0800021f   Thumb Code     0  startup_ch32f10x.o(.text)
    EXTI15_10_IRQHandler                     0x0800021f   Thumb Code     0  startup_ch32f10x.o(.text)
    EXTI1_IRQHandler                         0x0800021f   Thumb Code     0  startup_ch32f10x.o(.text)
    EXTI2_IRQHandler                         0x0800021f   Thumb Code     0  startup_ch32f10x.o(.text)
    EXTI3_IRQHandler                         0x0800021f   Thumb Code     0  startup_ch32f10x.o(.text)
    EXTI4_IRQHandler                         0x0800021f   Thumb Code     0  startup_ch32f10x.o(.text)
    EXTI9_5_IRQHandler                       0x0800021f   Thumb Code     0  startup_ch32f10x.o(.text)
    FLASH_IRQHandler                         0x0800021f   Thumb Code     0  startup_ch32f10x.o(.text)
    I2C1_ER_IRQHandler                       0x0800021f   Thumb Code     0  startup_ch32f10x.o(.text)
    I2C1_EV_IRQHandler                       0x0800021f   Thumb Code     0  startup_ch32f10x.o(.text)
    I2C2_ER_IRQHandler                       0x0800021f   Thumb Code     0  startup_ch32f10x.o(.text)
    I2C2_EV_IRQHandler                       0x0800021f   Thumb Code     0  startup_ch32f10x.o(.text)
    PVD_IRQHandler                           0x0800021f   Thumb Code     0  startup_ch32f10x.o(.text)
    RCC_IRQHandler                           0x0800021f   Thumb Code     0  startup_ch32f10x.o(.text)
    RTCAlarm_IRQHandler                      0x0800021f   Thumb Code     0  startup_ch32f10x.o(.text)
    RTC_IRQHandler                           0x0800021f   Thumb Code     0  startup_ch32f10x.o(.text)
    SPI1_IRQHandler                          0x0800021f   Thumb Code     0  startup_ch32f10x.o(.text)
    SPI2_IRQHandler                          0x0800021f   Thumb Code     0  startup_ch32f10x.o(.text)
    TAMPER_IRQHandler                        0x0800021f   Thumb Code     0  startup_ch32f10x.o(.text)
    TIM1_BRK_IRQHandler                      0x0800021f   Thumb Code     0  startup_ch32f10x.o(.text)
    TIM1_CC_IRQHandler                       0x0800021f   Thumb Code     0  startup_ch32f10x.o(.text)
    TIM1_TRG_COM_IRQHandler                  0x0800021f   Thumb Code     0  startup_ch32f10x.o(.text)
    TIM2_IRQHandler                          0x0800021f   Thumb Code     0  startup_ch32f10x.o(.text)
    TIM3_IRQHandler                          0x0800021f   Thumb Code     0  startup_ch32f10x.o(.text)
    TIM4_IRQHandler                          0x0800021f   Thumb Code     0  startup_ch32f10x.o(.text)
    USART1_IRQHandler                        0x0800021f   Thumb Code     0  startup_ch32f10x.o(.text)
    USART2_IRQHandler                        0x0800021f   Thumb Code     0  startup_ch32f10x.o(.text)
    USART3_IRQHandler                        0x0800021f   Thumb Code     0  startup_ch32f10x.o(.text)
    USBHD_IRQHandler                         0x0800021f   Thumb Code     0  startup_ch32f10x.o(.text)
    USBWakeUp_IRQHandler                     0x0800021f   Thumb Code     0  startup_ch32f10x.o(.text)
    USB_HP_CAN1_TX_IRQHandler                0x0800021f   Thumb Code     0  startup_ch32f10x.o(.text)
    USB_LP_CAN1_RX0_IRQHandler               0x0800021f   Thumb Code     0  startup_ch32f10x.o(.text)
    WWDG_IRQHandler                          0x0800021f   Thumb Code     0  startup_ch32f10x.o(.text)
    __user_initial_stackheap                 0x08000221   Thumb Code     0  startup_ch32f10x.o(.text)
    srand                                    0x08000245   Thumb Code    42  rand.o(.text)
    _rand_init                               0x0800026f   Thumb Code     4  rand.o(.text)
    strcpy                                   0x08000281   Thumb Code    72  strcpy.o(.text)
    strlen                                   0x080002c9   Thumb Code    62  strlen.o(.text)
    __aeabi_memcpy                           0x08000307   Thumb Code     0  rt_memcpy_v6.o(.text)
    __rt_memcpy                              0x08000307   Thumb Code   138  rt_memcpy_v6.o(.text)
    _memcpy_lastbytes                        0x0800036d   Thumb Code     0  rt_memcpy_v6.o(.text)
    __aeabi_memclr                           0x08000391   Thumb Code     0  rt_memclr.o(.text)
    __rt_memclr                              0x08000391   Thumb Code    68  rt_memclr.o(.text)
    _memset                                  0x08000395   Thumb Code     0  rt_memclr.o(.text)
    __aeabi_memclr4                          0x080003d5   Thumb Code     0  rt_memclr_w.o(.text)
    __aeabi_memclr8                          0x080003d5   Thumb Code     0  rt_memclr_w.o(.text)
    __rt_memclr_w                            0x080003d5   Thumb Code    78  rt_memclr_w.o(.text)
    _memset_w                                0x080003d9   Thumb Code     0  rt_memclr_w.o(.text)
    strncpy                                  0x08000423   Thumb Code    86  strncpy.o(.text)
    __use_two_region_memory                  0x08000479   Thumb Code     2  heapauxi.o(.text)
    __rt_heap_escrow                         0x0800047b   Thumb Code     2  heapauxi.o(.text)
    __rt_heap_expand                         0x0800047d   Thumb Code     2  heapauxi.o(.text)
    __aeabi_memcpy4                          0x0800047f   Thumb Code     0  rt_memcpy_w.o(.text)
    __aeabi_memcpy8                          0x0800047f   Thumb Code     0  rt_memcpy_w.o(.text)
    __rt_memcpy_w                            0x0800047f   Thumb Code   100  rt_memcpy_w.o(.text)
    _memcpy_lastbytes_aligned                0x080004c7   Thumb Code     0  rt_memcpy_w.o(.text)
    __user_libspace                          0x080004e5   Thumb Code     8  libspace.o(.text)
    __user_perproc_libspace                  0x080004e5   Thumb Code     0  libspace.o(.text)
    __user_perthread_libspace                0x080004e5   Thumb Code     0  libspace.o(.text)
    __user_setup_stackheap                   0x080004ed   Thumb Code    74  sys_stackheap_outer.o(.text)
    exit                                     0x08000537   Thumb Code    18  exit.o(.text)
    _sys_exit                                0x08000549   Thumb Code     8  sys_exit.o(.text)
    __I$use$semihosting                      0x08000555   Thumb Code     0  use_no_semi.o(.text)
    __use_no_semihosting_swi                 0x08000555   Thumb Code     2  use_no_semi.o(.text)
    ADC_Cmd                                  0x08000557   Thumb Code    24  ch32f10x_adc.o(i.ADC_Cmd)
    __semihosting_library_function           0x08000557   Thumb Code     0  indicate_semi.o(.text)
    ADC_DMACmd                               0x0800056f   Thumb Code    24  ch32f10x_adc.o(i.ADC_DMACmd)
    ADC_DeInit                               0x08000589   Thumb Code    32  ch32f10x_adc.o(i.ADC_DeInit)
    ADC_ExternalTrigConvCmd                  0x080005ad   Thumb Code    24  ch32f10x_adc.o(i.ADC_ExternalTrigConvCmd)
    ADC_GetCalibrationStatus                 0x080005c5   Thumb Code    14  ch32f10x_adc.o(i.ADC_GetCalibrationStatus)
    ADC_GetResetCalibrationStatus            0x080005d3   Thumb Code    14  ch32f10x_adc.o(i.ADC_GetResetCalibrationStatus)
    ADC_Init                                 0x080005e1   Thumb Code    62  ch32f10x_adc.o(i.ADC_Init)
    ADC_RegularChannelConfig                 0x08000629   Thumb Code   116  ch32f10x_adc.o(i.ADC_RegularChannelConfig)
    ADC_ResetCalibration                     0x0800069d   Thumb Code    10  ch32f10x_adc.o(i.ADC_ResetCalibration)
    ADC_SoftwareStartConvCmd                 0x080006a7   Thumb Code    24  ch32f10x_adc.o(i.ADC_SoftwareStartConvCmd)
    ADC_StartCalibration                     0x080006bf   Thumb Code    10  ch32f10x_adc.o(i.ADC_StartCalibration)
    Adc2Voltage_mV                           0x080006c9   Thumb Code    22  bsp_adc.o(i.Adc2Voltage_mV)
    AmpSD_GPIO_Init                          0x080006e9   Thumb Code    44  beep.o(i.AmpSD_GPIO_Init)
    BSP_ADC_Base_Init                        0x0800071d   Thumb Code   218  bsp_adc.o(i.BSP_ADC_Base_Init)
    BSP_ADC_Init                             0x08000809   Thumb Code    18  bsp_adc.o(i.BSP_ADC_Init)
    BSP_ADC_NVIC_Config                      0x0800081b   Thumb Code    34  bsp_adc.o(i.BSP_ADC_NVIC_Config)
    BSP_DMA_ADC_Tx_Init                      0x0800083d   Thumb Code   100  bsp_adc.o(i.BSP_DMA_ADC_Tx_Init)
    BSP_Flash_Read_Info                      0x080008ad   Thumb Code    52  flash.o(i.BSP_Flash_Read_Info)
    BSP_Flash_Write_Info                     0x080008f5   Thumb Code   176  flash.o(i.BSP_Flash_Write_Info)
    Battery_TP4056_GPIO_Init                 0x080009ad   Thumb Code    52  battery.o(i.Battery_TP4056_GPIO_Init)
    BusFault_Handler                         0x080009e9   Thumb Code     2  ch32f10x_it.o(i.BusFault_Handler)
    Button_Init                              0x080009ed   Thumb Code    38  key.o(i.Button_Init)
    Button_Scan                              0x08000a19   Thumb Code   126  key.o(i.Button_Scan)
    ClearStr                                 0x08000aa1   Thumb Code    20  cw.o(i.ClearStr)
    CopyStr                                  0x08000ab9   Thumb Code    24  cw.o(i.CopyStr)
    DAC1_DMA_Init                            0x08000ad1   Thumb Code    98  dac.o(i.DAC1_DMA_Init)
    DAC_BUZZ_Init                            0x08000b41   Thumb Code   102  dac.o(i.DAC_BUZZ_Init)
    DAC_Cmd                                  0x08000bad   Thumb Code    26  ch32f10x_dac.o(i.DAC_Cmd)
    DAC_DMACmd                               0x08000bcd   Thumb Code    26  ch32f10x_dac.o(i.DAC_DMACmd)
    DAC_Init                                 0x08000bed   Thumb Code    36  ch32f10x_dac.o(i.DAC_Init)
    DAC_MUSIC_Init                           0x08000c15   Thumb Code    22  dac.o(i.DAC_MUSIC_Init)
    DAC_SetFreq                              0x08000c2d   Thumb Code    50  dac.o(i.DAC_SetFreq)
    DKEY_Init                                0x08000c69   Thumb Code    38  key.o(i.DKEY_Init)
    DMA1_Channel1_IRQHandler                 0x08000c95   Thumb Code   152  bsp_adc.o(i.DMA1_Channel1_IRQHandler)
    DMA_ClearITPendingBit                    0x08000d3d   Thumb Code    16  ch32f10x_dma.o(i.DMA_ClearITPendingBit)
    DMA_Cmd                                  0x08000d55   Thumb Code    26  ch32f10x_dma.o(i.DMA_Cmd)
    DMA_DeInit                               0x08000d71   Thumb Code   238  ch32f10x_dma.o(i.DMA_DeInit)
    DMA_GetITStatus                          0x08000e69   Thumb Code    26  ch32f10x_dma.o(i.DMA_GetITStatus)
    DMA_ITConfig                             0x08000e8d   Thumb Code    20  ch32f10x_dma.o(i.DMA_ITConfig)
    DMA_Init                                 0x08000ea1   Thumb Code    58  ch32f10x_dma.o(i.DMA_Init)
    DMA_StructInit                           0x08000edb   Thumb Code    26  ch32f10x_dma.o(i.DMA_StructInit)
    DebugMon_Handler                         0x08000ef5   Thumb Code     2  ch32f10x_it.o(i.DebugMon_Handler)
    Delay_Init                               0x08000ef9   Thumb Code    46  debug.o(i.Delay_Init)
    EarPhone_WAVE                            0x08000f35   Thumb Code    58  dac.o(i.EarPhone_WAVE)
    FLASH_BufLoad                            0x08000f79   Thumb Code    56  ch32f10x_flash.o(i.FLASH_BufLoad)
    FLASH_BufReset                           0x08000fb5   Thumb Code    34  ch32f10x_flash.o(i.FLASH_BufReset)
    FLASH_ErasePage_Fast                     0x08000fdd   Thumb Code    46  ch32f10x_flash.o(i.FLASH_ErasePage_Fast)
    FLASH_Lock_Fast                          0x08001011   Thumb Code    12  ch32f10x_flash.o(i.FLASH_Lock_Fast)
    FLASH_ProgramPage_Fast                   0x08001021   Thumb Code    46  ch32f10x_flash.o(i.FLASH_ProgramPage_Fast)
    FLASH_Unlock_Fast                        0x08001055   Thumb Code    16  ch32f10x_flash.o(i.FLASH_Unlock_Fast)
    GPIO_Init                                0x08001071   Thumb Code   166  ch32f10x_gpio.o(i.GPIO_Init)
    GPIO_ResetBits                           0x08001117   Thumb Code     4  ch32f10x_gpio.o(i.GPIO_ResetBits)
    GPIO_SetBits                             0x0800111b   Thumb Code     4  ch32f10x_gpio.o(i.GPIO_SetBits)
    GetCharFromMorseCode                     0x0800111f   Thumb Code    16  cw.o(i.GetCharFromMorseCode)
    Get_CalibrationValue                     0x0800112f   Thumb Code   264  ch32f10x_adc.o(i.Get_CalibrationValue)
    HardFault_Handler                        0x08001237   Thumb Code     2  ch32f10x_it.o(i.HardFault_Handler)
    HardWare_Init                            0x08001239   Thumb Code   106  main.o(i.HardWare_Init)
    MakeValid_SendSpeed                      0x080012bd   Thumb Code     8  flash.o(i.MakeValid_SendSpeed)
    MakeValid_Volume                         0x080012c5   Thumb Code     8  flash.o(i.MakeValid_Volume)
    MemManage_Handler                        0x080012cd   Thumb Code     2  ch32f10x_it.o(i.MemManage_Handler)
    MorseTree_Init                           0x080012d1   Thumb Code    52  cw.o(i.MorseTree_Init)
    NMI_Handler                              0x08001311   Thumb Code     2  ch32f10x_it.o(i.NMI_Handler)
    NVIC_Init                                0x08001315   Thumb Code    96  ch32f10x_misc.o(i.NVIC_Init)
    NVIC_PriorityGroupConfig                 0x08001379   Thumb Code    10  ch32f10x_misc.o(i.NVIC_PriorityGroupConfig)
    OLED_Clear                               0x0800138d   Thumb Code    34  oled.o(i.OLED_Clear)
    OLED_Display_On                          0x080013b5   Thumb Code    30  oled.o(i.OLED_Display_On)
    OLED_DrawDah                             0x080013d3   Thumb Code    26  oled_ui.o(i.OLED_DrawDah)
    OLED_DrawDit                             0x080013ed   Thumb Code    26  oled_ui.o(i.OLED_DrawDit)
    OLED_DrawPoint                           0x08001409   Thumb Code    56  oled.o(i.OLED_DrawPoint)
    OLED_DrawRect                            0x08001445   Thumb Code    80  oled.o(i.OLED_DrawRect)
    OLED_Fill                                0x08001495   Thumb Code    72  oled.o(i.OLED_Fill)
    OLED_Init                                0x080014dd   Thumb Code   290  oled.o(i.OLED_Init)
    OLED_Refresh_Gram                        0x08001609   Thumb Code    66  oled.o(i.OLED_Refresh_Gram)
    OLED_Show3FNum                           0x08001651   Thumb Code   450  oled.o(i.OLED_Show3FNum)
    OLED_ShowCH_16                           0x08001829   Thumb Code   100  oled.o(i.OLED_ShowCH_16)
    OLED_ShowChar                            0x08001891   Thumb Code   140  oled.o(i.OLED_ShowChar)
    OLED_ShowChar_2216                       0x08001921   Thumb Code   114  oled.o(i.OLED_ShowChar_2216)
    OLED_ShowNum                             0x08001999   Thumb Code   126  oled.o(i.OLED_ShowNum)
    OLED_ShowString                          0x08001a17   Thumb Code    78  oled.o(i.OLED_ShowString)
    OLED_Show_MyPic1616                      0x08001a65   Thumb Code   106  oled.o(i.OLED_Show_MyPic1616)
    OLED_Show_MyPic2012                      0x08001ad5   Thumb Code   110  oled.o(i.OLED_Show_MyPic2012)
    OLED_WR_Byte                             0x08001b49   Thumb Code   138  oled.o(i.OLED_WR_Byte)
    PendSV_Handler                           0x08001bdd   Thumb Code     2  ch32f10x_it.o(i.PendSV_Handler)
    RCC_ADCCLKConfig                         0x08001be1   Thumb Code    14  ch32f10x_rcc.o(i.RCC_ADCCLKConfig)
    RCC_AHBPeriphClockCmd                    0x08001bf5   Thumb Code    22  ch32f10x_rcc.o(i.RCC_AHBPeriphClockCmd)
    RCC_APB1PeriphClockCmd                   0x08001c11   Thumb Code    22  ch32f10x_rcc.o(i.RCC_APB1PeriphClockCmd)
    RCC_APB2PeriphClockCmd                   0x08001c2d   Thumb Code    22  ch32f10x_rcc.o(i.RCC_APB2PeriphClockCmd)
    RCC_APB2PeriphResetCmd                   0x08001c49   Thumb Code    22  ch32f10x_rcc.o(i.RCC_APB2PeriphResetCmd)
    SVC_Handler                              0x08001c65   Thumb Code     2  ch32f10x_it.o(i.SVC_Handler)
    StrAppend                                0x08001d1d   Thumb Code    18  oled_ui.o(i.StrAppend)
    SysTick_CLKSourceConfig                  0x08001d2f   Thumb Code    28  ch32f10x_misc.o(i.SysTick_CLKSourceConfig)
    SysTick_Handler                          0x08001d4b   Thumb Code     2  ch32f10x_it.o(i.SysTick_Handler)
    SystemInit                               0x08001d4d   Thumb Code    64  system_ch32f10x.o(i.SystemInit)
    TASK_BlindType                           0x08001d9d   Thumb Code   536  timer.o(i.TASK_BlindType)
    TASK_FreeType                            0x08001fe9   Thumb Code   336  timer.o(i.TASK_FreeType)
    TASK_ListenType                          0x08002169   Thumb Code   562  timer.o(i.TASK_ListenType)
    TASK_RandType                            0x080023bd   Thumb Code   558  timer.o(i.TASK_RandType)
    TIM1_TASK_Init                           0x08002621   Thumb Code   104  timer.o(i.TIM1_TASK_Init)
    TIM1_UP_IRQHandler                       0x0800268d   Thumb Code   176  timer.o(i.TIM1_UP_IRQHandler)
    TIM3_DAC_Init                            0x0800274d   Thumb Code    58  dac.o(i.TIM3_DAC_Init)
    TIM_ClearITPendingBit                    0x0800278d   Thumb Code     6  ch32f10x_tim.o(i.TIM_ClearITPendingBit)
    TIM_Cmd                                  0x08002793   Thumb Code    24  ch32f10x_tim.o(i.TIM_Cmd)
    TIM_GetITStatus                          0x080027ab   Thumb Code    24  ch32f10x_tim.o(i.TIM_GetITStatus)
    TIM_ITConfig                             0x080027c3   Thumb Code    20  ch32f10x_tim.o(i.TIM_ITConfig)
    TIM_SelectOutputTrigger                  0x080027d7   Thumb Code    16  ch32f10x_tim.o(i.TIM_SelectOutputTrigger)
    TIM_TimeBaseInit                         0x080027e9   Thumb Code    68  ch32f10x_tim.o(i.TIM_TimeBaseInit)
    UI_AutoSaveSetting                       0x08002839   Thumb Code   124  oled_ui.o(i.UI_AutoSaveSetting)
    UI_DrawBattery                           0x080028bd   Thumb Code   236  oled_ui.o(i.UI_DrawBattery)
    UI_DrawDitDah                            0x080029c9   Thumb Code    90  oled_ui.o(i.UI_DrawDitDah)
    UI_EarPhoneCheck                         0x08002a25   Thumb Code    30  oled_ui.o(i.UI_EarPhoneCheck)
    UI_MorceCode                             0x08002a4d   Thumb Code    52  oled_ui.o(i.UI_MorceCode)
    UI_SendSpeedDisplay                      0x08002aa1   Thumb Code   104  oled_ui.o(i.UI_SendSpeedDisplay)
    UI_ShowMode                              0x08002b09   Thumb Code   200  oled_ui.o(i.UI_ShowMode)
    UI_VolumeDisplay                         0x08002bd5   Thumb Code   104  oled_ui.o(i.UI_VolumeDisplay)
    Update_System_Setting                    0x08002c3d   Thumb Code    16  flash.o(i.Update_System_Setting)
    UsageFault_Handler                       0x08002c59   Thumb Code     2  ch32f10x_it.o(i.UsageFault_Handler)
    createMorseTree                          0x08002c5d   Thumb Code    36  cw.o(i.createMorseTree)
    delay_ms                                 0x08002c89   Thumb Code    46  debug.o(i.delay_ms)
    generate_random_number                   0x08002cbd   Thumb Code    24  cw.o(i.generate_random_number)
    insertMorseCode                          0x08002cd5   Thumb Code    62  cw.o(i.insertMorseCode)
    letter2MorseCode                         0x08002d15   Thumb Code    24  cw.o(i.letter2MorseCode)
    letter2num                               0x08002d31   Thumb Code    38  cw.o(i.letter2num)
    main                                     0x08002d5d   Thumb Code  1184  main.o(i.main)
    my_fabs                                  0x080031fd   Thumb Code    12  bsp_adc.o(i.my_fabs)
    mypow                                    0x08003209   Thumb Code    16  oled.o(i.mypow)
    num2letter                               0x08003219   Thumb Code    28  cw.o(i.num2letter)
    searchMorseCode                          0x08003239   Thumb Code    34  cw.o(i.searchMorseCode)
    __aeabi_d2f                              0x0800325d   Thumb Code     0  d2f.o(x$fpl$d2f)
    _d2f                                     0x0800325d   Thumb Code    98  d2f.o(x$fpl$d2f)
    __aeabi_dmul                             0x080032c1   Thumb Code     0  dmul.o(x$fpl$dmul)
    _dmul                                    0x080032c1   Thumb Code   332  dmul.o(x$fpl$dmul)
    __fpl_dnaninf                            0x08003415   Thumb Code   156  dnaninf.o(x$fpl$dnaninf)
    __fpl_dretinf                            0x080034b1   Thumb Code    12  dretinf.o(x$fpl$dretinf)
    __aeabi_f2d                              0x080034bd   Thumb Code     0  f2d.o(x$fpl$f2d)
    _f2d                                     0x080034bd   Thumb Code    86  f2d.o(x$fpl$f2d)
    __aeabi_fadd                             0x08003515   Thumb Code     0  faddsub_clz.o(x$fpl$fadd)
    _fadd                                    0x08003515   Thumb Code   196  faddsub_clz.o(x$fpl$fadd)
    __aeabi_fdiv                             0x080035d9   Thumb Code     0  fdiv.o(x$fpl$fdiv)
    _fdiv                                    0x080035d9   Thumb Code   384  fdiv.o(x$fpl$fdiv)
    __aeabi_f2iz                             0x0800375d   Thumb Code     0  ffix.o(x$fpl$ffix)
    _ffix                                    0x0800375d   Thumb Code    54  ffix.o(x$fpl$ffix)
    __aeabi_f2uiz                            0x08003795   Thumb Code     0  ffixu.o(x$fpl$ffixu)
    _ffixu                                   0x08003795   Thumb Code    62  ffixu.o(x$fpl$ffixu)
    __aeabi_i2f                              0x080037d5   Thumb Code     0  fflt_clz.o(x$fpl$fflt)
    _fflt                                    0x080037d5   Thumb Code    48  fflt_clz.o(x$fpl$fflt)
    __aeabi_fmul                             0x08003805   Thumb Code     0  fmul.o(x$fpl$fmul)
    _fmul                                    0x08003805   Thumb Code   258  fmul.o(x$fpl$fmul)
    __fpl_fnaninf                            0x08003907   Thumb Code   140  fnaninf.o(x$fpl$fnaninf)
    __fpl_fretinf                            0x08003993   Thumb Code    10  fretinf.o(x$fpl$fretinf)
    __aeabi_fsub                             0x0800399d   Thumb Code     0  faddsub_clz.o(x$fpl$fsub)
    _fsub                                    0x0800399d   Thumb Code   234  faddsub_clz.o(x$fpl$fsub)
    __I$use$fp                               0x08003a86   Number         0  usenofp.o(x$fpl$usenofp)
    VolumeList                               0x08003a88   Data          36  main.o(.constdata)
    asc2_2216                                0x08003aac   Data        2376  oled.o(.constdata)
    asc2_1608                                0x080043f4   Data        1520  oled.o(.constdata)
    Letters                                  0x080049e4   Data          54  cw.o(.constdata)
    Region$$Table$$Base                      0x08004bd4   Number         0  anon$$obj.o(Region$$Table)
    Region$$Table$$Limit                     0x08004bf4   Number         0  anon$$obj.o(Region$$Table)
    VolumeChange_Flag                        0x20000000   Data           1  main.o(.data)
    VolumeModified_Flag                      0x20000001   Data           1  main.o(.data)
    EarPhone_MODE_FLAG                       0x20000002   Data           1  main.o(.data)
    SystemCoreClock                          0x20000004   Data           4  system_ch32f10x.o(.data)
    AHBPrescTable                            0x20000008   Data          16  system_ch32f10x.o(.data)
    Calibrattion_Val                         0x2000001e   Data           2  bsp_adc.o(.data)
    ADC_Buffer                               0x20000020   Data           4  bsp_adc.o(.data)
    Battery_Voltage                          0x20000024   Data           4  bsp_adc.o(.data)
    EarphoneEnd_Voltage                      0x20000028   Data           4  bsp_adc.o(.data)
    time_dit                                 0x20000038   Data           4  key.o(.data)
    time_dah                                 0x2000003c   Data           4  key.o(.data)
    time_space_bit                           0x20000040   Data           4  key.o(.data)
    time_space_letter                        0x20000044   Data           4  key.o(.data)
    time_space_word                          0x20000048   Data           4  key.o(.data)
    Ch16                                     0x2000004f   Data         544  oled.o(.data)
    MyPic2012                                0x2000026f   Data         108  oled.o(.data)
    MyPic1616                                0x200002db   Data          64  oled.o(.data)
    DIT_PRESS_GLOBAL                         0x2000031c   Data           1  timer.o(.data)
    DAH_PRESS_GLOBAL                         0x2000031d   Data           1  timer.o(.data)
    GLOBAL_WorkMode                          0x2000031e   Data           1  timer.o(.data)
    GLOBAL_incorrect_counter                 0x2000031f   Data           1  timer.o(.data)
    GLOBAL_FLAG_WORKING                      0x20000320   Data           1  timer.o(.data)
    GLOBAL_FLAG_NewLetter                    0x20000321   Data           1  timer.o(.data)
    GLOBAL_CorrectLetter                     0x20000322   Data           1  timer.o(.data)
    GLOBAL_ChoiceA                           0x20000323   Data           1  timer.o(.data)
    GLOBAL_ChoiceB                           0x20000324   Data           1  timer.o(.data)
    GLOBAL_ratio_correct                     0x20000338   Data           4  timer.o(.data)
    VolumeList_index                         0x20000398   Data           1  timer.o(.data)
    GLOBAL_SendSpeed                         0x20000399   Data           1  timer.o(.data)
    GLOBAL_BottomString                      0x2000039a   Data          17  timer.o(.data)
    System_Setting_Info_default              0x200003ac   Data         128  flash.o(.data)
    WAV_DATA3                                0x2000042c   Data          40  dac.o(.data)
    CW_Code_idx                              0x20000454   Data           1  cw.o(.data)
    node_index                               0x20000455   Data           1  cw.o(.data)
    MorseDictionary                          0x20000458   Data         216  cw.o(.data)
    MorseStringAsLength                      0x20000530   Data          24  cw.o(.data)
    CW_Code                                  0x20000548   Data           7  cw.o(.data)
    CW_Code_last                             0x2000054f   Data           7  cw.o(.data)
    CW_Letter                                0x20000556   Data           1  cw.o(.data)
    OLED_GRAM                                0x200005ac   Data        1024  oled.o(.bss)
    System_Setting_Info                      0x200009c0   Data         128  flash.o(.bss)
    WAVE_NOW                                 0x20000a40   Data          40  dac.o(.bss)
    MorseTreeRoot                            0x20000a68   Data          12  cw.o(.bss)
    MorseTreeNode                            0x20000a74   Data         768  cw.o(.bss)
    _random_number_data                      0x20000d74   Data         228  rand.o(.bss)
    __libspace_start                         0x20000e58   Data          96  libspace.o(.bss)
    __temporary_stack_top$libspace           0x20000eb8   Data           0  libspace.o(.bss)



==============================================================================

Memory Map of the image

  Image Entry point : 0x080000f1

  Load Region LR_IROM1 (Base: 0x08000000, Size: 0x00005150, Max: 0x00010000, ABSOLUTE, COMPRESSED[0x00004f68])

    Execution Region ER_IROM1 (Exec base: 0x08000000, Load base: 0x08000000, Size: 0x00004bf4, Max: 0x00010000, ABSOLUTE)

    Exec Addr    Load Addr    Size         Type   Attr      Idx    E Section Name        Object

    0x08000000   0x08000000   0x000000f0   Data   RO          250    RESET               startup_ch32f10x.o
    0x080000f0   0x080000f0   0x00000008   Code   RO         3789  * !!!main             c_w.l(__main.o)
    0x080000f8   0x080000f8   0x00000034   Code   RO         4043    !!!scatter          c_w.l(__scatter.o)
    0x0800012c   0x0800012c   0x0000005a   Code   RO         4041    !!dczerorl2         c_w.l(__dczerorl2.o)
    0x08000186   0x08000186   0x00000002   PAD
    0x08000188   0x08000188   0x0000001c   Code   RO         4045    !!handler_zi        c_w.l(__scatter_zi.o)
    0x080001a4   0x080001a4   0x00000002   Code   RO         3975    .ARM.Collect$$libinit$$00000000  c_w.l(libinit.o)
    0x080001a6   0x080001a6   0x00000000   Code   RO         3856    .ARM.Collect$$libinit$$00000002  c_w.l(libinit2.o)
    0x080001a6   0x080001a6   0x00000000   Code   RO         3858    .ARM.Collect$$libinit$$00000004  c_w.l(libinit2.o)
    0x080001a6   0x080001a6   0x00000000   Code   RO         3861    .ARM.Collect$$libinit$$0000000A  c_w.l(libinit2.o)
    0x080001a6   0x080001a6   0x00000000   Code   RO         3863    .ARM.Collect$$libinit$$0000000C  c_w.l(libinit2.o)
    0x080001a6   0x080001a6   0x00000004   Code   RO         3864    .ARM.Collect$$libinit$$0000000D  c_w.l(libinit2.o)
    0x080001aa   0x080001aa   0x00000000   Code   RO         3865    .ARM.Collect$$libinit$$0000000E  c_w.l(libinit2.o)
    0x080001aa   0x080001aa   0x00000000   Code   RO         3868    .ARM.Collect$$libinit$$00000011  c_w.l(libinit2.o)
    0x080001aa   0x080001aa   0x00000000   Code   RO         3870    .ARM.Collect$$libinit$$00000013  c_w.l(libinit2.o)
    0x080001aa   0x080001aa   0x00000000   Code   RO         3872    .ARM.Collect$$libinit$$00000015  c_w.l(libinit2.o)
    0x080001aa   0x080001aa   0x00000000   Code   RO         3874    .ARM.Collect$$libinit$$00000017  c_w.l(libinit2.o)
    0x080001aa   0x080001aa   0x00000000   Code   RO         3876    .ARM.Collect$$libinit$$00000019  c_w.l(libinit2.o)
    0x080001aa   0x080001aa   0x00000000   Code   RO         3878    .ARM.Collect$$libinit$$0000001B  c_w.l(libinit2.o)
    0x080001aa   0x080001aa   0x00000000   Code   RO         3880    .ARM.Collect$$libinit$$0000001D  c_w.l(libinit2.o)
    0x080001aa   0x080001aa   0x00000000   Code   RO         3882    .ARM.Collect$$libinit$$0000001F  c_w.l(libinit2.o)
    0x080001aa   0x080001aa   0x00000000   Code   RO         3884    .ARM.Collect$$libinit$$00000021  c_w.l(libinit2.o)
    0x080001aa   0x080001aa   0x00000000   Code   RO         3886    .ARM.Collect$$libinit$$00000023  c_w.l(libinit2.o)
    0x080001aa   0x080001aa   0x00000000   Code   RO         3888    .ARM.Collect$$libinit$$00000025  c_w.l(libinit2.o)
    0x080001aa   0x080001aa   0x00000000   Code   RO         3892    .ARM.Collect$$libinit$$0000002C  c_w.l(libinit2.o)
    0x080001aa   0x080001aa   0x00000000   Code   RO         3894    .ARM.Collect$$libinit$$0000002E  c_w.l(libinit2.o)
    0x080001aa   0x080001aa   0x00000000   Code   RO         3896    .ARM.Collect$$libinit$$00000030  c_w.l(libinit2.o)
    0x080001aa   0x080001aa   0x00000000   Code   RO         3898    .ARM.Collect$$libinit$$00000032  c_w.l(libinit2.o)
    0x080001aa   0x080001aa   0x00000002   Code   RO         3899    .ARM.Collect$$libinit$$00000033  c_w.l(libinit2.o)
    0x080001ac   0x080001ac   0x00000002   Code   RO         4038    .ARM.Collect$$libshutdown$$00000000  c_w.l(libshutdown.o)
    0x080001ae   0x080001ae   0x00000000   Code   RO         3992    .ARM.Collect$$libshutdown$$00000002  c_w.l(libshutdown2.o)
    0x080001ae   0x080001ae   0x00000000   Code   RO         3994    .ARM.Collect$$libshutdown$$00000004  c_w.l(libshutdown2.o)
    0x080001ae   0x080001ae   0x00000000   Code   RO         3996    .ARM.Collect$$libshutdown$$00000006  c_w.l(libshutdown2.o)
    0x080001ae   0x080001ae   0x00000000   Code   RO         3999    .ARM.Collect$$libshutdown$$00000009  c_w.l(libshutdown2.o)
    0x080001ae   0x080001ae   0x00000000   Code   RO         4002    .ARM.Collect$$libshutdown$$0000000C  c_w.l(libshutdown2.o)
    0x080001ae   0x080001ae   0x00000000   Code   RO         4004    .ARM.Collect$$libshutdown$$0000000E  c_w.l(libshutdown2.o)
    0x080001ae   0x080001ae   0x00000000   Code   RO         4007    .ARM.Collect$$libshutdown$$00000011  c_w.l(libshutdown2.o)
    0x080001ae   0x080001ae   0x00000002   Code   RO         4008    .ARM.Collect$$libshutdown$$00000012  c_w.l(libshutdown2.o)
    0x080001b0   0x080001b0   0x00000000   Code   RO         3825    .ARM.Collect$$rtentry$$00000000  c_w.l(__rtentry.o)
    0x080001b0   0x080001b0   0x00000000   Code   RO         3913    .ARM.Collect$$rtentry$$00000002  c_w.l(__rtentry2.o)
    0x080001b0   0x080001b0   0x00000006   Code   RO         3925    .ARM.Collect$$rtentry$$00000004  c_w.l(__rtentry4.o)
    0x080001b6   0x080001b6   0x00000000   Code   RO         3915    .ARM.Collect$$rtentry$$00000009  c_w.l(__rtentry2.o)
    0x080001b6   0x080001b6   0x00000004   Code   RO         3916    .ARM.Collect$$rtentry$$0000000A  c_w.l(__rtentry2.o)
    0x080001ba   0x080001ba   0x00000000   Code   RO         3918    .ARM.Collect$$rtentry$$0000000C  c_w.l(__rtentry2.o)
    0x080001ba   0x080001ba   0x00000008   Code   RO         3919    .ARM.Collect$$rtentry$$0000000D  c_w.l(__rtentry2.o)
    0x080001c2   0x080001c2   0x00000002   Code   RO         3981    .ARM.Collect$$rtexit$$00000000  c_w.l(rtexit.o)
    0x080001c4   0x080001c4   0x00000000   Code   RO         4012    .ARM.Collect$$rtexit$$00000002  c_w.l(rtexit2.o)
    0x080001c4   0x080001c4   0x00000004   Code   RO         4013    .ARM.Collect$$rtexit$$00000003  c_w.l(rtexit2.o)
    0x080001c8   0x080001c8   0x00000006   Code   RO         4014    .ARM.Collect$$rtexit$$00000004  c_w.l(rtexit2.o)
    0x080001ce   0x080001ce   0x00000002   PAD
    0x080001d0   0x080001d0   0x00000034   Code   RO         3770    .emb_text           c_w.l(rand.o)
    0x08000204   0x08000204   0x00000040   Code   RO          251    .text               startup_ch32f10x.o
    0x08000244   0x08000244   0x0000003c   Code   RO         3771    .text               c_w.l(rand.o)
    0x08000280   0x08000280   0x00000048   Code   RO         3775    .text               c_w.l(strcpy.o)
    0x080002c8   0x080002c8   0x0000003e   Code   RO         3777    .text               c_w.l(strlen.o)
    0x08000306   0x08000306   0x0000008a   Code   RO         3779    .text               c_w.l(rt_memcpy_v6.o)
    0x08000390   0x08000390   0x00000044   Code   RO         3781    .text               c_w.l(rt_memclr.o)
    0x080003d4   0x080003d4   0x0000004e   Code   RO         3783    .text               c_w.l(rt_memclr_w.o)
    0x08000422   0x08000422   0x00000056   Code   RO         3785    .text               c_w.l(strncpy.o)
    0x08000478   0x08000478   0x00000006   Code   RO         3787    .text               c_w.l(heapauxi.o)
    0x0800047e   0x0800047e   0x00000064   Code   RO         3853    .text               c_w.l(rt_memcpy_w.o)
    0x080004e2   0x080004e2   0x00000002   PAD
    0x080004e4   0x080004e4   0x00000008   Code   RO         3909    .text               c_w.l(libspace.o)
    0x080004ec   0x080004ec   0x0000004a   Code   RO         3952    .text               c_w.l(sys_stackheap_outer.o)
    0x08000536   0x08000536   0x00000012   Code   RO         3960    .text               c_w.l(exit.o)
    0x08000548   0x08000548   0x0000000c   Code   RO         3976    .text               c_w.l(sys_exit.o)
    0x08000554   0x08000554   0x00000002   Code   RO         3978    .text               c_w.l(use_no_semi.o)
    0x08000556   0x08000556   0x00000000   Code   RO         3980    .text               c_w.l(indicate_semi.o)
    0x08000556   0x08000556   0x00000018   Code   RO          319    i.ADC_Cmd           ch32f10x_adc.o
    0x0800056e   0x0800056e   0x00000018   Code   RO          320    i.ADC_DMACmd        ch32f10x_adc.o
    0x08000586   0x08000586   0x00000002   PAD
    0x08000588   0x08000588   0x00000024   Code   RO          321    i.ADC_DeInit        ch32f10x_adc.o
    0x080005ac   0x080005ac   0x00000018   Code   RO          324    i.ADC_ExternalTrigConvCmd  ch32f10x_adc.o
    0x080005c4   0x080005c4   0x0000000e   Code   RO          327    i.ADC_GetCalibrationStatus  ch32f10x_adc.o
    0x080005d2   0x080005d2   0x0000000e   Code   RO          333    i.ADC_GetResetCalibrationStatus  ch32f10x_adc.o
    0x080005e0   0x080005e0   0x00000048   Code   RO          337    i.ADC_Init          ch32f10x_adc.o
    0x08000628   0x08000628   0x00000074   Code   RO          341    i.ADC_RegularChannelConfig  ch32f10x_adc.o
    0x0800069c   0x0800069c   0x0000000a   Code   RO          342    i.ADC_ResetCalibration  ch32f10x_adc.o
    0x080006a6   0x080006a6   0x00000018   Code   RO          344    i.ADC_SoftwareStartConvCmd  ch32f10x_adc.o
    0x080006be   0x080006be   0x0000000a   Code   RO          346    i.ADC_StartCalibration  ch32f10x_adc.o
    0x080006c8   0x080006c8   0x00000020   Code   RO         3121    i.Adc2Voltage_mV    bsp_adc.o
    0x080006e8   0x080006e8   0x00000034   Code   RO         3106    i.AmpSD_GPIO_Init   beep.o
    0x0800071c   0x0800071c   0x000000ec   Code   RO         3122    i.BSP_ADC_Base_Init  bsp_adc.o
    0x08000808   0x08000808   0x00000012   Code   RO         3123    i.BSP_ADC_Init      bsp_adc.o
    0x0800081a   0x0800081a   0x00000022   Code   RO         3124    i.BSP_ADC_NVIC_Config  bsp_adc.o
    0x0800083c   0x0800083c   0x00000070   Code   RO         3125    i.BSP_DMA_ADC_Tx_Init  bsp_adc.o
    0x080008ac   0x080008ac   0x00000048   Code   RO         3418    i.BSP_Flash_Read_Info  flash.o
    0x080008f4   0x080008f4   0x000000b8   Code   RO         3419    i.BSP_Flash_Write_Info  flash.o
    0x080009ac   0x080009ac   0x0000003c   Code   RO         3515    i.Battery_TP4056_GPIO_Init  battery.o
    0x080009e8   0x080009e8   0x00000002   Code   RO          151    i.BusFault_Handler  ch32f10x_it.o
    0x080009ea   0x080009ea   0x00000002   PAD
    0x080009ec   0x080009ec   0x0000002c   Code   RO         3178    i.Button_Init       key.o
    0x08000a18   0x08000a18   0x00000088   Code   RO         3179    i.Button_Scan       key.o
    0x08000aa0   0x08000aa0   0x00000018   Code   RO         3530    i.ClearStr          cw.o
    0x08000ab8   0x08000ab8   0x00000018   Code   RO         3531    i.CopyStr           cw.o
    0x08000ad0   0x08000ad0   0x00000070   Code   RO         3461    i.DAC1_DMA_Init     dac.o
    0x08000b40   0x08000b40   0x0000006c   Code   RO         3462    i.DAC_BUZZ_Init     dac.o
    0x08000bac   0x08000bac   0x00000020   Code   RO          822    i.DAC_Cmd           ch32f10x_dac.o
    0x08000bcc   0x08000bcc   0x00000020   Code   RO          823    i.DAC_DMACmd        ch32f10x_dac.o
    0x08000bec   0x08000bec   0x00000028   Code   RO          826    i.DAC_Init          ch32f10x_dac.o
    0x08000c14   0x08000c14   0x00000016   Code   RO         3463    i.DAC_MUSIC_Init    dac.o
    0x08000c2a   0x08000c2a   0x00000002   PAD
    0x08000c2c   0x08000c2c   0x0000003c   Code   RO         3464    i.DAC_SetFreq       dac.o
    0x08000c68   0x08000c68   0x0000002c   Code   RO         3180    i.DKEY_Init         key.o
    0x08000c94   0x08000c94   0x000000a8   Code   RO         3126    i.DMA1_Channel1_IRQHandler  bsp_adc.o
    0x08000d3c   0x08000d3c   0x00000018   Code   RO          913    i.DMA_ClearITPendingBit  ch32f10x_dma.o
    0x08000d54   0x08000d54   0x0000001a   Code   RO          914    i.DMA_Cmd           ch32f10x_dma.o
    0x08000d6e   0x08000d6e   0x00000002   PAD
    0x08000d70   0x08000d70   0x000000f8   Code   RO          915    i.DMA_DeInit        ch32f10x_dma.o
    0x08000e68   0x08000e68   0x00000024   Code   RO          918    i.DMA_GetITStatus   ch32f10x_dma.o
    0x08000e8c   0x08000e8c   0x00000014   Code   RO          919    i.DMA_ITConfig      ch32f10x_dma.o
    0x08000ea0   0x08000ea0   0x0000003a   Code   RO          920    i.DMA_Init          ch32f10x_dma.o
    0x08000eda   0x08000eda   0x0000001a   Code   RO          922    i.DMA_StructInit    ch32f10x_dma.o
    0x08000ef4   0x08000ef4   0x00000002   Code   RO          152    i.DebugMon_Handler  ch32f10x_it.o
    0x08000ef6   0x08000ef6   0x00000002   PAD
    0x08000ef8   0x08000ef8   0x0000003c   Code   RO          266    i.Delay_Init        debug.o
    0x08000f34   0x08000f34   0x00000044   Code   RO         3465    i.EarPhone_WAVE     dac.o
    0x08000f78   0x08000f78   0x0000003c   Code   RO         1038    i.FLASH_BufLoad     ch32f10x_flash.o
    0x08000fb4   0x08000fb4   0x00000028   Code   RO         1039    i.FLASH_BufReset    ch32f10x_flash.o
    0x08000fdc   0x08000fdc   0x00000034   Code   RO         1046    i.FLASH_ErasePage_Fast  ch32f10x_flash.o
    0x08001010   0x08001010   0x00000010   Code   RO         1058    i.FLASH_Lock_Fast   ch32f10x_flash.o
    0x08001020   0x08001020   0x00000034   Code   RO         1062    i.FLASH_ProgramPage_Fast  ch32f10x_flash.o
    0x08001054   0x08001054   0x0000001c   Code   RO         1068    i.FLASH_Unlock_Fast  ch32f10x_flash.o
    0x08001070   0x08001070   0x000000a6   Code   RO         1253    i.GPIO_Init         ch32f10x_gpio.o
    0x08001116   0x08001116   0x00000004   Code   RO         1260    i.GPIO_ResetBits    ch32f10x_gpio.o
    0x0800111a   0x0800111a   0x00000004   Code   RO         1261    i.GPIO_SetBits      ch32f10x_gpio.o
    0x0800111e   0x0800111e   0x00000010   Code   RO         3532    i.GetCharFromMorseCode  cw.o
    0x0800112e   0x0800112e   0x00000108   Code   RO          349    i.Get_CalibrationValue  ch32f10x_adc.o
    0x08001236   0x08001236   0x00000002   Code   RO          153    i.HardFault_Handler  ch32f10x_it.o
    0x08001238   0x08001238   0x00000084   Code   RO            1    i.HardWare_Init     main.o
    0x080012bc   0x080012bc   0x00000008   Code   RO         3420    i.MakeValid_SendSpeed  flash.o
    0x080012c4   0x080012c4   0x00000008   Code   RO         3421    i.MakeValid_Volume  flash.o
    0x080012cc   0x080012cc   0x00000002   Code   RO          154    i.MemManage_Handler  ch32f10x_it.o
    0x080012ce   0x080012ce   0x00000002   PAD
    0x080012d0   0x080012d0   0x00000040   Code   RO         3533    i.MorseTree_Init    cw.o
    0x08001310   0x08001310   0x00000002   Code   RO          155    i.NMI_Handler       ch32f10x_it.o
    0x08001312   0x08001312   0x00000002   PAD
    0x08001314   0x08001314   0x00000064   Code   RO         1602    i.NVIC_Init         ch32f10x_misc.o
    0x08001378   0x08001378   0x00000014   Code   RO         1603    i.NVIC_PriorityGroupConfig  ch32f10x_misc.o
    0x0800138c   0x0800138c   0x00000028   Code   RO         3224    i.OLED_Clear        oled.o
    0x080013b4   0x080013b4   0x0000001e   Code   RO         3226    i.OLED_Display_On   oled.o
    0x080013d2   0x080013d2   0x0000001a   Code   RO         3626    i.OLED_DrawDah      oled_ui.o
    0x080013ec   0x080013ec   0x0000001a   Code   RO         3627    i.OLED_DrawDit      oled_ui.o
    0x08001406   0x08001406   0x00000002   PAD
    0x08001408   0x08001408   0x0000003c   Code   RO         3227    i.OLED_DrawPoint    oled.o
    0x08001444   0x08001444   0x00000050   Code   RO         3228    i.OLED_DrawRect     oled.o
    0x08001494   0x08001494   0x00000048   Code   RO         3229    i.OLED_Fill         oled.o
    0x080014dc   0x080014dc   0x0000012c   Code   RO         3230    i.OLED_Init         oled.o
    0x08001608   0x08001608   0x00000048   Code   RO         3231    i.OLED_Refresh_Gram  oled.o
    0x08001650   0x08001650   0x000001d8   Code   RO         3232    i.OLED_Show3FNum    oled.o
    0x08001828   0x08001828   0x00000068   Code   RO         3233    i.OLED_ShowCH_16    oled.o
    0x08001890   0x08001890   0x00000090   Code   RO         3234    i.OLED_ShowChar     oled.o
    0x08001920   0x08001920   0x00000078   Code   RO         3235    i.OLED_ShowChar_2216  oled.o
    0x08001998   0x08001998   0x0000007e   Code   RO         3237    i.OLED_ShowNum      oled.o
    0x08001a16   0x08001a16   0x0000004e   Code   RO         3238    i.OLED_ShowString   oled.o
    0x08001a64   0x08001a64   0x00000070   Code   RO         3239    i.OLED_Show_MyPic1616  oled.o
    0x08001ad4   0x08001ad4   0x00000074   Code   RO         3240    i.OLED_Show_MyPic2012  oled.o
    0x08001b48   0x08001b48   0x00000094   Code   RO         3241    i.OLED_WR_Byte      oled.o
    0x08001bdc   0x08001bdc   0x00000002   Code   RO          156    i.PendSV_Handler    ch32f10x_it.o
    0x08001bde   0x08001bde   0x00000002   PAD
    0x08001be0   0x08001be0   0x00000014   Code   RO         1698    i.RCC_ADCCLKConfig  ch32f10x_rcc.o
    0x08001bf4   0x08001bf4   0x0000001c   Code   RO         1699    i.RCC_AHBPeriphClockCmd  ch32f10x_rcc.o
    0x08001c10   0x08001c10   0x0000001c   Code   RO         1700    i.RCC_APB1PeriphClockCmd  ch32f10x_rcc.o
    0x08001c2c   0x08001c2c   0x0000001c   Code   RO         1702    i.RCC_APB2PeriphClockCmd  ch32f10x_rcc.o
    0x08001c48   0x08001c48   0x0000001c   Code   RO         1703    i.RCC_APB2PeriphResetCmd  ch32f10x_rcc.o
    0x08001c64   0x08001c64   0x00000002   Code   RO          157    i.SVC_Handler       ch32f10x_it.o
    0x08001c66   0x08001c66   0x00000004   Code   RO          214    i.SetSysClock       system_ch32f10x.o
    0x08001c6a   0x08001c6a   0x00000002   PAD
    0x08001c6c   0x08001c6c   0x000000b0   Code   RO          215    i.SetSysClockTo72_HSE  system_ch32f10x.o
    0x08001d1c   0x08001d1c   0x00000012   Code   RO         3628    i.StrAppend         oled_ui.o
    0x08001d2e   0x08001d2e   0x0000001c   Code   RO         1606    i.SysTick_CLKSourceConfig  ch32f10x_misc.o
    0x08001d4a   0x08001d4a   0x00000002   Code   RO          158    i.SysTick_Handler   ch32f10x_it.o
    0x08001d4c   0x08001d4c   0x00000050   Code   RO          217    i.SystemInit        system_ch32f10x.o
    0x08001d9c   0x08001d9c   0x0000024c   Code   RO         3356    i.TASK_BlindType    timer.o
    0x08001fe8   0x08001fe8   0x00000180   Code   RO         3358    i.TASK_FreeType     timer.o
    0x08002168   0x08002168   0x00000254   Code   RO         3359    i.TASK_ListenType   timer.o
    0x080023bc   0x080023bc   0x00000264   Code   RO         3360    i.TASK_RandType     timer.o
    0x08002620   0x08002620   0x0000006c   Code   RO         3361    i.TIM1_TASK_Init    timer.o
    0x0800268c   0x0800268c   0x000000c0   Code   RO         3362    i.TIM1_UP_IRQHandler  timer.o
    0x0800274c   0x0800274c   0x00000040   Code   RO         3466    i.TIM3_DAC_Init     dac.o
    0x0800278c   0x0800278c   0x00000006   Code   RO         2143    i.TIM_ClearITPendingBit  ch32f10x_tim.o
    0x08002792   0x08002792   0x00000018   Code   RO         2148    i.TIM_Cmd           ch32f10x_tim.o
    0x080027aa   0x080027aa   0x00000018   Code   RO         2169    i.TIM_GetITStatus   ch32f10x_tim.o
    0x080027c2   0x080027c2   0x00000014   Code   RO         2173    i.TIM_ITConfig      ch32f10x_tim.o
    0x080027d6   0x080027d6   0x00000010   Code   RO         2205    i.TIM_SelectOutputTrigger  ch32f10x_tim.o
    0x080027e6   0x080027e6   0x00000002   PAD
    0x080027e8   0x080027e8   0x00000050   Code   RO         2219    i.TIM_TimeBaseInit  ch32f10x_tim.o
    0x08002838   0x08002838   0x00000084   Code   RO         3629    i.UI_AutoSaveSetting  oled_ui.o
    0x080028bc   0x080028bc   0x0000010c   Code   RO         3630    i.UI_DrawBattery    oled_ui.o
    0x080029c8   0x080029c8   0x0000005a   Code   RO         3631    i.UI_DrawDitDah     oled_ui.o
    0x08002a22   0x08002a22   0x00000002   PAD
    0x08002a24   0x08002a24   0x00000028   Code   RO         3632    i.UI_EarPhoneCheck  oled_ui.o
    0x08002a4c   0x08002a4c   0x00000054   Code   RO         3633    i.UI_MorceCode      oled_ui.o
    0x08002aa0   0x08002aa0   0x00000068   Code   RO         3634    i.UI_SendSpeedDisplay  oled_ui.o
    0x08002b08   0x08002b08   0x000000cc   Code   RO         3635    i.UI_ShowMode       oled_ui.o
    0x08002bd4   0x08002bd4   0x00000068   Code   RO         3637    i.UI_VolumeDisplay  oled_ui.o
    0x08002c3c   0x08002c3c   0x0000001c   Code   RO         3422    i.Update_System_Setting  flash.o
    0x08002c58   0x08002c58   0x00000002   Code   RO          159    i.UsageFault_Handler  ch32f10x_it.o
    0x08002c5a   0x08002c5a   0x00000002   PAD
    0x08002c5c   0x08002c5c   0x0000002c   Code   RO         3534    i.createMorseTree   cw.o
    0x08002c88   0x08002c88   0x00000034   Code   RO          268    i.delay_ms          debug.o
    0x08002cbc   0x08002cbc   0x00000018   Code   RO         3536    i.generate_random_number  cw.o
    0x08002cd4   0x08002cd4   0x0000003e   Code   RO         3537    i.insertMorseCode   cw.o
    0x08002d12   0x08002d12   0x00000002   PAD
    0x08002d14   0x08002d14   0x0000001c   Code   RO         3538    i.letter2MorseCode  cw.o
    0x08002d30   0x08002d30   0x0000002c   Code   RO         3539    i.letter2num        cw.o
    0x08002d5c   0x08002d5c   0x000004a0   Code   RO            2    i.main              main.o
    0x080031fc   0x080031fc   0x0000000c   Code   RO         3127    i.my_fabs           bsp_adc.o
    0x08003208   0x08003208   0x00000010   Code   RO         3242    i.mypow             oled.o
    0x08003218   0x08003218   0x00000020   Code   RO         3540    i.num2letter        cw.o
    0x08003238   0x08003238   0x00000022   Code   RO         3541    i.searchMorseCode   cw.o
    0x0800325a   0x0800325a   0x00000002   PAD
    0x0800325c   0x0800325c   0x00000062   Code   RO         3791    x$fpl$d2f           fz_ws.l(d2f.o)
    0x080032be   0x080032be   0x00000002   PAD
    0x080032c0   0x080032c0   0x00000154   Code   RO         3793    x$fpl$dmul          fz_ws.l(dmul.o)
    0x08003414   0x08003414   0x0000009c   Code   RO         3900    x$fpl$dnaninf       fz_ws.l(dnaninf.o)
    0x080034b0   0x080034b0   0x0000000c   Code   RO         3902    x$fpl$dretinf       fz_ws.l(dretinf.o)
    0x080034bc   0x080034bc   0x00000056   Code   RO         3795    x$fpl$f2d           fz_ws.l(f2d.o)
    0x08003512   0x08003512   0x00000002   PAD
    0x08003514   0x08003514   0x000000c4   Code   RO         3797    x$fpl$fadd          fz_ws.l(faddsub_clz.o)
    0x080035d8   0x080035d8   0x00000184   Code   RO         3804    x$fpl$fdiv          fz_ws.l(fdiv.o)
    0x0800375c   0x0800375c   0x00000036   Code   RO         3807    x$fpl$ffix          fz_ws.l(ffix.o)
    0x08003792   0x08003792   0x00000002   PAD
    0x08003794   0x08003794   0x0000003e   Code   RO         3811    x$fpl$ffixu         fz_ws.l(ffixu.o)
    0x080037d2   0x080037d2   0x00000002   PAD
    0x080037d4   0x080037d4   0x00000030   Code   RO         3816    x$fpl$fflt          fz_ws.l(fflt_clz.o)
    0x08003804   0x08003804   0x00000102   Code   RO         3821    x$fpl$fmul          fz_ws.l(fmul.o)
    0x08003906   0x08003906   0x0000008c   Code   RO         3904    x$fpl$fnaninf       fz_ws.l(fnaninf.o)
    0x08003992   0x08003992   0x0000000a   Code   RO         3906    x$fpl$fretinf       fz_ws.l(fretinf.o)
    0x0800399c   0x0800399c   0x000000ea   Code   RO         3799    x$fpl$fsub          fz_ws.l(faddsub_clz.o)
    0x08003a86   0x08003a86   0x00000000   Code   RO         3908    x$fpl$usenofp       fz_ws.l(usenofp.o)
    0x08003a86   0x08003a86   0x00000002   PAD
    0x08003a88   0x08003a88   0x00000024   Data   RO            3    .constdata          main.o
    0x08003aac   0x08003aac   0x00000f38   Data   RO         3244    .constdata          oled.o
    0x080049e4   0x080049e4   0x00000036   Data   RO         3544    .constdata          cw.o
    0x08004a1a   0x08004a1a   0x00000002   PAD
    0x08004a1c   0x08004a1c   0x0000016e   Data   RO         3545    .conststring        cw.o
    0x08004b8a   0x08004b8a   0x00000002   PAD
    0x08004b8c   0x08004b8c   0x00000045   Data   RO         3546    .conststring        cw.o
    0x08004bd1   0x08004bd1   0x00000003   PAD
    0x08004bd4   0x08004bd4   0x00000020   Data   RO         4039    Region$$Table       anon$$obj.o


    Execution Region RW_IRAM1 (Exec base: 0x20000000, Load base: 0x08004bf4, Size: 0x000014b8, Max: 0x00005000, ABSOLUTE, COMPRESSED[0x00000374])

    Exec Addr    Load Addr    Size         Type   Attr      Idx    E Section Name        Object

    0x20000000   COMPRESSED   0x00000003   Data   RW            4    .data               main.o
    0x20000003   COMPRESSED   0x00000001   PAD
    0x20000004   COMPRESSED   0x00000014   Data   RW          218    .data               system_ch32f10x.o
    0x20000018   COMPRESSED   0x00000004   Data   RW          271    .data               debug.o
    0x2000001c   COMPRESSED   0x0000001c   Data   RW         3129    .data               bsp_adc.o
    0x20000038   COMPRESSED   0x00000004   Data   RW         3181    .data               key.o
    0x2000003c   COMPRESSED   0x00000004   Data   RW         3182    .data               key.o
    0x20000040   COMPRESSED   0x00000004   Data   RW         3183    .data               key.o
    0x20000044   COMPRESSED   0x00000004   Data   RW         3184    .data               key.o
    0x20000048   COMPRESSED   0x00000004   Data   RW         3185    .data               key.o
    0x2000004c   COMPRESSED   0x00000003   Data   RW         3186    .data               key.o
    0x2000004f   COMPRESSED   0x000002cc   Data   RW         3246    .data               oled.o
    0x2000031b   COMPRESSED   0x00000001   PAD
    0x2000031c   COMPRESSED   0x0000007c   Data   RW         3364    .data               timer.o
    0x20000398   COMPRESSED   0x00000001   Data   RW         3365    .data               timer.o
    0x20000399   COMPRESSED   0x00000001   Data   RW         3366    .data               timer.o
    0x2000039a   COMPRESSED   0x00000011   Data   RW         3367    .data               timer.o
    0x200003ab   COMPRESSED   0x00000001   PAD
    0x200003ac   COMPRESSED   0x00000080   Data   RW         3424    .data               flash.o
    0x2000042c   COMPRESSED   0x00000028   Data   RW         3470    .data               dac.o
    0x20000454   COMPRESSED   0x000000dc   Data   RW         3547    .data               cw.o
    0x20000530   COMPRESSED   0x00000018   Data   RW         3548    .data               cw.o
    0x20000548   COMPRESSED   0x00000007   Data   RW         3549    .data               cw.o
    0x2000054f   COMPRESSED   0x00000007   Data   RW         3550    .data               cw.o
    0x20000556   COMPRESSED   0x00000001   Data   RW         3553    .data               cw.o
    0x20000557   COMPRESSED   0x00000001   PAD
    0x20000558   COMPRESSED   0x00000002   Data   RW         3638    .data               oled_ui.o
    0x2000055a   COMPRESSED   0x00000002   PAD
    0x2000055c        -       0x00000050   Zero   RW         3128    .bss                bsp_adc.o
    0x200005ac        -       0x00000400   Zero   RW         3243    .bss                oled.o
    0x200009ac        -       0x00000014   Zero   RW         3363    .bss                timer.o
    0x200009c0        -       0x00000080   Zero   RW         3423    .bss                flash.o
    0x20000a40        -       0x00000028   Zero   RW         3467    .bss                dac.o
    0x20000a68        -       0x0000030c   Zero   RW         3543    .bss                cw.o
    0x20000d74        -       0x000000e4   Zero   RW         3772    .bss                c_w.l(rand.o)
    0x20000e58        -       0x00000060   Zero   RW         3910    .bss                c_w.l(libspace.o)
    0x20000eb8        -       0x00000200   Zero   RW          249    HEAP                startup_ch32f10x.o
    0x200010b8        -       0x00000400   Zero   RW          248    STACK               startup_ch32f10x.o


==============================================================================

Image component sizes


      Code (inc. data)   RO Data    RW Data    ZI Data      Debug   Object Name

        60          8          0          0          0        531   battery.o
        52          8          0          0          0        498   beep.o
       612         56          0         28         80       5043   bsp_adc.o
       632         14          0          0          0      10027   ch32f10x_adc.o
       104         16          0          0          0       2510   ch32f10x_dac.o
       438         28          0          0          0       5968   ch32f10x_dma.o
       248         38          0          0          0       3371   ch32f10x_flash.o
       174          0          0          0          0       3188   ch32f10x_gpio.o
        18          0          0          0          0       3858   ch32f10x_it.o
       148         14          0          0          0       2301   ch32f10x_misc.o
       132         30          0          0          0       2986   ch32f10x_rcc.o
       170         12          0          0          0       4356   ch32f10x_tim.o
       396         38        489        259        780       8394   cw.o
       434         46          0         40         40       4160   dac.o
       112         20          0          4          0       2802   debug.o
       300         40          0        128        128       3840   flash.o
       224         22          0         23          0       2081   key.o
      1316        208         36          3          0     196105   main.o
      2090         84       3896        716       1024      14166   oled.o
      1096         86          0          2          0       6569   oled_ui.o
        64         26        240          0       1536        848   startup_ch32f10x.o
       260         26          0         20          0       2165   system_ch32f10x.o
      2480        208          0        143         20       7910   timer.o

    ----------------------------------------------------------------------
     11590       1028       4700       1372       3608     293677   Object Totals
         0          0         32          0          0          0   (incl. Generated)
        30          0          7          6          0          0   (incl. Padding)

    ----------------------------------------------------------------------

      Code (inc. data)   RO Data    RW Data    ZI Data      Debug   Library Member Name

        90          0          0          0          0          0   __dczerorl2.o
         8          0          0          0          0         68   __main.o
         0          0          0          0          0          0   __rtentry.o
        12          0          0          0          0          0   __rtentry2.o
         6          0          0          0          0          0   __rtentry4.o
        52          8          0          0          0          0   __scatter.o
        28          0          0          0          0          0   __scatter_zi.o
        18          0          0          0          0         80   exit.o
         6          0          0          0          0        152   heapauxi.o
         0          0          0          0          0          0   indicate_semi.o
         2          0          0          0          0          0   libinit.o
         6          0          0          0          0          0   libinit2.o
         2          0          0          0          0          0   libshutdown.o
         2          0          0          0          0          0   libshutdown2.o
         8          4          0          0         96         68   libspace.o
       112         18          0          0        228        160   rand.o
        68          0          0          0          0         68   rt_memclr.o
        78          0          0          0          0         80   rt_memclr_w.o
       138          0          0          0          0         68   rt_memcpy_v6.o
       100          0          0          0          0         80   rt_memcpy_w.o
         2          0          0          0          0          0   rtexit.o
        10          0          0          0          0          0   rtexit2.o
        72          0          0          0          0         80   strcpy.o
        62          0          0          0          0         76   strlen.o
        86          0          0          0          0         76   strncpy.o
        12          4          0          0          0         68   sys_exit.o
        74          0          0          0          0         80   sys_stackheap_outer.o
         2          0          0          0          0         68   use_no_semi.o
        98          4          0          0          0         92   d2f.o
       340         12          0          0          0        104   dmul.o
       156          4          0          0          0         92   dnaninf.o
        12          0          0          0          0         68   dretinf.o
        86          4          0          0          0         84   f2d.o
       430          8          0          0          0        168   faddsub_clz.o
       388         76          0          0          0         96   fdiv.o
        54          4          0          0          0         84   ffix.o
        62          4          0          0          0         84   ffixu.o
        48          0          0          0          0         68   fflt_clz.o
       258          4          0          0          0         84   fmul.o
       140          4          0          0          0         84   fnaninf.o
        10          0          0          0          0         68   fretinf.o
         0          0          0          0          0          0   usenofp.o

    ----------------------------------------------------------------------
      3154        158          0          0        324       2448   Library Totals
        16          0          0          0          0          0   (incl. Padding)

    ----------------------------------------------------------------------

      Code (inc. data)   RO Data    RW Data    ZI Data      Debug   Library Name

      1056         34          0          0        324       1272   c_w.l
      2082        124          0          0          0       1176   fz_ws.l

    ----------------------------------------------------------------------
      3154        158          0          0        324       2448   Library Totals

    ----------------------------------------------------------------------

==============================================================================


      Code (inc. data)   RO Data    RW Data    ZI Data      Debug   

     14744       1186       4700       1372       3932     288321   Grand Totals
     14744       1186       4700        884       3932     288321   ELF Image Totals (compressed)
     14744       1186       4700        884          0          0   ROM Totals

==============================================================================

    Total RO  Size (Code + RO Data)                19444 (  18.99kB)
    Total RW  Size (RW Data + ZI Data)              5304 (   5.18kB)
    Total ROM Size (Code + RO Data + RW Data)      20328 (  19.85kB)

==============================================================================

