Component: ARM Compiler 5.06 update 6 (build 750) Tool: armlink [4d35ed]

==============================================================================

Section Cross References

    main.o(i.HardWare_Init) refers to debug.o(i.Delay_Init) for Delay_Init
    main.o(i.HardWare_Init) refers to ch32f10x_misc.o(i.NVIC_PriorityGroupConfig) for NVIC_PriorityGroupConfig
    main.o(i.HardWare_Init) refers to oled.o(i.OLED_Init) for OLED_Init
    main.o(i.HardWare_Init) refers to bsp_adc.o(i.BSP_ADC_Init) for BSP_ADC_Init
    main.o(i.HardWare_Init) refers to key.o(i.Button_Init) for Button_Init
    main.o(i.HardWare_Init) refers to key.o(i.DKEY_Init) for DKEY_Init
    main.o(i.HardWare_Init) refers to battery.o(i.Battery_TP4056_GPIO_Init) for Battery_TP4056_GPIO_Init
    main.o(i.HardWare_Init) refers to beep.o(i.AmpSD_GPIO_Init) for AmpSD_GPIO_Init
    main.o(i.HardWare_Init) refers to cw.o(i.MorseTree_Init) for MorseTree_Init
    main.o(i.HardWare_Init) refers to timer.o(i.TIM1_TASK_Init) for TIM1_TASK_Init
    main.o(i.HardWare_Init) refers to debug.o(i.delay_ms) for delay_ms
    main.o(i.HardWare_Init) refers to dac.o(i.DAC_MUSIC_Init) for DAC_MUSIC_Init
    main.o(i.HardWare_Init) refers to dac.o(i.EarPhone_WAVE) for EarPhone_WAVE
    main.o(i.HardWare_Init) refers to ffixu.o(x$fpl$ffixu) for __aeabi_f2uiz
    main.o(i.HardWare_Init) refers to rand.o(.text) for srand
    main.o(i.HardWare_Init) refers to main.o(.constdata) for VolumeList
    main.o(i.HardWare_Init) refers to timer.o(.data) for VolumeList_index
    main.o(i.HardWare_Init) refers to dac.o(.data) for WAV_DATA3
    main.o(i.HardWare_Init) refers to main.o(.data) for VolumeModified_Flag
    main.o(i.HardWare_Init) refers to bsp_adc.o(.data) for Battery_Voltage
    main.o(i.main) refers to main.o(i.HardWare_Init) for HardWare_Init
    main.o(i.main) refers to oled.o(i.OLED_Refresh_Gram) for OLED_Refresh_Gram
    main.o(i.main) refers to flash.o(i.BSP_Flash_Read_Info) for BSP_Flash_Read_Info
    main.o(i.main) refers to dac.o(i.EarPhone_WAVE) for EarPhone_WAVE
    main.o(i.main) refers to dac.o(i.DAC_SetFreq) for DAC_SetFreq
    main.o(i.main) refers to ch32f10x_tim.o(i.TIM_Cmd) for TIM_Cmd
    main.o(i.main) refers to key.o(i.Button_Scan) for Button_Scan
    main.o(i.main) refers to ffixu.o(x$fpl$ffixu) for __aeabi_f2uiz
    main.o(i.main) refers to rand.o(.text) for srand
    main.o(i.main) refers to oled_ui.o(i.UI_SendSpeedDisplay) for UI_SendSpeedDisplay
    main.o(i.main) refers to debug.o(i.delay_ms) for delay_ms
    main.o(i.main) refers to oled.o(i.OLED_Clear) for OLED_Clear
    main.o(i.main) refers to strcpy.o(.text) for strcpy
    main.o(i.main) refers to cw.o(i.ClearStr) for ClearStr
    main.o(i.main) refers to oled_ui.o(i.UI_VolumeDisplay) for UI_VolumeDisplay
    main.o(i.main) refers to oled_ui.o(i.UI_MorceCode) for UI_MorceCode
    main.o(i.main) refers to oled.o(i.OLED_ShowChar_2216) for OLED_ShowChar_2216
    main.o(i.main) refers to cw.o(i.letter2num) for letter2num
    main.o(i.main) refers to oled_ui.o(i.UI_DrawDitDah) for UI_DrawDitDah
    main.o(i.main) refers to oled.o(i.OLED_ShowCH_16) for OLED_ShowCH_16
    main.o(i.main) refers to oled.o(i.OLED_ShowString) for OLED_ShowString
    main.o(i.main) refers to oled.o(i.OLED_Show3FNum) for OLED_Show3FNum
    main.o(i.main) refers to oled_ui.o(i.UI_DrawBattery) for UI_DrawBattery
    main.o(i.main) refers to oled_ui.o(i.UI_ShowMode) for UI_ShowMode
    main.o(i.main) refers to oled_ui.o(i.UI_EarPhoneCheck) for UI_EarPhoneCheck
    main.o(i.main) refers to oled_ui.o(i.UI_AutoSaveSetting) for UI_AutoSaveSetting
    main.o(i.main) refers to frleqf.o(x$fpl$frleqf) for __aeabi_cfrcmple
    main.o(i.main) refers to timer.o(.data) for GLOBAL_SendSpeed
    main.o(i.main) refers to key.o(.data) for time_dit
    main.o(i.main) refers to main.o(.constdata) for VolumeList
    main.o(i.main) refers to dac.o(.data) for WAV_DATA3
    main.o(i.main) refers to bsp_adc.o(.data) for Battery_Voltage
    main.o(i.main) refers to cw.o(.data) for CW_Code
    main.o(i.main) refers to main.o(.data) for VolumeChange_Flag
    main.o(i.main) refers to fleqf.o(x$fpl$fleqf) for __aeabi_cfcmple
    system_ch32f10x.o(i.SetSysClock) refers to system_ch32f10x.o(i.SetSysClockTo72_HSE) for SetSysClockTo72_HSE
    system_ch32f10x.o(i.SystemCoreClockUpdate) refers to system_ch32f10x.o(.data) for SystemCoreClock
    system_ch32f10x.o(i.SystemInit) refers to system_ch32f10x.o(i.SetSysClock) for SetSysClock
    startup_ch32f10x.o(STACK) refers (Special) to heapauxi.o(.text) for __use_two_region_memory
    startup_ch32f10x.o(HEAP) refers (Special) to heapauxi.o(.text) for __use_two_region_memory
    startup_ch32f10x.o(RESET) refers (Special) to heapauxi.o(.text) for __use_two_region_memory
    startup_ch32f10x.o(RESET) refers to startup_ch32f10x.o(STACK) for __initial_sp
    startup_ch32f10x.o(RESET) refers to startup_ch32f10x.o(.text) for Reset_Handler
[...]
    i.Button_Init                            0x08000a58   Section        0  key.o(i.Button_Init)
    i.Button_Scan                            0x08000a84   Section        0  key.o(i.Button_Scan)
    i.ClearStr                               0x08000b2c   Section        0  cw.o(i.ClearStr)
    i.CopyStr                                0x08000b4c   Section        0  cw.o(i.CopyStr)
    i.DAC1_DMA_Init                          0x08000b68   Section        0  dac.o(i.DAC1_DMA_Init)
    i.DAC_BUZZ_Init                          0x08000bd8   Section        0  dac.o(i.DAC_BUZZ_Init)
    i.DAC_Cmd                                0x08000c44   Section        0  ch32f10x_dac.o(i.DAC_Cmd)
    i.DAC_DMACmd                             0x08000c6c   Section        0  ch32f10x_dac.o(i.DAC_DMACmd)
    i.DAC_Init                               0x08000c98   Section        0  ch32f10x_dac.o(i.DAC_Init)
    i.DAC_MUSIC_Init                         0x08000ccc   Section        0  dac.o(i.DAC_MUSIC_Init)
    i.DAC_SetFreq                            0x08000ce0   Section        0  dac.o(i.DAC_SetFreq)
    i.DKEY_Init                              0x08000d20   Section        0  key.o(i.DKEY_Init)
    i.DMA1_Channel1_IRQHandler               0x08000d4c   Section        0  bsp_adc.o(i.DMA1_Channel1_IRQHandler)
    i.DMA_ClearITPendingBit                  0x08000e70   Section        0  ch32f10x_dma.o(i.DMA_ClearITPendingBit)
    i.DMA_Cmd                                0x08000e8c   Section        0  ch32f10x_dma.o(i.DMA_Cmd)
    i.DMA_DeInit                             0x08000ea4   Section        0  ch32f10x_dma.o(i.DMA_DeInit)
    i.DMA_GetITStatus                        0x08000ff0   Section        0  ch32f10x_dma.o(i.DMA_GetITStatus)
    i.DMA_ITConfig                           0x0800101c   Section        0  ch32f10x_dma.o(i.DMA_ITConfig)
    i.DMA_Init                               0x0800102e   Section        0  ch32f10x_dma.o(i.DMA_Init)
    i.DMA_StructInit                         0x0800106a   Section        0  ch32f10x_dma.o(i.DMA_StructInit)
    i.DebugMon_Handler                       0x08001084   Section        0  ch32f10x_it.o(i.DebugMon_Handler)
    i.Delay_Init                             0x08001088   Section        0  debug.o(i.Delay_Init)
    i.EarPhone_WAVE                          0x080010cc   Section        0  dac.o(i.EarPhone_WAVE)
    i.FLASH_BufLoad                          0x08001114   Section        0  ch32f10x_flash.o(i.FLASH_BufLoad)
    i.FLASH_BufReset                         0x08001168   Section        0  ch32f10x_flash.o(i.FLASH_BufReset)
    i.FLASH_ErasePage_Fast                   0x080011a0   Section        0  ch32f10x_flash.o(i.FLASH_ErasePage_Fast)
    i.FLASH_Lock_Fast                        0x080011e8   Section        0  ch32f10x_flash.o(i.FLASH_Lock_Fast)
    i.FLASH_ProgramPage_Fast                 0x080011fc   Section        0  ch32f10x_flash.o(i.FLASH_ProgramPage_Fast)
    i.FLASH_Unlock_Fast                      0x08001244   Section        0  ch32f10x_flash.o(i.FLASH_Unlock_Fast)
    i.GPIO_Init                              0x08001264   Section        0  ch32f10x_gpio.o(i.GPIO_Init)
    i.GPIO_ResetBits                         0x0800137a   Section        0  ch32f10x_gpio.o(i.GPIO_ResetBits)
    i.GPIO_SetBits                           0x0800137e   Section        0  ch32f10x_gpio.o(i.GPIO_SetBits)
    i.GetCharFromMorseCode                   0x08001382   Section        0  cw.o(i.GetCharFromMorseCode)
    i.Get_CalibrationValue                   0x0800139c   Section        0  ch32f10x_adc.o(i.Get_CalibrationValue)
    i.HardFault_Handler                      0x080014c8   Section        0  ch32f10x_it.o(i.HardFault_Handler)
    i.HardWare_Init                          0x080014cc   Section        0  main.o(i.HardWare_Init)
    i.MakeValid_SendSpeed                    0x08001550   Section        0  flash.o(i.MakeValid_SendSpeed)
    i.MakeValid_Volume                       0x0800155e   Section        0  flash.o(i.MakeValid_Volume)
    i.MemManage_Handler                      0x0800156c   Section        0  ch32f10x_it.o(i.MemManage_Handler)
    i.MorseTree_Init                         0x08001570   Section        0  cw.o(i.MorseTree_Init)
    i.NMI_Handler                            0x080017d8   Section        0  ch32f10x_it.o(i.NMI_Handler)
    i.NVIC_Init                              0x080017dc   Section        0  ch32f10x_misc.o(i.NVIC_Init)
    i.NVIC_PriorityGroupConfig               0x0800184c   Section        0  ch32f10x_misc.o(i.NVIC_PriorityGroupConfig)
    i.OLED_Clear                             0x08001860   Section        0  oled.o(i.OLED_Clear)
    i.OLED_Display_On                        0x08001888   Section        0  oled.o(i.OLED_Display_On)
    i.OLED_DrawDah                           0x080018a4   Section        0  oled_ui.o(i.OLED_DrawDah)
    i.OLED_DrawDit                           0x080018c0   Section        0  oled_ui.o(i.OLED_DrawDit)
    i.OLED_DrawPoint                         0x080018dc   Section        0  oled.o(i.OLED_DrawPoint)
    i.OLED_DrawRect                          0x08001944   Section        0  oled.o(i.OLED_DrawRect)
    i.OLED_Fill                              0x08001994   Section        0  oled.o(i.OLED_Fill)
    i.OLED_Init                              0x080019f0   Section        0  oled.o(i.OLED_Init)
    i.OLED_Refresh_Gram                      0x08001b20   Section        0  oled.o(i.OLED_Refresh_Gram)
    i.OLED_Show3FNum                         0x08001b6c   Section        0  oled.o(i.OLED_Show3FNum)
    i.OLED_ShowCH_16                         0x08001de8   Section        0  oled.o(i.OLED_ShowCH_16)
    i.OLED_ShowChar                          0x08001e64   Section        0  oled.o(i.OLED_ShowChar)
    i.OLED_ShowChar_2216                     0x08001f34   Section        0  oled.o(i.OLED_ShowChar_2216)
    i.OLED_ShowNum                           0x08001fe4   Section        0  oled.o(i.OLED_ShowNum)
    i.OLED_ShowString                        0x08002078   Section        0  oled.o(i.OLED_ShowString)
    i.OLED_Show_MyPic1616                    0x080020d8   Section        0  oled.o(i.OLED_Show_MyPic1616)
    i.OLED_Show_MyPic2012                    0x08002158   Section        0  oled.o(i.OLED_Show_MyPic2012)
    i.OLED_WR_Byte                           0x080021dc   Section        0  oled.o(i.OLED_WR_Byte)
    i.PendSV_Handler                         0x0800226c   Section        0  ch32f10x_it.o(i.PendSV_Handler)
    i.RCC_ADCCLKConfig                       0x08002270   Section        0  ch32f10x_rcc.o(i.RCC_ADCCLKConfig)
    i.RCC_AHBPeriphClockCmd                  0x08002288   Section        0  ch32f10x_rcc.o(i.RCC_AHBPeriphClockCmd)
    i.RCC_APB1PeriphClockCmd                 0x080022a8   Section        0  ch32f10x_rcc.o(i.RCC_APB1PeriphClockCmd)
    i.RCC_APB2PeriphClockCmd                 0x080022c8   Section        0  ch32f10x_rcc.o(i.RCC_APB2PeriphClockCmd)
    i.RCC_APB2PeriphResetCmd                 0x080022e8   Section        0  ch32f10x_rcc.o(i.RCC_APB2PeriphResetCmd)
    i.SVC_Handler                            0x08002308   Section        0  ch32f10x_it.o(i.SVC_Handler)
    i.SetSysClock                            0x0800230a   Section        0  system_ch32f10x.o(i.SetSysClock)
    SetSysClock                              0x0800230b   Thumb Code     8  system_ch32f10x.o(i.SetSysClock)
    i.SetSysClockTo72_HSE                    0x08002314   Section        0  system_ch32f10x.o(i.SetSysClockTo72_HSE)
    SetSysClockTo72_HSE                      0x08002315   Thumb Code   214  system_ch32f10x.o(i.SetSysClockTo72_HSE)
    i.StrAppend                              0x080023f4   Section        0  oled_ui.o(i.StrAppend)
    i.SysTick_CLKSourceConfig                0x0800240a   Section        0  ch32f10x_misc.o(i.SysTick_CLKSourceConfig)
    i.SysTick_Handler                        0x08002432   Section        0  ch32f10x_it.o(i.SysTick_Handler)
    i.SystemInit                             0x08002434   Section        0  system_ch32f10x.o(i.SystemInit)
    i.TASK_BlindType                         0x08002494   Section        0  timer.o(i.TASK_BlindType)
    i.TASK_FreeType                          0x08002784   Section        0  timer.o(i.TASK_FreeType)
    i.TASK_ListenType                        0x0800297c   Section        0  timer.o(i.TASK_ListenType)
    i.TASK_RandType                          0x08002d0c   Section        0  timer.o(i.TASK_RandType)
    i.TIM1_TASK_Init                         0x08003028   Section        0  timer.o(i.TIM1_TASK_Init)
    i.TIM1_UP_IRQHandler                     0x08003098   Section        0  timer.o(i.TIM1_UP_IRQHandler)
    i.TIM3_DAC_Init                          0x080031d4   Section        0  dac.o(i.TIM3_DAC_Init)
    i.TIM_ClearITPendingBit                  0x08003214   Section        0  ch32f10x_tim.o(i.TIM_ClearITPendingBit)
    i.TIM_Cmd                                0x0800321a   Section        0  ch32f10x_tim.o(i.TIM_Cmd)
    i.TIM_GetITStatus                        0x08003232   Section        0  ch32f10x_tim.o(i.TIM_GetITStatus)
    i.TIM_ITConfig                           0x08003254   Section        0  ch32f10x_tim.o(i.TIM_ITConfig)
    i.TIM_SelectOutputTrigger                0x08003266   Section        0  ch32f10x_tim.o(i.TIM_SelectOutputTrigger)
    i.TIM_TimeBaseInit                       0x08003278   Section        0  ch32f10x_tim.o(i.TIM_TimeBaseInit)
    i.UI_AutoSaveSetting                     0x080032d0   Section        0  oled_ui.o(i.UI_AutoSaveSetting)
    i.UI_DrawBattery                         0x08003360   Section        0  oled_ui.o(i.UI_DrawBattery)
    i.UI_DrawDitDah                          0x08003478   Section        0  oled_ui.o(i.UI_DrawDitDah)
    i.UI_EarPhoneCheck                       0x080034d8   Section        0  oled_ui.o(i.UI_EarPhoneCheck)
    i.UI_MorceCode                           0x08003508   Section        0  oled_ui.o(i.UI_MorceCode)
    i.UI_SendSpeedDisplay                    0x08003560   Section        0  oled_ui.o(i.UI_SendSpeedDisplay)
    i.UI_ShowMode                            0x080035c4   Section        0  oled_ui.o(i.UI_ShowMode)
    i.UI_VolumeDisplay                       0x0800368c   Section        0  oled_ui.o(i.UI_VolumeDisplay)
    i.Update_System_Setting                  0x080036f0   Section        0  flash.o(i.Update_System_Setting)
    i.UsageFault_Handler                     0x0800370c   Section        0  ch32f10x_it.o(i.UsageFault_Handler)
    i.createMorseTree                        0x08003710   Section        0  cw.o(i.createMorseTree)
    i.delay_ms                               0x08003744   Section        0  debug.o(i.delay_ms)
    i.generate_random_number                 0x08003790   Section        0  cw.o(i.generate_random_number)
    i.insertMorseCode                        0x080037ac   Section        0  cw.o(i.insertMorseCode)
    i.letter2MorseCode                       0x080037f8   Section        0  cw.o(i.letter2MorseCode)
    i.letter2num                             0x0800383c   Section        0  cw.o(i.letter2num)
    i.main                                   0x08003864   Section        0  main.o(i.main)
    i.my_fabs                                0x08003d84   Section        0  bsp_adc.o(i.my_fabs)
    i.mypow                                  0x08003da4   Section        0  oled.o(i.mypow)
    i.num2letter                             0x08003dba   Section        0  cw.o(i.num2letter)
    i.searchMorseCode                        0x08003ddc   Section        0  cw.o(i.searchMorseCode)
    x$fpl$d2f                                0x08003e10   Section       98  d2f.o(x$fpl$d2f)
    x$fpl$dcmpinf                            0x08003e72   Section       24  dcmpi.o(x$fpl$dcmpinf)
    x$fpl$dleqf                              0x08003e8c   Section      120  dleqf.o(x$fpl$dleqf)
    x$fpl$dmul                               0x08003f04   Section      340  dmul.o(x$fpl$dmul)
    x$fpl$dnaninf                            0x08004058   Section      156  dnaninf.o(x$fpl$dnaninf)
    x$fpl$dretinf                            0x080040f4   Section       12  dretinf.o(x$fpl$dretinf)
    x$fpl$f2d                                0x08004100   Section       86  f2d.o(x$fpl$f2d)
    x$fpl$fadd                               0x08004158   Section      196  faddsub_clz.o(x$fpl$fadd)
    _fadd1                                   0x08004167   Thumb Code     0  faddsub_clz.o(x$fpl$fadd)
    x$fpl$fcmpinf                            0x0800421c   Section       24  fcmpi.o(x$fpl$fcmpinf)
    x$fpl$fdiv                               0x08004234   Section      388  fdiv.o(x$fpl$fdiv)
    _fdiv1                                   0x08004235   Thumb Code     0  fdiv.o(x$fpl$fdiv)
    x$fpl$ffix                               0x080043b8   Section       54  ffix.o(x$fpl$ffix)
    x$fpl$ffixu                              0x080043f0   Section       62  ffixu.o(x$fpl$ffixu)
    x$fpl$fflt                               0x08004430   Section       48  fflt_clz.o(x$fpl$fflt)
    x$fpl$fleqf                              0x08004460   Section      104  fleqf.o(x$fpl$fleqf)
    x$fpl$fmul                               0x080044c8   Section      258  fmul.o(x$fpl$fmul)
    x$fpl$fnaninf                            0x080045ca   Section      140  fnaninf.o(x$fpl$fnaninf)
    x$fpl$fretinf                            0x08004656   Section       10  fretinf.o(x$fpl$fretinf)
    x$fpl$frleqf                             0x08004660   Section       98  frleqf.o(x$fpl$frleqf)
    x$fpl$fsub                               0x080046c4   Section      234  faddsub_clz.o(x$fpl$fsub)
    _fsub1                                   0x080046d3   Thumb Code     0  faddsub_clz.o(x$fpl$fsub)
    x$fpl$usenofp                            0x080047ae   Section        0  usenofp.o(x$fpl$usenofp)
    .constdata                               0x080047b0   Section       36  main.o(.constdata)
    .constdata                               0x080047d4   Section     6568  oled.o(.constdata)
    .conststring                             0x0800617c   Section      309  cw.o(.conststring)
    .data                                    0x20000000   Section        3  main.o(.data)
    .data                                    0x20000004   Section       20  system_ch32f10x.o(.data)
    .data                                    0x20000018   Section        8  debug.o(.data)
    p_us                                     0x2000001c   Data           1  debug.o(.data)
    p_ms                                     0x2000001e   Data           2  debug.o(.data)
    .data                                    0x20000020   Section       36  bsp_adc.o(.data)
    buffer_index                             0x20000034   Data           1  bsp_adc.o(.data)
    buffer_sum                               0x20000038   Data           4  bsp_adc.o(.data)
    earphone_buffer_sum                      0x2000003c   Data           4  bsp_adc.o(.data)
    last_Battery_Voltage                     0x20000040   Data           4  bsp_adc.o(.data)
    .data                                    0x20000044   Section       23  key.o(.data)
    BUTTON_up                                0x20000058   Data           1  key.o(.data)
    key_idx                                  0x20000059   Data           1  key.o(.data)
    key_idx_con                              0x2000005a   Data           1  key.o(.data)
    .data                                    0x2000005b   Section      716  oled.o(.data)
    .data                                    0x20000328   Section      162  timer.o(.data)
    A_press_buffer_sum                       0x20000349   Data           1  timer.o(.data)
    B_press_buffer_sum                       0x2000034a   Data           1  timer.o(.data)
    A_press                                  0x2000034b   Data           1  timer.o(.data)
    B_press                                  0x2000034c   Data           1  timer.o(.data)
    press_index                              0x2000034d   Data           1  timer.o(.data)
    priority_key                             0x2000034e   Data           1  timer.o(.data)
    countdown_beep_ms                        0x20000350   Data           4  timer.o(.data)
    countdown_slient_ms                      0x20000354   Data           4  timer.o(.data)
    countdown_letter_ms                      0x20000358   Data           4  timer.o(.data)
    countdown_word_ms                        0x2000035c   Data           4  timer.o(.data)
    priority_key                             0x20000360   Data           1  timer.o(.data)
    countdown_beep_ms                        0x20000364   Data           4  timer.o(.data)
    countdown_slient_ms                      0x20000368   Data           4  timer.o(.data)
    countdown_letter_ms                      0x2000036c   Data           4  timer.o(.data)
    letter_index                             0x20000370   Data           1  timer.o(.data)
    cnt_type_letters                         0x20000374   Data           4  timer.o(.data)
    cnt_right_letters                        0x20000378   Data           4  timer.o(.data)
    Flag_PlaySound                           0x2000037c   Data           1  timer.o(.data)
    countdown_prompt_sound_ms                0x20000380   Data           4  timer.o(.data)
    priority_key                             0x20000384   Data           1  timer.o(.data)
    countdown_beep_ms                        0x20000388   Data           4  timer.o(.data)
    countdown_slient_ms                      0x2000038c   Data           4  timer.o(.data)
    countdown_letter_ms                      0x20000390   Data           4  timer.o(.data)
    cnt_type_letters                         0x20000394   Data           4  timer.o(.data)
    cnt_right_letters                        0x20000398   Data           4  timer.o(.data)
    Flag_PlaySound                           0x2000039c   Data           1  timer.o(.data)
    countdown_prompt_sound_ms                0x200003a0   Data           4  timer.o(.data)
    countdown_beep_ms                        0x200003a4   Data           4  timer.o(.data)
    countdown_slient_ms                      0x200003a8   Data           4  timer.o(.data)
    cnt_type_letters                         0x200003ac   Data           4  timer.o(.data)
    cnt_right_letters                        0x200003b0   Data           4  timer.o(.data)
    Flag_PlaySound                           0x200003b4   Data           1  timer.o(.data)
    countdown_prompt_sound_ms                0x200003b8   Data           4  timer.o(.data)
    CorrectLetterMorseString                 0x200003bc   Data           8  timer.o(.data)
    MorseCodeToPlay_length                   0x200003c4   Data           1  timer.o(.data)
    MorseCodeToPlay_index                    0x200003c5   Data           1  timer.o(.data)
    FLAG_ReadyToChoose                       0x200003c6   Data           1  timer.o(.data)
    CorrectLetterPosition                    0x200003c7   Data           1  timer.o(.data)
    WrongLetterIndex                         0x200003c8   Data           1  timer.o(.data)
    WrongLetter                              0x200003c9   Data           1  timer.o(.data)
    .data                                    0x200003ca   Section      128  flash.o(.data)
    .data                                    0x2000044a   Section      120  dac.o(.data)
    .data                                    0x200004c4   Section      199  cw.o(.data)
    .data                                    0x2000058c   Section        2  oled_ui.o(.data)
    cnt                                      0x2000058c   Data           2  oled_ui.o(.data)
    .bss                                     0x20000590   Section       80  bsp_adc.o(.bss)
    buffer                                   0x20000590   Data          40  bsp_adc.o(.bss)
    earphone_buffer                          0x200005b8   Data          40  bsp_adc.o(.bss)
    .bss                                     0x200005e0   Section     1024  oled.o(.bss)
    .bss                                     0x200009e0   Section       20  timer.o(.bss)
    A_press_buffer                           0x200009e0   Data          10  timer.o(.bss)
    B_press_buffer                           0x200009ea   Data          10  timer.o(.bss)
    .bss                                     0x200009f4   Section      128  flash.o(.bss)
    .bss                                     0x20000a74   Section       40  dac.o(.bss)
    .bss                                     0x20000a9c   Section      768  cw.o(.bss)
    .bss                                     0x20000d9c   Section      228  rand.o(.bss)
    .bss                                     0x20000e80   Section       96  libspace.o(.bss)
    HEAP                                     0x20000ee0   Section      512  startup_ch32f10x.o(HEAP)
    Heap_Mem                                 0x20000ee0   Data         512  startup_ch32f10x.o(HEAP)
    STACK                                    0x200010e0   Section     1024  startup_ch32f10x.o(STACK)
    Stack_Mem                                0x200010e0   Data        1024  startup_ch32f10x.o(STACK)
    __initial_sp                             0x200014e0   Data           0  startup_ch32f10x.o(STACK)

    Global Symbols

    Symbol Name                              Value     Ov Type        Size  Object(Section)

    BuildAttributes$$THM_ISAv4$P$D$K$B$S$PE$A:L22UL41UL21$X:L11$S22US41US21$IEEE1$IW$USESV6$~STKCKD$USESV7$~SHL$OTIME$ROPI$EBA8$UX$STANDARDLIB$REQ8$PRES8$EABIv2 0x00000000   Number         0  anon$$obj.o ABSOLUTE
    __ARM_use_no_argv                        0x00000000   Number         0  main.o ABSOLUTE
    __ARM_exceptions_init                     - Undefined Weak Reference
    __alloca_initialize                       - Undefined Weak Reference
    __arm_preinit_                            - Undefined Weak Reference
    __cpp_initialize__aeabi_                  - Undefined Weak Reference
    __cxa_finalize                            - Undefined Weak Reference
    __rt_locale                               - Undefined Weak Reference
    __sigvec_lookup                           - Undefined Weak Reference
    __user_heap_extent                        - Undefined Weak Reference
    _atexit_init                              - Undefined Weak Reference
    _call_atexit_fns                          - Undefined Weak Reference
    _clock_init                               - Undefined Weak Reference
    _fp_trap_init                             - Undefined Weak Reference
    _fp_trap_shutdown                         - Undefined Weak Reference
    _get_lc_collate                           - Undefined Weak Reference
    _get_lc_ctype                             - Undefined Weak Reference
    _get_lc_monetary                          - Undefined Weak Reference
    _get_lc_numeric                           - Undefined Weak Reference
    _get_lc_time                              - Undefined Weak Reference
    _getenv_init                              - Undefined Weak Reference
    _handle_redirection                       - Undefined Weak Reference
    _initio                                   - Undefined Weak Reference
    _mutex_acquire                            - Undefined Weak Reference
    _mutex_free                               - Undefined Weak Reference
    _mutex_release                            - Undefined Weak Reference
    _signal_finish                            - Undefined Weak Reference
    _signal_init                              - Undefined Weak Reference
    _terminateio                              - Undefined Weak Reference
    __Vectors_Size                           0x000000f0   Number         0  startup_ch32f10x.o ABSOLUTE
    __Vectors                                0x08000000   Data           4  startup_ch32f10x.o(RESET)
    __Vectors_End                            0x080000f0   Data           0  startup_ch32f10x.o(RESET)
    __main                                   0x080000f1   Thumb Code     8  __main.o(!!!main)
    __scatterload                            0x080000f9   Thumb Code     0  __scatter.o(!!!scatter)
    __scatterload_rt2                        0x080000f9   Thumb Code    44  __scatter.o(!!!scatter)
    __scatterload_rt2_thumb_only             0x080000f9   Thumb Code     0  __scatter.o(!!!scatter)
    __scatterload_null                       0x08000107   Thumb Code     0  __scatter.o(!!!scatter)
    __decompress                             0x0800012d   Thumb Code    90  __dczerorl2.o(!!dczerorl2)
    __decompress1                            0x0800012d   Thumb Code     0  __dczerorl2.o(!!dczerorl2)
    __scatterload_zeroinit                   0x08000189   Thumb Code    28  __scatter_zi.o(!!handler_zi)
    __rt_lib_init                            0x080001a5   Thumb Code     0  libinit.o(.ARM.Collect$$libinit$$00000000)
    __rt_lib_init_fp_1                       0x080001a7   Thumb Code     0  libinit2.o(.ARM.Collect$$libinit$$00000002)
    __rt_lib_init_heap_1                     0x080001a7   Thumb Code     0  libinit2.o(.ARM.Collect$$libinit$$0000000A)
    __rt_lib_init_preinit_1                  0x080001a7   Thumb Code     0  libinit2.o(.ARM.Collect$$libinit$$00000004)
    __rt_lib_init_rand_2                     0x080001a7   Thumb Code     0  libinit2.o(.ARM.Collect$$libinit$$0000000D)
    __rt_lib_init_user_alloc_1               0x080001a7   Thumb Code     0  libinit2.o(.ARM.Collect$$libinit$$0000000C)
    __rt_lib_init_alloca_1                   0x080001ab   Thumb Code     0  libinit2.o(.ARM.Collect$$libinit$$0000002E)
    __rt_lib_init_argv_1                     0x080001ab   Thumb Code     0  libinit2.o(.ARM.Collect$$libinit$$0000002C)
    __rt_lib_init_atexit_1                   0x080001ab   Thumb Code     0  libinit2.o(.ARM.Collect$$libinit$$0000001B)
    __rt_lib_init_clock_1                    0x080001ab   Thumb Code     0  libinit2.o(.ARM.Collect$$libinit$$00000021)
    __rt_lib_init_cpp_1                      0x080001ab   Thumb Code     0  libinit2.o(.ARM.Collect$$libinit$$00000032)
    __rt_lib_init_exceptions_1               0x080001ab   Thumb Code     0  libinit2.o(.ARM.Collect$$libinit$$00000030)
    __rt_lib_init_fp_trap_1                  0x080001ab   Thumb Code     0  libinit2.o(.ARM.Collect$$libinit$$0000001F)
    __rt_lib_init_getenv_1                   0x080001ab   Thumb Code     0  libinit2.o(.ARM.Collect$$libinit$$00000023)
    __rt_lib_init_lc_collate_1               0x080001ab   Thumb Code     0  libinit2.o(.ARM.Collect$$libinit$$00000011)
    __rt_lib_init_lc_ctype_1                 0x080001ab   Thumb Code     0  libinit2.o(.ARM.Collect$$libinit$$00000013)
    __rt_lib_init_lc_monetary_1              0x080001ab   Thumb Code     0  libinit2.o(.ARM.Collect$$libinit$$00000015)
    __rt_lib_init_lc_numeric_1               0x080001ab   Thumb Code     0  libinit2.o(.ARM.Collect$$libinit$$00000017)
    __rt_lib_init_lc_time_1                  0x080001ab   Thumb Code     0  libinit2.o(.ARM.Collect$$libinit$$00000019)
    __rt_lib_init_rand_1                     0x080001ab   Thumb Code     0  libinit2.o(.ARM.Collect$$libinit$$0000000E)
    __rt_lib_init_return                     0x080001ab   Thumb Code     0  libinit2.o(.ARM.Collect$$libinit$$00000033)
    __rt_lib_init_signal_1                   0x080001ab   Thumb Code     0  libinit2.o(.ARM.Collect$$libinit$$0000001D)
    __rt_lib_init_stdio_1                    0x080001ab   Thumb Code     0  libinit2.o(.ARM.Collect$$libinit$$00000025)
    __rt_lib_shutdown                        0x080001ad   Thumb Code     0  libshutdown.o(.ARM.Collect$$libshutdown$$00000000)
    __rt_lib_shutdown_cpp_1                  0x080001af   Thumb Code     0  libshutdown2.o(.ARM.Collect$$libshutdown$$00000002)
    __rt_lib_shutdown_fp_trap_1              0x080001af   Thumb Code     0  libshutdown2.o(.ARM.Collect$$libshutdown$$00000007)
    __rt_lib_shutdown_heap_1                 0x080001af   Thumb Code     0  libshutdown2.o(.ARM.Collect$$libshutdown$$0000000F)
    __rt_lib_shutdown_return                 0x080001af   Thumb Code     0  libshutdown2.o(.ARM.Collect$$libshutdown$$00000010)
    __rt_lib_shutdown_signal_1               0x080001af   Thumb Code     0  libshutdown2.o(.ARM.Collect$$libshutdown$$0000000A)
    __rt_lib_shutdown_stdio_1                0x080001af   Thumb Code     0  libshutdown2.o(.ARM.Collect$$libshutdown$$00000004)
    __rt_lib_shutdown_user_alloc_1           0x080001af   Thumb Code     0  libshutdown2.o(.ARM.Collect$$libshutdown$$0000000C)
    __rt_entry                               0x080001b1   Thumb Code     0  __rtentry.o(.ARM.Collect$$rtentry$$00000000)
    __rt_entry_presh_1                       0x080001b1   Thumb Code     0  __rtentry2.o(.ARM.Collect$$rtentry$$00000002)
    __rt_entry_sh                            0x080001b1   Thumb Code     0  __rtentry4.o(.ARM.Collect$$rtentry$$00000004)
    __rt_entry_li                            0x080001b7   Thumb Code     0  __rtentry2.o(.ARM.Collect$$rtentry$$0000000A)
    __rt_entry_postsh_1                      0x080001b7   Thumb Code     0  __rtentry2.o(.ARM.Collect$$rtentry$$00000009)
    __rt_entry_main                          0x080001bb   Thumb Code     0  __rtentry2.o(.ARM.Collect$$rtentry$$0000000D)
    __rt_entry_postli_1                      0x080001bb   Thumb Code     0  __rtentry2.o(.ARM.Collect$$rtentry$$0000000C)
    __rt_exit                                0x080001c3   Thumb Code     0  rtexit.o(.ARM.Collect$$rtexit$$00000000)
    __rt_exit_ls                             0x080001c5   Thumb Code     0  rtexit2.o(.ARM.Collect$$rtexit$$00000003)
    __rt_exit_prels_1                        0x080001c5   Thumb Code     0  rtexit2.o(.ARM.Collect$$rtexit$$00000002)
    __rt_exit_exit                           0x080001c9   Thumb Code     0  rtexit2.o(.ARM.Collect$$rtexit$$00000004)
    rand                                     0x080001d1   Thumb Code    48  rand.o(.emb_text)
    Reset_Handler                            0x08000205   Thumb Code     8  startup_ch32f10x.o(.text)
    ADC1_2_IRQHandler                        0x0800021f   Thumb Code     0  startup_ch32f10x.o(.text)
    CAN1_RX1_IRQHandler                      0x0800021f   Thumb Code     0  startup_ch32f10x.o(.text)
    CAN1_SCE_IRQHandler                      0x0800021f   Thumb Code     0  startup_ch32f10x.o(.text)
    DMA1_Channel2_IRQHandler                 0x0800021f   Thumb Code     0  startup_ch32f10x.o(.text)
    DMA1_Channel3_IRQHandler                 0x0800021f   Thumb Code     0  startup_ch32f10x.o(.text)
    DMA1_Channel4_IRQHandler                 0x0800021f   Thumb Code     0  startup_ch32f10x.o(.text)
    DMA1_Channel5_IRQHandler                 0x0800021f   Thumb Code     0  startup_ch32f10x.o(.text)
    DMA1_Channel6_IRQHandler                 0x0800021f   Thumb Code     0  startup_ch32f10x.o(.text)
    DMA1_Channel7_IRQHandler                 0x0800021f   Thumb Code     0  startup_ch32f10x.o(.text)
    EXTI0_IRQHandler                         0x0800021f   Thumb Code     0  startup_ch32f10x.o(.text)
    EXTI15_10_IRQHandler                     0x0800021f   Thumb Code     0  startup_ch32f10x.o(.text)
    EXTI1_IRQHandler                         0x0800021f   Thumb Code     0  startup_ch32f10x.o(.text)
    EXTI2_IRQHandler                         0x0800021f   Thumb Code     0  startup_ch32f10x.o(.text)
    EXTI3_IRQHandler                         0x0800021f   Thumb Code     0  startup_ch32f10x.o(.text)
    EXTI4_IRQHandler                         0x0800021f   Thumb Code     0  startup_ch32f10x.o(.text)
    EXTI9_5_IRQHandler                       0x0800021f   Thumb Code     0  startup_ch32f10x.o(.text)
    FLASH_IRQHandler                         0x0800021f   Thumb Code     0  startup_ch32f10x.o(.text)
    I2C1_ER_IRQHandler                       0x0800021f   Thumb Code     0  startup_ch32f10x.o(.text)
    I2C1_EV_IRQHandler                       0x0800021f   Thumb Code     0  startup_ch32f10x.o(.text)
    I2C2_ER_IRQHandler                       0x0800021f   Thumb Code     0  startup_ch32f10x.o(.text)
    I2C2_EV_IRQHandler                       0x0800021f   Thumb Code     0  startup_ch32f10x.o(.text)
    PVD_IRQHandler                           0x0800021f   Thumb Code     0  startup_ch32f10x.o(.text)
    RCC_IRQHandler                           0x0800021f   Thumb Code     0  startup_ch32f10x.o(.text)
    RTCAlarm_IRQHandler                      0x0800021f   Thumb Code     0  startup_ch32f10x.o(.text)
    RTC_IRQHandler                           0x0800021f   Thumb Code     0  startup_ch32f10x.o(.text)
    SPI1_IRQHandler                          0x0800021f   Thumb Code     0  startup_ch32f10x.o(.text)
    SPI2_IRQHandler                          0x0800021f   Thumb Code     0  startup_ch32f10x.o(.text)
    TAMPER_IRQHandler                        0x0800021f   Thumb Code     0  startup_ch32f10x.o(.text)
    TIM1_BRK_IRQHandler                      0x0800021f   Thumb Code     0  startup_ch32f10x.o(.text)
    TIM1_CC_IRQHandler                       0x0800021f   Thumb Code     0  startup_ch32f10x.o(.text)
    TIM1_TRG_COM_IRQHandler                  0x0800021f   Thumb Code     0  startup_ch32f10x.o(.text)
    TIM2_IRQHandler                          0x0800021f   Thumb Code     0  startup_ch32f10x.o(.text)
    TIM3_IRQHandler                          0x0800021f   Thumb Code     0  startup_ch32f10x.o(.text)
    TIM4_IRQHandler                          0x0800021f   Thumb Code     0  startup_ch32f10x.o(.text)
    USART1_IRQHandler                        0x0800021f   Thumb Code     0  startup_ch32f10x.o(.text)
    USART2_IRQHandler                        0x0800021f   Thumb Code     0  startup_ch32f10x.o(.text)
    USART3_IRQHandler                        0x0800021f   Thumb Code     0  startup_ch32f10x.o(.text)
    USBHD_IRQHandler                         0x0800021f   Thumb Code     0  startup_ch32f10x.o(.text)
    USBWakeUp_IRQHandler                     0x0800021f   Thumb Code     0  startup_ch32f10x.o(.text)
    USB_HP_CAN1_TX_IRQHandler                0x0800021f   Thumb Code     0  startup_ch32f10x.o(.text)
    USB_LP_CAN1_RX0_IRQHandler               0x0800021f   Thumb Code     0  startup_ch32f10x.o(.text)
    WWDG_IRQHandler                          0x0800021f   Thumb Code     0  startup_ch32f10x.o(.text)
    __user_initial_stackheap                 0x08000221   Thumb Code     0  startup_ch32f10x.o(.text)
    srand                                    0x08000245   Thumb Code    42  rand.o(.text)
    _rand_init                               0x0800026f   Thumb Code     4  rand.o(.text)
    strcpy                                   0x08000281   Thumb Code    72  strcpy.o(.text)
    strlen                                   0x080002c9   Thumb Code    62  strlen.o(.text)
    __aeabi_memcpy                           0x08000307   Thumb Code     0  rt_memcpy_v6.o(.text)
    __rt_memcpy                              0x08000307   Thumb Code   138  rt_memcpy_v6.o(.text)
    _memcpy_lastbytes                        0x0800036d   Thumb Code     0  rt_memcpy_v6.o(.text)
    __aeabi_memclr                           0x08000391   Thumb Code     0  rt_memclr.o(.text)
    __rt_memclr                              0x08000391   Thumb Code    68  rt_memclr.o(.text)
    _memset                                  0x08000395   Thumb Code     0  rt_memclr.o(.text)
    __aeabi_memclr4                          0x080003d5   Thumb Code     0  rt_memclr_w.o(.text)
    __aeabi_memclr8                          0x080003d5   Thumb Code     0  rt_memclr_w.o(.text)
    __rt_memclr_w                            0x080003d5   Thumb Code    78  rt_memclr_w.o(.text)
    _memset_w                                0x080003d9   Thumb Code     0  rt_memclr_w.o(.text)
    strncpy                                  0x08000423   Thumb Code    86  strncpy.o(.text)
    __use_two_region_memory                  0x08000479   Thumb Code     2  heapauxi.o(.text)
    __rt_heap_escrow                         0x0800047b   Thumb Code     2  heapauxi.o(.text)
    __rt_heap_expand                         0x0800047d   Thumb Code     2  heapauxi.o(.text)
    __aeabi_memcpy4                          0x0800047f   Thumb Code     0  rt_memcpy_w.o(.text)
    __aeabi_memcpy8                          0x0800047f   Thumb Code     0  rt_memcpy_w.o(.text)
    __rt_memcpy_w                            0x0800047f   Thumb Code   100  rt_memcpy_w.o(.text)
    _memcpy_lastbytes_aligned                0x080004c7   Thumb Code     0  rt_memcpy_w.o(.text)
    __user_libspace                          0x080004e5   Thumb Code     8  libspace.o(.text)
    __user_perproc_libspace                  0x080004e5   Thumb Code     0  libspace.o(.text)
    __user_perthread_libspace                0x080004e5   Thumb Code     0  libspace.o(.text)
    __user_setup_stackheap                   0x080004ed   Thumb Code    74  sys_stackheap_outer.o(.text)
    exit                                     0x08000537   Thumb Code    18  exit.o(.text)
    _sys_exit                                0x08000549   Thumb Code     8  sys_exit.o(.text)
    __I$use$semihosting                      0x08000555   Thumb Code     0  use_no_semi.o(.text)
    __use_no_semihosting_swi                 0x08000555   Thumb Code     2  use_no_semi.o(.text)
    ADC_Cmd                                  0x08000557   Thumb Code    22  ch32f10x_adc.o(i.ADC_Cmd)
    __semihosting_library_function           0x08000557   Thumb Code     0  indicate_semi.o(.text)
    ADC_DMACmd                               0x0800056d   Thumb Code    22  ch32f10x_adc.o(i.ADC_DMACmd)
    ADC_DeInit                               0x08000585   Thumb Code    28  ch32f10x_adc.o(i.ADC_DeInit)
    ADC_ExternalTrigConvCmd                  0x080005a5   Thumb Code    22  ch32f10x_adc.o(i.ADC_ExternalTrigConvCmd)
    ADC_GetCalibrationStatus                 0x080005bb   Thumb Code    20  ch32f10x_adc.o(i.ADC_GetCalibrationStatus)
    ADC_GetResetCalibrationStatus            0x080005cf   Thumb Code    20  ch32f10x_adc.o(i.ADC_GetResetCalibrationStatus)
    ADC_Init                                 0x080005e5   Thumb Code    70  ch32f10x_adc.o(i.ADC_Init)
    ADC_RegularChannelConfig                 0x08000635   Thumb Code   184  ch32f10x_adc.o(i.ADC_RegularChannelConfig)
    ADC_ResetCalibration                     0x080006ed   Thumb Code    10  ch32f10x_adc.o(i.ADC_ResetCalibration)
    ADC_SoftwareStartConvCmd                 0x080006f7   Thumb Code    22  ch32f10x_adc.o(i.ADC_SoftwareStartConvCmd)
    ADC_StartCalibration                     0x0800070d   Thumb Code    10  ch32f10x_adc.o(i.ADC_StartCalibration)
    Adc2Voltage_mV                           0x08000719   Thumb Code    32  bsp_adc.o(i.Adc2Voltage_mV)
    AmpSD_GPIO_Init                          0x08000741   Thumb Code    44  beep.o(i.AmpSD_GPIO_Init)
    BSP_ADC_Base_Init                        0x08000775   Thumb Code   228  bsp_adc.o(i.BSP_ADC_Base_Init)
    BSP_ADC_Init                             0x08000869   Thumb Code    16  bsp_adc.o(i.BSP_ADC_Init)
    BSP_ADC_NVIC_Config                      0x08000879   Thumb Code    36  bsp_adc.o(i.BSP_ADC_NVIC_Config)
    BSP_DMA_ADC_Tx_Init                      0x0800089d   Thumb Code   102  bsp_adc.o(i.BSP_DMA_ADC_Tx_Init)
    BSP_Flash_Read_Info                      0x08000911   Thumb Code    56  flash.o(i.BSP_Flash_Read_Info)
    BSP_Flash_Write_Info                     0x0800095d   Thumb Code   178  flash.o(i.BSP_Flash_Write_Info)
    Battery_TP4056_GPIO_Init                 0x08000a19   Thumb Code    52  battery.o(i.Battery_TP4056_GPIO_Init)
    BusFault_Handler                         0x08000a55   Thumb Code     4  ch32f10x_it.o(i.BusFault_Handler)
    Button_Init                              0x08000a59   Thumb Code    38  key.o(i.Button_Init)
    Button_Scan                              0x08000a85   Thumb Code   150  key.o(i.Button_Scan)
    ClearStr                                 0x08000b2d   Thumb Code    26  cw.o(i.ClearStr)
    CopyStr                                  0x08000b4d   Thumb Code    26  cw.o(i.CopyStr)
    DAC1_DMA_Init                            0x08000b69   Thumb Code    98  dac.o(i.DAC1_DMA_Init)
    DAC_BUZZ_Init                            0x08000bd9   Thumb Code   102  dac.o(i.DAC_BUZZ_Init)
    DAC_Cmd                                  0x08000c45   Thumb Code    34  ch32f10x_dac.o(i.DAC_Cmd)
    DAC_DMACmd                               0x08000c6d   Thumb Code    38  ch32f10x_dac.o(i.DAC_DMACmd)
    DAC_Init                                 0x08000c99   Thumb Code    46  ch32f10x_dac.o(i.DAC_Init)
    DAC_MUSIC_Init                           0x08000ccd   Thumb Code    20  dac.o(i.DAC_MUSIC_Init)
    DAC_SetFreq                              0x08000ce1   Thumb Code    54  dac.o(i.DAC_SetFreq)
    DKEY_Init                                0x08000d21   Thumb Code    38  key.o(i.DKEY_Init)
    DMA1_Channel1_IRQHandler                 0x08000d4d   Thumb Code   248  bsp_adc.o(i.DMA1_Channel1_IRQHandler)
    DMA_ClearITPendingBit                    0x08000e71   Thumb Code    18  ch32f10x_dma.o(i.DMA_ClearITPendingBit)
    DMA_Cmd                                  0x08000e8d   Thumb Code    24  ch32f10x_dma.o(i.DMA_Cmd)
    DMA_DeInit                               0x08000ea5   Thumb Code   324  ch32f10x_dma.o(i.DMA_DeInit)
    DMA_GetITStatus                          0x08000ff1   Thumb Code    36  ch32f10x_dma.o(i.DMA_GetITStatus)
    DMA_ITConfig                             0x0800101d   Thumb Code    18  ch32f10x_dma.o(i.DMA_ITConfig)
    DMA_Init                                 0x0800102f   Thumb Code    60  ch32f10x_dma.o(i.DMA_Init)
    DMA_StructInit                           0x0800106b   Thumb Code    26  ch32f10x_dma.o(i.DMA_StructInit)
    DebugMon_Handler                         0x08001085   Thumb Code     2  ch32f10x_it.o(i.DebugMon_Handler)
    Delay_Init                               0x08001089   Thumb Code    50  debug.o(i.Delay_Init)
    EarPhone_WAVE                            0x080010cd   Thumb Code    64  dac.o(i.EarPhone_WAVE)
    FLASH_BufLoad                            0x08001115   Thumb Code    74  ch32f10x_flash.o(i.FLASH_BufLoad)
    FLASH_BufReset                           0x08001169   Thumb Code    50  ch32f10x_flash.o(i.FLASH_BufReset)
    FLASH_ErasePage_Fast                     0x080011a1   Thumb Code    64  ch32f10x_flash.o(i.FLASH_ErasePage_Fast)
    FLASH_Lock_Fast                          0x080011e9   Thumb Code    14  ch32f10x_flash.o(i.FLASH_Lock_Fast)
    FLASH_ProgramPage_Fast                   0x080011fd   Thumb Code    64  ch32f10x_flash.o(i.FLASH_ProgramPage_Fast)
    FLASH_Unlock_Fast                        0x08001245   Thumb Code    20  ch32f10x_flash.o(i.FLASH_Unlock_Fast)
    GPIO_Init                                0x08001265   Thumb Code   278  ch32f10x_gpio.o(i.GPIO_Init)
    GPIO_ResetBits                           0x0800137b   Thumb Code     4  ch32f10x_gpio.o(i.GPIO_ResetBits)
    GPIO_SetBits                             0x0800137f   Thumb Code     4  ch32f10x_gpio.o(i.GPIO_SetBits)
    GetCharFromMorseCode                     0x08001383   Thumb Code    26  cw.o(i.GetCharFromMorseCode)
    Get_CalibrationValue                     0x0800139d   Thumb Code   300  ch32f10x_adc.o(i.Get_CalibrationValue)
    HardFault_Handler                        0x080014c9   Thumb Code     4  ch32f10x_it.o(i.HardFault_Handler)
    HardWare_Init                            0x080014cd   Thumb Code   106  main.o(i.HardWare_Init)
    MakeValid_SendSpeed                      0x08001551   Thumb Code    14  flash.o(i.MakeValid_SendSpeed)
    MakeValid_Volume                         0x0800155f   Thumb Code    14  flash.o(i.MakeValid_Volume)
    MemManage_Handler                        0x0800156d   Thumb Code     4  ch32f10x_it.o(i.MemManage_Handler)
    MorseTree_Init                           0x08001571   Thumb Code   378  cw.o(i.MorseTree_Init)
    NMI_Handler                              0x080017d9   Thumb Code     2  ch32f10x_it.o(i.NMI_Handler)
    NVIC_Init                                0x080017dd   Thumb Code   100  ch32f10x_misc.o(i.NVIC_Init)
    NVIC_PriorityGroupConfig                 0x0800184d   Thumb Code    10  ch32f10x_misc.o(i.NVIC_PriorityGroupConfig)
    OLED_Clear                               0x08001861   Thumb Code    36  oled.o(i.OLED_Clear)
    OLED_Display_On                          0x08001889   Thumb Code    28  oled.o(i.OLED_Display_On)
    OLED_DrawDah                             0x080018a5   Thumb Code    28  oled_ui.o(i.OLED_DrawDah)
    OLED_DrawDit                             0x080018c1   Thumb Code    28  oled_ui.o(i.OLED_DrawDit)
    OLED_DrawPoint                           0x080018dd   Thumb Code   100  oled.o(i.OLED_DrawPoint)
    OLED_DrawRect                            0x08001945   Thumb Code    80  oled.o(i.OLED_DrawRect)
    OLED_Fill                                0x08001995   Thumb Code    90  oled.o(i.OLED_Fill)
    OLED_Init                                0x080019f1   Thumb Code   294  oled.o(i.OLED_Init)
    OLED_Refresh_Gram                        0x08001b21   Thumb Code    70  oled.o(i.OLED_Refresh_Gram)
    OLED_Show3FNum                           0x08001b6d   Thumb Code   618  oled.o(i.OLED_Show3FNum)
    OLED_ShowCH_16                           0x08001de9   Thumb Code   118  oled.o(i.OLED_ShowCH_16)
    OLED_ShowChar                            0x08001e65   Thumb Code   204  oled.o(i.OLED_ShowChar)
    OLED_ShowChar_2216                       0x08001f35   Thumb Code   172  oled.o(i.OLED_ShowChar_2216)
    OLED_ShowNum                             0x08001fe5   Thumb Code   148  oled.o(i.OLED_ShowNum)
    OLED_ShowString                          0x08002079   Thumb Code    94  oled.o(i.OLED_ShowString)
    OLED_Show_MyPic1616                      0x080020d9   Thumb Code   124  oled.o(i.OLED_Show_MyPic1616)
    OLED_Show_MyPic2012                      0x08002159   Thumb Code   128  oled.o(i.OLED_Show_MyPic2012)
    OLED_WR_Byte                             0x080021dd   Thumb Code   136  oled.o(i.OLED_WR_Byte)
    PendSV_Handler                           0x0800226d   Thumb Code     2  ch32f10x_it.o(i.PendSV_Handler)
    RCC_ADCCLKConfig                         0x08002271   Thumb Code    18  ch32f10x_rcc.o(i.RCC_ADCCLKConfig)
    RCC_AHBPeriphClockCmd                    0x08002289   Thumb Code    26  ch32f10x_rcc.o(i.RCC_AHBPeriphClockCmd)
    RCC_APB1PeriphClockCmd                   0x080022a9   Thumb Code    26  ch32f10x_rcc.o(i.RCC_APB1PeriphClockCmd)
    RCC_APB2PeriphClockCmd                   0x080022c9   Thumb Code    26  ch32f10x_rcc.o(i.RCC_APB2PeriphClockCmd)
    RCC_APB2PeriphResetCmd                   0x080022e9   Thumb Code    26  ch32f10x_rcc.o(i.RCC_APB2PeriphResetCmd)
    SVC_Handler                              0x08002309   Thumb Code     2  ch32f10x_it.o(i.SVC_Handler)
    StrAppend                                0x080023f5   Thumb Code    22  oled_ui.o(i.StrAppend)
    SysTick_CLKSourceConfig                  0x0800240b   Thumb Code    40  ch32f10x_misc.o(i.SysTick_CLKSourceConfig)
    SysTick_Handler                          0x08002433   Thumb Code     2  ch32f10x_it.o(i.SysTick_Handler)
    SystemInit                               0x08002435   Thumb Code    78  system_ch32f10x.o(i.SystemInit)
    TASK_BlindType                           0x08002495   Thumb Code   654  timer.o(i.TASK_BlindType)
    TASK_FreeType                            0x08002785   Thumb Code   432  timer.o(i.TASK_FreeType)
    TASK_ListenType                          0x0800297d   Thumb Code   808  timer.o(i.TASK_ListenType)
    TASK_RandType                            0x08002d0d   Thumb Code   696  timer.o(i.TASK_RandType)
    TIM1_TASK_Init                           0x08003029   Thumb Code   106  timer.o(i.TIM1_TASK_Init)
    TIM1_UP_IRQHandler                       0x08003099   Thumb Code   258  timer.o(i.TIM1_UP_IRQHandler)
    TIM3_DAC_Init                            0x080031d5   Thumb Code    58  dac.o(i.TIM3_DAC_Init)
    TIM_ClearITPendingBit                    0x08003215   Thumb Code     6  ch32f10x_tim.o(i.TIM_ClearITPendingBit)
    TIM_Cmd                                  0x0800321b   Thumb Code    24  ch32f10x_tim.o(i.TIM_Cmd)
    TIM_GetITStatus                          0x08003233   Thumb Code    34  ch32f10x_tim.o(i.TIM_GetITStatus)
    TIM_ITConfig                             0x08003255   Thumb Code    18  ch32f10x_tim.o(i.TIM_ITConfig)
    TIM_SelectOutputTrigger                  0x08003267   Thumb Code    18  ch32f10x_tim.o(i.TIM_SelectOutputTrigger)
    TIM_TimeBaseInit                         0x08003279   Thumb Code    74  ch32f10x_tim.o(i.TIM_TimeBaseInit)
    UI_AutoSaveSetting                       0x080032d1   Thumb Code   136  oled_ui.o(i.UI_AutoSaveSetting)
    UI_DrawBattery                           0x08003361   Thumb Code   246  oled_ui.o(i.UI_DrawBattery)
    UI_DrawDitDah                            0x08003479   Thumb Code    96  oled_ui.o(i.UI_DrawDitDah)
    UI_EarPhoneCheck                         0x080034d9   Thumb Code    38  oled_ui.o(i.UI_EarPhoneCheck)
    UI_MorceCode                             0x08003509   Thumb Code    56  oled_ui.o(i.UI_MorceCode)
    UI_SendSpeedDisplay                      0x08003561   Thumb Code    98  oled_ui.o(i.UI_SendSpeedDisplay)
    UI_ShowMode                              0x080035c5   Thumb Code   196  oled_ui.o(i.UI_ShowMode)
    UI_VolumeDisplay                         0x0800368d   Thumb Code    98  oled_ui.o(i.UI_VolumeDisplay)
    Update_System_Setting                    0x080036f1   Thumb Code    16  flash.o(i.Update_System_Setting)
    UsageFault_Handler                       0x0800370d   Thumb Code     4  ch32f10x_it.o(i.UsageFault_Handler)
    createMorseTree                          0x08003711   Thumb Code    42  cw.o(i.createMorseTree)
    delay_ms                                 0x08003745   Thumb Code    72  debug.o(i.delay_ms)
    generate_random_number                   0x08003791   Thumb Code    28  cw.o(i.generate_random_number)
    insertMorseCode                          0x080037ad   Thumb Code    74  cw.o(i.insertMorseCode)
    letter2MorseCode                         0x080037f9   Thumb Code    58  cw.o(i.letter2MorseCode)
    letter2num                               0x0800383d   Thumb Code    38  cw.o(i.letter2num)
    main                                     0x08003865   Thumb Code  1282  main.o(i.main)
    my_fabs                                  0x08003d85   Thumb Code    32  bsp_adc.o(i.my_fabs)
    mypow                                    0x08003da5   Thumb Code    22  oled.o(i.mypow)
    num2letter                               0x08003dbb   Thumb Code    34  cw.o(i.num2letter)
    searchMorseCode                          0x08003ddd   Thumb Code    52  cw.o(i.searchMorseCode)
    __aeabi_d2f                              0x08003e11   Thumb Code     0  d2f.o(x$fpl$d2f)
    _d2f                                     0x08003e11   Thumb Code    98  d2f.o(x$fpl$d2f)
    __fpl_dcmp_Inf                           0x08003e73   Thumb Code    24  dcmpi.o(x$fpl$dcmpinf)
    __aeabi_cdcmple                          0x08003e8d   Thumb Code     0  dleqf.o(x$fpl$dleqf)
    _dcmple                                  0x08003e8d   Thumb Code   120  dleqf.o(x$fpl$dleqf)
    __fpl_dcmple_InfNaN                      0x08003eef   Thumb Code     0  dleqf.o(x$fpl$dleqf)
    __aeabi_dmul                             0x08003f05   Thumb Code     0  dmul.o(x$fpl$dmul)
    _dmul                                    0x08003f05   Thumb Code   332  dmul.o(x$fpl$dmul)
    __fpl_dnaninf                            0x08004059   Thumb Code   156  dnaninf.o(x$fpl$dnaninf)
    __fpl_dretinf                            0x080040f5   Thumb Code    12  dretinf.o(x$fpl$dretinf)
    __aeabi_f2d                              0x08004101   Thumb Code     0  f2d.o(x$fpl$f2d)
    _f2d                                     0x08004101   Thumb Code    86  f2d.o(x$fpl$f2d)
    __aeabi_fadd                             0x08004159   Thumb Code     0  faddsub_clz.o(x$fpl$fadd)
    _fadd                                    0x08004159   Thumb Code   196  faddsub_clz.o(x$fpl$fadd)
    __fpl_fcmp_Inf                           0x0800421d   Thumb Code    24  fcmpi.o(x$fpl$fcmpinf)
    __aeabi_fdiv                             0x08004235   Thumb Code     0  fdiv.o(x$fpl$fdiv)
    _fdiv                                    0x08004235   Thumb Code   384  fdiv.o(x$fpl$fdiv)
    __aeabi_f2iz                             0x080043b9   Thumb Code     0  ffix.o(x$fpl$ffix)
    _ffix                                    0x080043b9   Thumb Code    54  ffix.o(x$fpl$ffix)
    __aeabi_f2uiz                            0x080043f1   Thumb Code     0  ffixu.o(x$fpl$ffixu)
    _ffixu                                   0x080043f1   Thumb Code    62  ffixu.o(x$fpl$ffixu)
    __aeabi_i2f                              0x08004431   Thumb Code     0  fflt_clz.o(x$fpl$fflt)
    _fflt                                    0x08004431   Thumb Code    48  fflt_clz.o(x$fpl$fflt)
    __aeabi_cfcmple                          0x08004461   Thumb Code     0  fleqf.o(x$fpl$fleqf)
    _fcmple                                  0x08004461   Thumb Code   104  fleqf.o(x$fpl$fleqf)
    __fpl_fcmple_InfNaN                      0x080044b3   Thumb Code     0  fleqf.o(x$fpl$fleqf)
    __aeabi_fmul                             0x080044c9   Thumb Code     0  fmul.o(x$fpl$fmul)
    _fmul                                    0x080044c9   Thumb Code   258  fmul.o(x$fpl$fmul)
    __fpl_fnaninf                            0x080045cb   Thumb Code   140  fnaninf.o(x$fpl$fnaninf)
    __fpl_fretinf                            0x08004657   Thumb Code    10  fretinf.o(x$fpl$fretinf)
    __aeabi_cfrcmple                         0x08004661   Thumb Code     0  frleqf.o(x$fpl$frleqf)
    _frcmple                                 0x08004661   Thumb Code    98  frleqf.o(x$fpl$frleqf)
    __aeabi_fsub                             0x080046c5   Thumb Code     0  faddsub_clz.o(x$fpl$fsub)
    _fsub                                    0x080046c5   Thumb Code   234  faddsub_clz.o(x$fpl$fsub)
    __I$use$fp                               0x080047ae   Number         0  usenofp.o(x$fpl$usenofp)
    VolumeList                               0x080047b0   Data          36  main.o(.constdata)
    asc2_2216                                0x080047d4   Data        1628  oled.o(.constdata)
    asc2_1608                                0x08004e30   Data        1520  oled.o(.constdata)
    asc2_2412                                0x08005420   Data        3420  oled.o(.constdata)
    Region$$Table$$Base                      0x080062b4   Number         0  anon$$obj.o(Region$$Table)
    Region$$Table$$Limit                     0x080062d4   Number         0  anon$$obj.o(Region$$Table)
    VolumeChange_Flag                        0x20000000   Data           1  main.o(.data)
    VolumeModified_Flag                      0x20000001   Data           1  main.o(.data)
    EarPhone_MODE_FLAG                       0x20000002   Data           1  main.o(.data)
    SystemCoreClock                          0x20000004   Data           4  system_ch32f10x.o(.data)
    AHBPrescTable                            0x20000008   Data          16  system_ch32f10x.o(.data)
    __stdout                                 0x20000018   Data           4  debug.o(.data)
    Calibrattion_Val                         0x20000020   Data           2  bsp_adc.o(.data)
    ADC_Buffer                               0x20000022   Data           4  bsp_adc.o(.data)
    ADC_Offset_Buffer                        0x20000026   Data           4  bsp_adc.o(.data)
    ADC_Offset_Check_Flag                    0x2000002a   Data           1  bsp_adc.o(.data)
    Battery_Voltage                          0x2000002c   Data           4  bsp_adc.o(.data)
    EarphoneEnd_Voltage                      0x20000030   Data           4  bsp_adc.o(.data)
    time_dit                                 0x20000044   Data           4  key.o(.data)
    time_dah                                 0x20000048   Data           4  key.o(.data)
    time_space_bit                           0x2000004c   Data           4  key.o(.data)
    time_space_letter                        0x20000050   Data           4  key.o(.data)
    time_space_word                          0x20000054   Data           4  key.o(.data)
    Ch16                                     0x2000005b   Data         544  oled.o(.data)
    MyPic2012                                0x2000027b   Data         108  oled.o(.data)
    MyPic1616                                0x200002e7   Data          64  oled.o(.data)
    DIT_PRESS_GLOBAL                         0x20000328   Data           1  timer.o(.data)
    DAH_PRESS_GLOBAL                         0x20000329   Data           1  timer.o(.data)
    VolumeList_index                         0x2000032a   Data           1  timer.o(.data)
    GLOBAL_SendSpeed                         0x2000032b   Data           1  timer.o(.data)
    GLOBAL_WorkMode                          0x2000032c   Data           1  timer.o(.data)
    GLOBAL_FLAG_WORKING                      0x2000032d   Data           1  timer.o(.data)
    GLOBAL_FLAG_NewLetter                    0x2000032e   Data           1  timer.o(.data)
    GLOBAL_CorrectLetter                     0x2000032f   Data           1  timer.o(.data)
    GLOBAL_ChoiceA                           0x20000330   Data           1  timer.o(.data)
    GLOBAL_ChoiceB                           0x20000331   Data           1  timer.o(.data)
    GLOBAL_ratio_correct                     0x20000334   Data           4  timer.o(.data)
    GLOBAL_BottomString                      0x20000338   Data          17  timer.o(.data)
    System_Setting_Info_default              0x200003ca   Data         128  flash.o(.data)
    WAV_DATA1                                0x2000044a   Data          40  dac.o(.data)
    WAV_DATA2                                0x20000472   Data          40  dac.o(.data)
    WAV_DATA3                                0x2000049a   Data          40  dac.o(.data)
    MorseDictionary_En                       0x200004c4   Data         104  cw.o(.data)
    MorseDictionary_Num                      0x2000052c   Data          40  cw.o(.data)
    MorseDictionary_Symb                     0x20000554   Data          12  cw.o(.data)
    MorseStringAsLength                      0x20000560   Data          24  cw.o(.data)
    CW_Code_idx                              0x20000578   Data           1  cw.o(.data)
    CW_Code                                  0x20000579   Data           7  cw.o(.data)
    CW_Code_last                             0x20000580   Data           7  cw.o(.data)
    CW_Letter                                0x20000587   Data           1  cw.o(.data)
    CW_Send_Queue_idx                        0x20000588   Data           1  cw.o(.data)
    node_index                               0x20000589   Data           1  cw.o(.data)
    temp_cnt_length                          0x2000058a   Data           1  cw.o(.data)
    OLED_GRAM                                0x200005e0   Data        1024  oled.o(.bss)
    System_Setting_Info                      0x200009f4   Data         128  flash.o(.bss)
    WAVE_NOW                                 0x20000a74   Data          40  dac.o(.bss)
    CW_Send_Queue                            0x20000a9c   Data          10  cw.o(.bss)
    MorseTreeRoot                            0x20000aa8   Data          12  cw.o(.bss)
    MorseTreeNode                            0x20000ab4   Data         744  cw.o(.bss)
    _random_number_data                      0x20000d9c   Data         228  rand.o(.bss)
    __libspace_start                         0x20000e80   Data          96  libspace.o(.bss)
    __temporary_stack_top$libspace           0x20000ee0   Data           0  libspace.o(.bss)



==============================================================================

Memory Map of the image

  Image Entry point : 0x080000f1

  Load Region LR_IROM1 (Base: 0x08000000, Size: 0x00006864, Max: 0x00010000, ABSOLUTE, COMPRESSED[0x0000663c])

    Execution Region ER_IROM1 (Exec base: 0x08000000, Load base: 0x08000000, Size: 0x000062d4, Max: 0x00010000, ABSOLUTE)

    Exec Addr    Load Addr    Size         Type   Attr      Idx    E Section Name        Object

    0x08000000   0x08000000   0x000000f0   Data   RO          250    RESET               startup_ch32f10x.o
    0x080000f0   0x080000f0   0x00000008   Code   RO         3766  * !!!main             c_w.l(__main.o)
    0x080000f8   0x080000f8   0x00000034   Code   RO         4028    !!!scatter          c_w.l(__scatter.o)
    0x0800012c   0x0800012c   0x0000005a   Code   RO         4026    !!dczerorl2         c_w.l(__dczerorl2.o)
    0x08000186   0x08000186   0x00000002   PAD
    0x08000188   0x08000188   0x0000001c   Code   RO         4030    !!handler_zi        c_w.l(__scatter_zi.o)
    0x080001a4   0x080001a4   0x00000002   Code   RO         3962    .ARM.Collect$$libinit$$00000000  c_w.l(libinit.o)
    0x080001a6   0x080001a6   0x00000000   Code   RO         3839    .ARM.Collect$$libinit$$00000002  c_w.l(libinit2.o)
    0x080001a6   0x080001a6   0x00000000   Code   RO         3841    .ARM.Collect$$libinit$$00000004  c_w.l(libinit2.o)
    0x080001a6   0x080001a6   0x00000000   Code   RO         3844    .ARM.Collect$$libinit$$0000000A  c_w.l(libinit2.o)
    0x080001a6   0x080001a6   0x00000000   Code   RO         3846    .ARM.Collect$$libinit$$0000000C  c_w.l(libinit2.o)
    0x080001a6   0x080001a6   0x00000004   Code   RO         3847    .ARM.Collect$$libinit$$0000000D  c_w.l(libinit2.o)
    0x080001aa   0x080001aa   0x00000000   Code   RO         3848    .ARM.Collect$$libinit$$0000000E  c_w.l(libinit2.o)
    0x080001aa   0x080001aa   0x00000000   Code   RO         3851    .ARM.Collect$$libinit$$00000011  c_w.l(libinit2.o)
    0x080001aa   0x080001aa   0x00000000   Code   RO         3853    .ARM.Collect$$libinit$$00000013  c_w.l(libinit2.o)
    0x080001aa   0x080001aa   0x00000000   Code   RO         3855    .ARM.Collect$$libinit$$00000015  c_w.l(libinit2.o)
    0x080001aa   0x080001aa   0x00000000   Code   RO         3857    .ARM.Collect$$libinit$$00000017  c_w.l(libinit2.o)
    0x080001aa   0x080001aa   0x00000000   Code   RO         3859    .ARM.Collect$$libinit$$00000019  c_w.l(libinit2.o)
    0x080001aa   0x080001aa   0x00000000   Code   RO         3861    .ARM.Collect$$libinit$$0000001B  c_w.l(libinit2.o)
    0x080001aa   0x080001aa   0x00000000   Code   RO         3863    .ARM.Collect$$libinit$$0000001D  c_w.l(libinit2.o)
    0x080001aa   0x080001aa   0x00000000   Code   RO         3865    .ARM.Collect$$libinit$$0000001F  c_w.l(libinit2.o)
    0x080001aa   0x080001aa   0x00000000   Code   RO         3867    .ARM.Collect$$libinit$$00000021  c_w.l(libinit2.o)
    0x080001aa   0x080001aa   0x00000000   Code   RO         3869    .ARM.Collect$$libinit$$00000023  c_w.l(libinit2.o)
    0x080001aa   0x080001aa   0x00000000   Code   RO         3871    .ARM.Collect$$libinit$$00000025  c_w.l(libinit2.o)
    0x080001aa   0x080001aa   0x00000000   Code   RO         3875    .ARM.Collect$$libinit$$0000002C  c_w.l(libinit2.o)
    0x080001aa   0x080001aa   0x00000000   Code   RO         3877    .ARM.Collect$$libinit$$0000002E  c_w.l(libinit2.o)
    0x080001aa   0x080001aa   0x00000000   Code   RO         3879    .ARM.Collect$$libinit$$00000030  c_w.l(libinit2.o)
    0x080001aa   0x080001aa   0x00000000   Code   RO         3881    .ARM.Collect$$libinit$$00000032  c_w.l(libinit2.o)
    0x080001aa   0x080001aa   0x00000002   Code   RO         3882    .ARM.Collect$$libinit$$00000033  c_w.l(libinit2.o)
    0x080001ac   0x080001ac   0x00000002   Code   RO         4023    .ARM.Collect$$libshutdown$$00000000  c_w.l(libshutdown.o)
    0x080001ae   0x080001ae   0x00000000   Code   RO         3979    .ARM.Collect$$libshutdown$$00000002  c_w.l(libshutdown2.o)
    0x080001ae   0x080001ae   0x00000000   Code   RO         3981    .ARM.Collect$$libshutdown$$00000004  c_w.l(libshutdown2.o)
    0x080001ae   0x080001ae   0x00000000   Code   RO         3984    .ARM.Collect$$libshutdown$$00000007  c_w.l(libshutdown2.o)
    0x080001ae   0x080001ae   0x00000000   Code   RO         3987    .ARM.Collect$$libshutdown$$0000000A  c_w.l(libshutdown2.o)
    0x080001ae   0x080001ae   0x00000000   Code   RO         3989    .ARM.Collect$$libshutdown$$0000000C  c_w.l(libshutdown2.o)
    0x080001ae   0x080001ae   0x00000000   Code   RO         3992    .ARM.Collect$$libshutdown$$0000000F  c_w.l(libshutdown2.o)
    0x080001ae   0x080001ae   0x00000002   Code   RO         3993    .ARM.Collect$$libshutdown$$00000010  c_w.l(libshutdown2.o)
    0x080001b0   0x080001b0   0x00000000   Code   RO         3808    .ARM.Collect$$rtentry$$00000000  c_w.l(__rtentry.o)
    0x080001b0   0x080001b0   0x00000000   Code   RO         3900    .ARM.Collect$$rtentry$$00000002  c_w.l(__rtentry2.o)
    0x080001b0   0x080001b0   0x00000006   Code   RO         3912    .ARM.Collect$$rtentry$$00000004  c_w.l(__rtentry4.o)
    0x080001b6   0x080001b6   0x00000000   Code   RO         3902    .ARM.Collect$$rtentry$$00000009  c_w.l(__rtentry2.o)
    0x080001b6   0x080001b6   0x00000004   Code   RO         3903    .ARM.Collect$$rtentry$$0000000A  c_w.l(__rtentry2.o)
    0x080001ba   0x080001ba   0x00000000   Code   RO         3905    .ARM.Collect$$rtentry$$0000000C  c_w.l(__rtentry2.o)
    0x080001ba   0x080001ba   0x00000008   Code   RO         3906    .ARM.Collect$$rtentry$$0000000D  c_w.l(__rtentry2.o)
    0x080001c2   0x080001c2   0x00000002   Code   RO         3968    .ARM.Collect$$rtexit$$00000000  c_w.l(rtexit.o)
    0x080001c4   0x080001c4   0x00000000   Code   RO         3997    .ARM.Collect$$rtexit$$00000002  c_w.l(rtexit2.o)
    0x080001c4   0x080001c4   0x00000004   Code   RO         3998    .ARM.Collect$$rtexit$$00000003  c_w.l(rtexit2.o)
    0x080001c8   0x080001c8   0x00000006   Code   RO         3999    .ARM.Collect$$rtexit$$00000004  c_w.l(rtexit2.o)
    0x080001ce   0x080001ce   0x00000002   PAD
    0x080001d0   0x080001d0   0x00000034   Code   RO         3747    .emb_text           c_w.l(rand.o)
    0x08000204   0x08000204   0x00000040   Code   RO          251    .text               startup_ch32f10x.o
    0x08000244   0x08000244   0x0000003c   Code   RO         3748    .text               c_w.l(rand.o)
    0x08000280   0x08000280   0x00000048   Code   RO         3752    .text               c_w.l(strcpy.o)
    0x080002c8   0x080002c8   0x0000003e   Code   RO         3754    .text               c_w.l(strlen.o)
    0x08000306   0x08000306   0x0000008a   Code   RO         3756    .text               c_w.l(rt_memcpy_v6.o)
    0x08000390   0x08000390   0x00000044   Code   RO         3758    .text               c_w.l(rt_memclr.o)
    0x080003d4   0x080003d4   0x0000004e   Code   RO         3760    .text               c_w.l(rt_memclr_w.o)
    0x08000422   0x08000422   0x00000056   Code   RO         3762    .text               c_w.l(strncpy.o)
    0x08000478   0x08000478   0x00000006   Code   RO         3764    .text               c_w.l(heapauxi.o)
    0x0800047e   0x0800047e   0x00000064   Code   RO         3836    .text               c_w.l(rt_memcpy_w.o)
    0x080004e2   0x080004e2   0x00000002   PAD
    0x080004e4   0x080004e4   0x00000008   Code   RO         3896    .text               c_w.l(libspace.o)
    0x080004ec   0x080004ec   0x0000004a   Code   RO         3939    .text               c_w.l(sys_stackheap_outer.o)
    0x08000536   0x08000536   0x00000012   Code   RO         3947    .text               c_w.l(exit.o)
    0x08000548   0x08000548   0x0000000c   Code   RO         3963    .text               c_w.l(sys_exit.o)
    0x08000554   0x08000554   0x00000002   Code   RO         3965    .text               c_w.l(use_no_semi.o)
    0x08000556   0x08000556   0x00000000   Code   RO         3967    .text               c_w.l(indicate_semi.o)
    0x08000556   0x08000556   0x00000016   Code   RO          318    i.ADC_Cmd           ch32f10x_adc.o
    0x0800056c   0x0800056c   0x00000016   Code   RO          319    i.ADC_DMACmd        ch32f10x_adc.o
    0x08000582   0x08000582   0x00000002   PAD
    0x08000584   0x08000584   0x00000020   Code   RO          320    i.ADC_DeInit        ch32f10x_adc.o
    0x080005a4   0x080005a4   0x00000016   Code   RO          323    i.ADC_ExternalTrigConvCmd  ch32f10x_adc.o
    0x080005ba   0x080005ba   0x00000014   Code   RO          326    i.ADC_GetCalibrationStatus  ch32f10x_adc.o
    0x080005ce   0x080005ce   0x00000014   Code   RO          332    i.ADC_GetResetCalibrationStatus  ch32f10x_adc.o
    0x080005e2   0x080005e2   0x00000002   PAD
    0x080005e4   0x080005e4   0x00000050   Code   RO          336    i.ADC_Init          ch32f10x_adc.o
    0x08000634   0x08000634   0x000000b8   Code   RO          340    i.ADC_RegularChannelConfig  ch32f10x_adc.o
    0x080006ec   0x080006ec   0x0000000a   Code   RO          341    i.ADC_ResetCalibration  ch32f10x_adc.o
    0x080006f6   0x080006f6   0x00000016   Code   RO          343    i.ADC_SoftwareStartConvCmd  ch32f10x_adc.o
    0x0800070c   0x0800070c   0x0000000a   Code   RO          345    i.ADC_StartCalibration  ch32f10x_adc.o
    0x08000716   0x08000716   0x00000002   PAD
    0x08000718   0x08000718   0x00000028   Code   RO         3120    i.Adc2Voltage_mV    bsp_adc.o
    0x08000740   0x08000740   0x00000034   Code   RO         3105    i.AmpSD_GPIO_Init   beep.o
    0x08000774   0x08000774   0x000000f4   Code   RO         3121    i.BSP_ADC_Base_Init  bsp_adc.o
    0x08000868   0x08000868   0x00000010   Code   RO         3122    i.BSP_ADC_Init      bsp_adc.o
    0x08000878   0x08000878   0x00000024   Code   RO         3123    i.BSP_ADC_NVIC_Config  bsp_adc.o
    0x0800089c   0x0800089c   0x00000074   Code   RO         3124    i.BSP_DMA_ADC_Tx_Init  bsp_adc.o
    0x08000910   0x08000910   0x0000004c   Code   RO         3406    i.BSP_Flash_Read_Info  flash.o
    0x0800095c   0x0800095c   0x000000bc   Code   RO         3407    i.BSP_Flash_Write_Info  flash.o
    0x08000a18   0x08000a18   0x0000003c   Code   RO         3501    i.Battery_TP4056_GPIO_Init  battery.o
    0x08000a54   0x08000a54   0x00000004   Code   RO          151    i.BusFault_Handler  ch32f10x_it.o
    0x08000a58   0x08000a58   0x0000002c   Code   RO         3175    i.Button_Init       key.o
    0x08000a84   0x08000a84   0x000000a8   Code   RO         3176    i.Button_Scan       key.o
    0x08000b2c   0x08000b2c   0x00000020   Code   RO         3516    i.ClearStr          cw.o
    0x08000b4c   0x08000b4c   0x0000001a   Code   RO         3517    i.CopyStr           cw.o
    0x08000b66   0x08000b66   0x00000002   PAD
    0x08000b68   0x08000b68   0x00000070   Code   RO         3449    i.DAC1_DMA_Init     dac.o
    0x08000bd8   0x08000bd8   0x0000006c   Code   RO         3450    i.DAC_BUZZ_Init     dac.o
    0x08000c44   0x08000c44   0x00000028   Code   RO          821    i.DAC_Cmd           ch32f10x_dac.o
    0x08000c6c   0x08000c6c   0x0000002c   Code   RO          822    i.DAC_DMACmd        ch32f10x_dac.o
    0x08000c98   0x08000c98   0x00000034   Code   RO          825    i.DAC_Init          ch32f10x_dac.o
    0x08000ccc   0x08000ccc   0x00000014   Code   RO         3451    i.DAC_MUSIC_Init    dac.o
    0x08000ce0   0x08000ce0   0x00000040   Code   RO         3452    i.DAC_SetFreq       dac.o
    0x08000d20   0x08000d20   0x0000002c   Code   RO         3177    i.DKEY_Init         key.o
    0x08000d4c   0x08000d4c   0x00000124   Code   RO         3125    i.DMA1_Channel1_IRQHandler  bsp_adc.o
    0x08000e70   0x08000e70   0x0000001c   Code   RO          912    i.DMA_ClearITPendingBit  ch32f10x_dma.o
    0x08000e8c   0x08000e8c   0x00000018   Code   RO          913    i.DMA_Cmd           ch32f10x_dma.o
    0x08000ea4   0x08000ea4   0x0000014c   Code   RO          914    i.DMA_DeInit        ch32f10x_dma.o
    0x08000ff0   0x08000ff0   0x0000002c   Code   RO          917    i.DMA_GetITStatus   ch32f10x_dma.o
    0x0800101c   0x0800101c   0x00000012   Code   RO          918    i.DMA_ITConfig      ch32f10x_dma.o
    0x0800102e   0x0800102e   0x0000003c   Code   RO          919    i.DMA_Init          ch32f10x_dma.o
    0x0800106a   0x0800106a   0x0000001a   Code   RO          921    i.DMA_StructInit    ch32f10x_dma.o
    0x08001084   0x08001084   0x00000002   Code   RO          152    i.DebugMon_Handler  ch32f10x_it.o
    0x08001086   0x08001086   0x00000002   PAD
    0x08001088   0x08001088   0x00000044   Code   RO          266    i.Delay_Init        debug.o
    0x080010cc   0x080010cc   0x00000048   Code   RO         3453    i.EarPhone_WAVE     dac.o
    0x08001114   0x08001114   0x00000054   Code   RO         1037    i.FLASH_BufLoad     ch32f10x_flash.o
    0x08001168   0x08001168   0x00000038   Code   RO         1038    i.FLASH_BufReset    ch32f10x_flash.o
    0x080011a0   0x080011a0   0x00000048   Code   RO         1045    i.FLASH_ErasePage_Fast  ch32f10x_flash.o
    0x080011e8   0x080011e8   0x00000014   Code   RO         1057    i.FLASH_Lock_Fast   ch32f10x_flash.o
    0x080011fc   0x080011fc   0x00000048   Code   RO         1061    i.FLASH_ProgramPage_Fast  ch32f10x_flash.o
    0x08001244   0x08001244   0x00000020   Code   RO         1067    i.FLASH_Unlock_Fast  ch32f10x_flash.o
    0x08001264   0x08001264   0x00000116   Code   RO         1252    i.GPIO_Init         ch32f10x_gpio.o
    0x0800137a   0x0800137a   0x00000004   Code   RO         1259    i.GPIO_ResetBits    ch32f10x_gpio.o
    0x0800137e   0x0800137e   0x00000004   Code   RO         1260    i.GPIO_SetBits      ch32f10x_gpio.o
    0x08001382   0x08001382   0x0000001a   Code   RO         3518    i.GetCharFromMorseCode  cw.o
    0x0800139c   0x0800139c   0x0000012c   Code   RO          348    i.Get_CalibrationValue  ch32f10x_adc.o
    0x080014c8   0x080014c8   0x00000004   Code   RO          153    i.HardFault_Handler  ch32f10x_it.o
    0x080014cc   0x080014cc   0x00000084   Code   RO            1    i.HardWare_Init     main.o
    0x08001550   0x08001550   0x0000000e   Code   RO         3408    i.MakeValid_SendSpeed  flash.o
    0x0800155e   0x0800155e   0x0000000e   Code   RO         3409    i.MakeValid_Volume  flash.o
    0x0800156c   0x0800156c   0x00000004   Code   RO          154    i.MemManage_Handler  ch32f10x_it.o
    0x08001570   0x08001570   0x00000268   Code   RO         3519    i.MorseTree_Init    cw.o
    0x080017d8   0x080017d8   0x00000002   Code   RO          155    i.NMI_Handler       ch32f10x_it.o
    0x080017da   0x080017da   0x00000002   PAD
    0x080017dc   0x080017dc   0x00000070   Code   RO         1601    i.NVIC_Init         ch32f10x_misc.o
    0x0800184c   0x0800184c   0x00000014   Code   RO         1602    i.NVIC_PriorityGroupConfig  ch32f10x_misc.o
    0x08001860   0x08001860   0x00000028   Code   RO         3216    i.OLED_Clear        oled.o
    0x08001888   0x08001888   0x0000001c   Code   RO         3218    i.OLED_Display_On   oled.o
    0x080018a4   0x080018a4   0x0000001c   Code   RO         3603    i.OLED_DrawDah      oled_ui.o
    0x080018c0   0x080018c0   0x0000001c   Code   RO         3604    i.OLED_DrawDit      oled_ui.o
    0x080018dc   0x080018dc   0x00000068   Code   RO         3219    i.OLED_DrawPoint    oled.o
    0x08001944   0x08001944   0x00000050   Code   RO         3220    i.OLED_DrawRect     oled.o
    0x08001994   0x08001994   0x0000005a   Code   RO         3221    i.OLED_Fill         oled.o
    0x080019ee   0x080019ee   0x00000002   PAD
    0x080019f0   0x080019f0   0x00000130   Code   RO         3222    i.OLED_Init         oled.o
    0x08001b20   0x08001b20   0x0000004c   Code   RO         3223    i.OLED_Refresh_Gram  oled.o
    0x08001b6c   0x08001b6c   0x0000027c   Code   RO         3224    i.OLED_Show3FNum    oled.o
    0x08001de8   0x08001de8   0x0000007c   Code   RO         3225    i.OLED_ShowCH_16    oled.o
    0x08001e64   0x08001e64   0x000000d0   Code   RO         3226    i.OLED_ShowChar     oled.o
    0x08001f34   0x08001f34   0x000000b0   Code   RO         3227    i.OLED_ShowChar_2216  oled.o
    0x08001fe4   0x08001fe4   0x00000094   Code   RO         3229    i.OLED_ShowNum      oled.o
    0x08002078   0x08002078   0x0000005e   Code   RO         3230    i.OLED_ShowString   oled.o
    0x080020d6   0x080020d6   0x00000002   PAD
    0x080020d8   0x080020d8   0x00000080   Code   RO         3231    i.OLED_Show_MyPic1616  oled.o
    0x08002158   0x08002158   0x00000084   Code   RO         3232    i.OLED_Show_MyPic2012  oled.o
    0x080021dc   0x080021dc   0x00000090   Code   RO         3233    i.OLED_WR_Byte      oled.o
    0x0800226c   0x0800226c   0x00000002   Code   RO          156    i.PendSV_Handler    ch32f10x_it.o
    0x0800226e   0x0800226e   0x00000002   PAD
    0x08002270   0x08002270   0x00000018   Code   RO         1697    i.RCC_ADCCLKConfig  ch32f10x_rcc.o
    0x08002288   0x08002288   0x00000020   Code   RO         1698    i.RCC_AHBPeriphClockCmd  ch32f10x_rcc.o
    0x080022a8   0x080022a8   0x00000020   Code   RO         1699    i.RCC_APB1PeriphClockCmd  ch32f10x_rcc.o
    0x080022c8   0x080022c8   0x00000020   Code   RO         1701    i.RCC_APB2PeriphClockCmd  ch32f10x_rcc.o
    0x080022e8   0x080022e8   0x00000020   Code   RO         1702    i.RCC_APB2PeriphResetCmd  ch32f10x_rcc.o
    0x08002308   0x08002308   0x00000002   Code   RO          157    i.SVC_Handler       ch32f10x_it.o
    0x0800230a   0x0800230a   0x00000008   Code   RO          214    i.SetSysClock       system_ch32f10x.o
    0x08002312   0x08002312   0x00000002   PAD
    0x08002314   0x08002314   0x000000e0   Code   RO          215    i.SetSysClockTo72_HSE  system_ch32f10x.o
    0x080023f4   0x080023f4   0x00000016   Code   RO         3605    i.StrAppend         oled_ui.o
    0x0800240a   0x0800240a   0x00000028   Code   RO         1605    i.SysTick_CLKSourceConfig  ch32f10x_misc.o
    0x08002432   0x08002432   0x00000002   Code   RO          158    i.SysTick_Handler   ch32f10x_it.o
    0x08002434   0x08002434   0x00000060   Code   RO          217    i.SystemInit        system_ch32f10x.o
    0x08002494   0x08002494   0x000002f0   Code   RO         3347    i.TASK_BlindType    timer.o
    0x08002784   0x08002784   0x000001f8   Code   RO         3349    i.TASK_FreeType     timer.o
    0x0800297c   0x0800297c   0x00000390   Code   RO         3350    i.TASK_ListenType   timer.o
    0x08002d0c   0x08002d0c   0x0000031c   Code   RO         3351    i.TASK_RandType     timer.o
    0x08003028   0x08003028   0x00000070   Code   RO         3352    i.TIM1_TASK_Init    timer.o
    0x08003098   0x08003098   0x0000013c   Code   RO         3353    i.TIM1_UP_IRQHandler  timer.o
    0x080031d4   0x080031d4   0x00000040   Code   RO         3454    i.TIM3_DAC_Init     dac.o
    0x08003214   0x08003214   0x00000006   Code   RO         2142    i.TIM_ClearITPendingBit  ch32f10x_tim.o
    0x0800321a   0x0800321a   0x00000018   Code   RO         2147    i.TIM_Cmd           ch32f10x_tim.o
    0x08003232   0x08003232   0x00000022   Code   RO         2168    i.TIM_GetITStatus   ch32f10x_tim.o
    0x08003254   0x08003254   0x00000012   Code   RO         2172    i.TIM_ITConfig      ch32f10x_tim.o
    0x08003266   0x08003266   0x00000012   Code   RO         2204    i.TIM_SelectOutputTrigger  ch32f10x_tim.o
    0x08003278   0x08003278   0x00000058   Code   RO         2218    i.TIM_TimeBaseInit  ch32f10x_tim.o
    0x080032d0   0x080032d0   0x00000090   Code   RO         3606    i.UI_AutoSaveSetting  oled_ui.o
    0x08003360   0x08003360   0x00000118   Code   RO         3607    i.UI_DrawBattery    oled_ui.o
    0x08003478   0x08003478   0x00000060   Code   RO         3608    i.UI_DrawDitDah     oled_ui.o
    0x080034d8   0x080034d8   0x00000030   Code   RO         3609    i.UI_EarPhoneCheck  oled_ui.o
    0x08003508   0x08003508   0x00000058   Code   RO         3610    i.UI_MorceCode      oled_ui.o
    0x08003560   0x08003560   0x00000062   Code   RO         3611    i.UI_SendSpeedDisplay  oled_ui.o
    0x080035c2   0x080035c2   0x00000002   PAD
    0x080035c4   0x080035c4   0x000000c8   Code   RO         3612    i.UI_ShowMode       oled_ui.o
    0x0800368c   0x0800368c   0x00000062   Code   RO         3614    i.UI_VolumeDisplay  oled_ui.o
    0x080036ee   0x080036ee   0x00000002   PAD
    0x080036f0   0x080036f0   0x0000001c   Code   RO         3410    i.Update_System_Setting  flash.o
    0x0800370c   0x0800370c   0x00000004   Code   RO          159    i.UsageFault_Handler  ch32f10x_it.o
    0x08003710   0x08003710   0x00000034   Code   RO         3520    i.createMorseTree   cw.o
    0x08003744   0x08003744   0x0000004c   Code   RO          268    i.delay_ms          debug.o
    0x08003790   0x08003790   0x0000001c   Code   RO         3522    i.generate_random_number  cw.o
    0x080037ac   0x080037ac   0x0000004a   Code   RO         3523    i.insertMorseCode   cw.o
    0x080037f6   0x080037f6   0x00000002   PAD
    0x080037f8   0x080037f8   0x00000044   Code   RO         3524    i.letter2MorseCode  cw.o
    0x0800383c   0x0800383c   0x00000026   Code   RO         3525    i.letter2num        cw.o
    0x08003862   0x08003862   0x00000002   PAD
    0x08003864   0x08003864   0x00000520   Code   RO            2    i.main              main.o
    0x08003d84   0x08003d84   0x00000020   Code   RO         3126    i.my_fabs           bsp_adc.o
    0x08003da4   0x08003da4   0x00000016   Code   RO         3234    i.mypow             oled.o
    0x08003dba   0x08003dba   0x00000022   Code   RO         3526    i.num2letter        cw.o
    0x08003ddc   0x08003ddc   0x00000034   Code   RO         3527    i.searchMorseCode   cw.o
    0x08003e10   0x08003e10   0x00000062   Code   RO         3768    x$fpl$d2f           fz_ws.l(d2f.o)
    0x08003e72   0x08003e72   0x00000018   Code   RO         3883    x$fpl$dcmpinf       fz_ws.l(dcmpi.o)
    0x08003e8a   0x08003e8a   0x00000002   PAD
    0x08003e8c   0x08003e8c   0x00000078   Code   RO         3770    x$fpl$dleqf         fz_ws.l(dleqf.o)
    0x08003f04   0x08003f04   0x00000154   Code   RO         3772    x$fpl$dmul          fz_ws.l(dmul.o)
    0x08004058   0x08004058   0x0000009c   Code   RO         3885    x$fpl$dnaninf       fz_ws.l(dnaninf.o)
    0x080040f4   0x080040f4   0x0000000c   Code   RO         3887    x$fpl$dretinf       fz_ws.l(dretinf.o)
    0x08004100   0x08004100   0x00000056   Code   RO         3774    x$fpl$f2d           fz_ws.l(f2d.o)
    0x08004156   0x08004156   0x00000002   PAD
    0x08004158   0x08004158   0x000000c4   Code   RO         3776    x$fpl$fadd          fz_ws.l(faddsub_clz.o)
    0x0800421c   0x0800421c   0x00000018   Code   RO         3889    x$fpl$fcmpinf       fz_ws.l(fcmpi.o)
    0x08004234   0x08004234   0x00000184   Code   RO         3783    x$fpl$fdiv          fz_ws.l(fdiv.o)
    0x080043b8   0x080043b8   0x00000036   Code   RO         3786    x$fpl$ffix          fz_ws.l(ffix.o)
    0x080043ee   0x080043ee   0x00000002   PAD
    0x080043f0   0x080043f0   0x0000003e   Code   RO         3790    x$fpl$ffixu         fz_ws.l(ffixu.o)
    0x0800442e   0x0800442e   0x00000002   PAD
    0x08004430   0x08004430   0x00000030   Code   RO         3795    x$fpl$fflt          fz_ws.l(fflt_clz.o)
    0x08004460   0x08004460   0x00000068   Code   RO         3800    x$fpl$fleqf         fz_ws.l(fleqf.o)
    0x080044c8   0x080044c8   0x00000102   Code   RO         3802    x$fpl$fmul          fz_ws.l(fmul.o)
    0x080045ca   0x080045ca   0x0000008c   Code   RO         3891    x$fpl$fnaninf       fz_ws.l(fnaninf.o)
    0x08004656   0x08004656   0x0000000a   Code   RO         3893    x$fpl$fretinf       fz_ws.l(fretinf.o)
    0x08004660   0x08004660   0x00000062   Code   RO         3804    x$fpl$frleqf        fz_ws.l(frleqf.o)
    0x080046c2   0x080046c2   0x00000002   PAD
    0x080046c4   0x080046c4   0x000000ea   Code   RO         3778    x$fpl$fsub          fz_ws.l(faddsub_clz.o)
    0x080047ae   0x080047ae   0x00000000   Code   RO         3895    x$fpl$usenofp       fz_ws.l(usenofp.o)
    0x080047ae   0x080047ae   0x00000002   PAD
    0x080047b0   0x080047b0   0x00000024   Data   RO            3    .constdata          main.o
    0x080047d4   0x080047d4   0x000019a8   Data   RO         3236    .constdata          oled.o
    0x0800617c   0x0800617c   0x00000135   Data   RO         3529    .conststring        cw.o
    0x080062b1   0x080062b1   0x00000003   PAD
    0x080062b4   0x080062b4   0x00000020   Data   RO         4024    Region$$Table       anon$$obj.o


    Execution Region RW_IRAM1 (Exec base: 0x20000000, Load base: 0x080062d4, Size: 0x000014e0, Max: 0x00005000, ABSOLUTE, COMPRESSED[0x00000368])

    Exec Addr    Load Addr    Size         Type   Attr      Idx    E Section Name        Object

    0x20000000   COMPRESSED   0x00000003   Data   RW            4    .data               main.o
    0x20000003   COMPRESSED   0x00000001   PAD
    0x20000004   COMPRESSED   0x00000014   Data   RW          218    .data               system_ch32f10x.o
    0x20000018   COMPRESSED   0x00000008   Data   RW          271    .data               debug.o
    0x20000020   COMPRESSED   0x00000024   Data   RW         3128    .data               bsp_adc.o
    0x20000044   COMPRESSED   0x00000017   Data   RW         3178    .data               key.o
    0x2000005b   COMPRESSED   0x000002cc   Data   RW         3237    .data               oled.o
    0x20000327   COMPRESSED   0x00000001   PAD
    0x20000328   COMPRESSED   0x000000a2   Data   RW         3355    .data               timer.o
    0x200003ca   COMPRESSED   0x00000080   Data   RW         3412    .data               flash.o
    0x2000044a   COMPRESSED   0x00000078   Data   RW         3456    .data               dac.o
    0x200004c2   COMPRESSED   0x00000002   PAD
    0x200004c4   COMPRESSED   0x000000c7   Data   RW         3530    .data               cw.o
    0x2000058b   COMPRESSED   0x00000001   PAD
    0x2000058c   COMPRESSED   0x00000002   Data   RW         3615    .data               oled_ui.o
    0x2000058e   COMPRESSED   0x00000002   PAD
    0x20000590        -       0x00000050   Zero   RW         3127    .bss                bsp_adc.o
    0x200005e0        -       0x00000400   Zero   RW         3235    .bss                oled.o
    0x200009e0        -       0x00000014   Zero   RW         3354    .bss                timer.o
    0x200009f4        -       0x00000080   Zero   RW         3411    .bss                flash.o
    0x20000a74        -       0x00000028   Zero   RW         3455    .bss                dac.o
    0x20000a9c        -       0x00000300   Zero   RW         3528    .bss                cw.o
    0x20000d9c        -       0x000000e4   Zero   RW         3749    .bss                c_w.l(rand.o)
    0x20000e80        -       0x00000060   Zero   RW         3897    .bss                c_w.l(libspace.o)
    0x20000ee0        -       0x00000200   Zero   RW          249    HEAP                startup_ch32f10x.o
    0x200010e0        -       0x00000400   Zero   RW          248    STACK               startup_ch32f10x.o


==============================================================================

Image component sizes


      Code (inc. data)   RO Data    RW Data    ZI Data      Debug   Object Name

        60          8          0          0          0        527   battery.o
        52          8          0          0          0        494   beep.o
       776         82          0         36         80       5051   bsp_adc.o
       744         14          0          0          0       9623   ch32f10x_adc.o
       136         18          0          0          0       2414   ch32f10x_dac.o
       532         26          0          0          0       5600   ch32f10x_dma.o
       336         50          0          0          0       3363   ch32f10x_flash.o
       286          0          0          0          0       3100   ch32f10x_gpio.o
        26          0          0          0          0       3842   ch32f10x_it.o
       172         22          0          0          0       2209   ch32f10x_misc.o
       152         30          0          0          0       2914   ch32f10x_rcc.o
       188         14          0          0          0       4188   ch32f10x_tim.o
      1046        264        309        199        768       8546   cw.o
       440         44          0        120         40       4132   dac.o
       144         22          0          8          0       2782   debug.o
       320         42          0        128        128       3884   flash.o
       256         30          0         23          0       2037   key.o
      1444        232         36          3          0     195945   main.o
      2534         72       6568        716       1024      13686   oled.o
      1130         88          0          2          0       6237   oled_ui.o
        64         26        240          0       1536        844   startup_ch32f10x.o
       328         28          0         20          0       2181   system_ch32f10x.o
      3392        438          0        162         20       7357   timer.o

    ----------------------------------------------------------------------
     14586       1558       7188       1424       3596     290956   Object Totals
         0          0         32          0          0          0   (incl. Generated)
        28          0          3          7          0          0   (incl. Padding)

    ----------------------------------------------------------------------

      Code (inc. data)   RO Data    RW Data    ZI Data      Debug   Library Member Name

        90          0          0          0          0          0   __dczerorl2.o
         8          0          0          0          0         68   __main.o
         0          0          0          0          0          0   __rtentry.o
        12          0          0          0          0          0   __rtentry2.o
         6          0          0          0          0          0   __rtentry4.o
        52          8          0          0          0          0   __scatter.o
        28          0          0          0          0          0   __scatter_zi.o
        18          0          0          0          0         80   exit.o
         6          0          0          0          0        152   heapauxi.o
         0          0          0          0          0          0   indicate_semi.o
         2          0          0          0          0          0   libinit.o
         6          0          0          0          0          0   libinit2.o
         2          0          0          0          0          0   libshutdown.o
         2          0          0          0          0          0   libshutdown2.o
         8          4          0          0         96         68   libspace.o
       112         18          0          0        228        160   rand.o
        68          0          0          0          0         68   rt_memclr.o
        78          0          0          0          0         80   rt_memclr_w.o
       138          0          0          0          0         68   rt_memcpy_v6.o
       100          0          0          0          0         80   rt_memcpy_w.o
         2          0          0          0          0          0   rtexit.o
        10          0          0          0          0          0   rtexit2.o
        72          0          0          0          0         80   strcpy.o
        62          0          0          0          0         76   strlen.o
        86          0          0          0          0         76   strncpy.o
        12          4          0          0          0         68   sys_exit.o
        74          0          0          0          0         80   sys_stackheap_outer.o
         2          0          0          0          0         68   use_no_semi.o
        98          4          0          0          0         92   d2f.o
        24          0          0          0          0         68   dcmpi.o
       120          4          0          0          0         92   dleqf.o
       340         12          0          0          0        104   dmul.o
       156          4          0          0          0         92   dnaninf.o
        12          0          0          0          0         68   dretinf.o
        86          4          0          0          0         84   f2d.o
       430          8          0          0          0        168   faddsub_clz.o
        24          0          0          0          0         68   fcmpi.o
       388         76          0          0          0         96   fdiv.o
        54          4          0          0          0         84   ffix.o
        62          4          0          0          0         84   ffixu.o
        48          0          0          0          0         68   fflt_clz.o
       104          4          0          0          0         84   fleqf.o
       258          4          0          0          0         84   fmul.o
       140          4          0          0          0         84   fnaninf.o
        10          0          0          0          0         68   fretinf.o
        98          0          0          0          0         68   frleqf.o
         0          0          0          0          0          0   usenofp.o

    ----------------------------------------------------------------------
      3526        166          0          0        324       2828   Library Totals
        18          0          0          0          0          0   (incl. Padding)

    ----------------------------------------------------------------------

      Code (inc. data)   RO Data    RW Data    ZI Data      Debug   Library Name

      1056         34          0          0        324       1272   c_w.l
      2452        132          0          0          0       1556   fz_ws.l

    ----------------------------------------------------------------------
      3526        166          0          0        324       2828   Library Totals

    ----------------------------------------------------------------------

==============================================================================


      Code (inc. data)   RO Data    RW Data    ZI Data      Debug   

     18112       1724       7188       1424       3920     285668   Grand Totals
     18112       1724       7188        872       3920     285668   ELF Image Totals (compressed)
     18112       1724       7188        872          0          0   ROM Totals

==============================================================================

    Total RO  Size (Code + RO Data)                25300 (  24.71kB)
    Total RW  Size (RW Data + ZI Data)              5344 (   5.22kB)
    Total ROM Size (Code + RO Data + RW Data)      26172 (  25.56kB)

==============================================================================

